// Validating benchmarks:
// ***** BenchmarkRunner: Start   *****
// ***** Found 8 benchmark(s) in total *****
// ***** Building 1 exe(s) in Parallel: Start   *****
// start dotnet  restore --nodeReuse:false /p:UseSharedCompilation=false /p:Deterministic=true /p:Optimize=true /p:ArtifactsPath="/var/home/linus/Programmering/c#/Set/Benchmarks/bin/Release/net10.0/Benchmarks-DefaultJob-1/" /p:OutDir="/var/home/linus/Programmering/c#/Set/Benchmarks/bin/Release/net10.0/Benchmarks-DefaultJob-1/bin/Release/net10.0/" /p:OutputPath="/var/home/linus/Programmering/c#/Set/Benchmarks/bin/Release/net10.0/Benchmarks-DefaultJob-1/bin/Release/net10.0/" /p:PublishDir="/var/home/linus/Programmering/c#/Set/Benchmarks/bin/Release/net10.0/Benchmarks-DefaultJob-1/publish/" in /var/home/linus/Programmering/c#/Set/Benchmarks/bin/Release/net10.0/Benchmarks-DefaultJob-1
// command took 0.74 sec and exited with 0
// start dotnet  build -c Release --no-restore --nodeReuse:false /p:UseSharedCompilation=false /p:Deterministic=true /p:Optimize=true /p:ArtifactsPath="/var/home/linus/Programmering/c#/Set/Benchmarks/bin/Release/net10.0/Benchmarks-DefaultJob-1/" /p:OutDir="/var/home/linus/Programmering/c#/Set/Benchmarks/bin/Release/net10.0/Benchmarks-DefaultJob-1/bin/Release/net10.0/" /p:OutputPath="/var/home/linus/Programmering/c#/Set/Benchmarks/bin/Release/net10.0/Benchmarks-DefaultJob-1/bin/Release/net10.0/" /p:PublishDir="/var/home/linus/Programmering/c#/Set/Benchmarks/bin/Release/net10.0/Benchmarks-DefaultJob-1/publish/" --output "/var/home/linus/Programmering/c#/Set/Benchmarks/bin/Release/net10.0/Benchmarks-DefaultJob-1/bin/Release/net10.0/" in /var/home/linus/Programmering/c#/Set/Benchmarks/bin/Release/net10.0/Benchmarks-DefaultJob-1
// command took 5.62 sec and exited with 0
// ***** Done, took 00:00:06 (6.39 sec)   *****
// Found 8 benchmarks:
//   SetBenchmarks.Add_Champ: DefaultJob
//   SetBenchmarks.Add_MS: DefaultJob
//   SetBenchmarks.Add_LangExt: DefaultJob
//   SetBenchmarks.Builder_Champ: DefaultJob
//   SetBenchmarks.Builder_MS: DefaultJob
//   SetBenchmarks.Contains_Champ: DefaultJob
//   SetBenchmarks.Contains_MS: DefaultJob
//   SetBenchmarks.Contains_LangExt: DefaultJob

// **************************
// Benchmark: SetBenchmarks.Add_Champ: DefaultJob
// *** Execute ***
// Launch: 1 / 1
// Execute: dotnet Benchmarks-DefaultJob-1.dll --anonymousPipes 174 175 --benchmarkName Benchmarks.SetBenchmarks.Add_Champ --job Default --benchmarkId 0 in /var/home/linus/Programmering/c#/Set/Benchmarks/bin/Release/net10.0/Benchmarks-DefaultJob-1/bin/Release/net10.0
// Failed to set up high priority (Permission denied). In order to run benchmarks with high priority, make sure you have the right permissions.
// BeforeAnythingElse

// Benchmark Process Environment Information:
// BenchmarkDotNet v0.15.8
// Runtime=.NET 10.0.7 (10.0.7, 10.0.726.21808), X64 RyuJIT x86-64-v4
// GC=Concurrent Workstation
// HardwareIntrinsics=AVX512 BITALG+VBMI2+VNNI+VPOPCNTDQ,AVX512 IFMA+VBMI,AVX512 F+BW+CD+DQ+VL,AVX2+BMI1+BMI2+F16C+FMA+LZCNT+MOVBE,AVX,SSE3+SSSE3+SSE4.1+SSE4.2+POPCNT,X86Base+SSE+SSE2,AES+PCLMUL VectorSize=256
// Job: DefaultJob

OverheadJitting  1: 1 op, 159518.00 ns, 159.5180 us/op
WorkloadJitting  1: 1 op, 21147040.00 ns, 21.1470 ms/op

OverheadJitting  2: 16 op, 348057.00 ns, 21.7536 us/op
WorkloadJitting  2: 16 op, 241426274.00 ns, 15.0891 ms/op

WorkloadPilot    1: 16 op, 203828561.00 ns, 12.7393 ms/op
WorkloadPilot    2: 32 op, 406027468.00 ns, 12.6884 ms/op
WorkloadPilot    3: 64 op, 869879037.00 ns, 13.5919 ms/op

OverheadWarmup   1: 64 op, 2360.00 ns, 36.8750 ns/op
OverheadWarmup   2: 64 op, 880.00 ns, 13.7500 ns/op
OverheadWarmup   3: 64 op, 1530.00 ns, 23.9063 ns/op
OverheadWarmup   4: 64 op, 970.00 ns, 15.1563 ns/op
OverheadWarmup   5: 64 op, 740.00 ns, 11.5625 ns/op
OverheadWarmup   6: 64 op, 790.00 ns, 12.3438 ns/op
OverheadWarmup   7: 64 op, 760.00 ns, 11.8750 ns/op

OverheadActual   1: 64 op, 1150.00 ns, 17.9688 ns/op
OverheadActual   2: 64 op, 770.00 ns, 12.0313 ns/op
OverheadActual   3: 64 op, 1000.00 ns, 15.6250 ns/op
OverheadActual   4: 64 op, 930.00 ns, 14.5313 ns/op
OverheadActual   5: 64 op, 1240.00 ns, 19.3750 ns/op
OverheadActual   6: 64 op, 850.00 ns, 13.2813 ns/op
OverheadActual   7: 64 op, 700.00 ns, 10.9375 ns/op
OverheadActual   8: 64 op, 740.00 ns, 11.5625 ns/op
OverheadActual   9: 64 op, 550.00 ns, 8.5938 ns/op
OverheadActual  10: 64 op, 740.00 ns, 11.5625 ns/op
OverheadActual  11: 64 op, 670.00 ns, 10.4688 ns/op
OverheadActual  12: 64 op, 850.00 ns, 13.2813 ns/op
OverheadActual  13: 64 op, 1040.00 ns, 16.2500 ns/op
OverheadActual  14: 64 op, 1140.00 ns, 17.8125 ns/op
OverheadActual  15: 64 op, 1050.00 ns, 16.4063 ns/op
OverheadActual  16: 64 op, 790.00 ns, 12.3438 ns/op
OverheadActual  17: 64 op, 880.00 ns, 13.7500 ns/op
OverheadActual  18: 64 op, 1590.00 ns, 24.8438 ns/op
OverheadActual  19: 64 op, 1050.00 ns, 16.4063 ns/op
OverheadActual  20: 64 op, 770.00 ns, 12.0313 ns/op

WorkloadWarmup   1: 64 op, 902395635.00 ns, 14.0999 ms/op
WorkloadWarmup   2: 64 op, 925805085.00 ns, 14.4657 ms/op
WorkloadWarmup   3: 64 op, 887639877.00 ns, 13.8694 ms/op
WorkloadWarmup   4: 64 op, 818289749.00 ns, 12.7858 ms/op
WorkloadWarmup   5: 64 op, 803532851.00 ns, 12.5552 ms/op
WorkloadWarmup   6: 64 op, 853204855.00 ns, 13.3313 ms/op
WorkloadWarmup   7: 64 op, 896037312.00 ns, 14.0006 ms/op
WorkloadWarmup   8: 64 op, 911397543.00 ns, 14.2406 ms/op
WorkloadWarmup   9: 64 op, 910017156.00 ns, 14.2190 ms/op

// BeforeActualRun
WorkloadActual   1: 64 op, 879527530.00 ns, 13.7426 ms/op
WorkloadActual   2: 64 op, 865382777.00 ns, 13.5216 ms/op
WorkloadActual   3: 64 op, 814311995.00 ns, 12.7236 ms/op
WorkloadActual   4: 64 op, 840282071.00 ns, 13.1294 ms/op
WorkloadActual   5: 64 op, 809447208.00 ns, 12.6476 ms/op
WorkloadActual   6: 64 op, 806632893.00 ns, 12.6036 ms/op
WorkloadActual   7: 64 op, 822125055.00 ns, 12.8457 ms/op
WorkloadActual   8: 64 op, 809804675.00 ns, 12.6532 ms/op
WorkloadActual   9: 64 op, 807162019.00 ns, 12.6119 ms/op
WorkloadActual  10: 64 op, 815918470.00 ns, 12.7487 ms/op
WorkloadActual  11: 64 op, 824683931.00 ns, 12.8857 ms/op
WorkloadActual  12: 64 op, 802662849.00 ns, 12.5416 ms/op
WorkloadActual  13: 64 op, 804675271.00 ns, 12.5731 ms/op
WorkloadActual  14: 64 op, 827164749.00 ns, 12.9244 ms/op
WorkloadActual  15: 64 op, 838816535.00 ns, 13.1065 ms/op
WorkloadActual  16: 64 op, 803214704.00 ns, 12.5502 ms/op
WorkloadActual  17: 64 op, 856298948.00 ns, 13.3797 ms/op
WorkloadActual  18: 64 op, 887688247.00 ns, 13.8701 ms/op
WorkloadActual  19: 64 op, 846869952.00 ns, 13.2323 ms/op
WorkloadActual  20: 64 op, 885272588.00 ns, 13.8324 ms/op
WorkloadActual  21: 64 op, 902093838.00 ns, 14.0952 ms/op
WorkloadActual  22: 64 op, 901404733.00 ns, 14.0844 ms/op
WorkloadActual  23: 64 op, 876104680.00 ns, 13.6891 ms/op
WorkloadActual  24: 64 op, 889515420.00 ns, 13.8987 ms/op
WorkloadActual  25: 64 op, 889607419.00 ns, 13.9001 ms/op
WorkloadActual  26: 64 op, 897165277.00 ns, 14.0182 ms/op
WorkloadActual  27: 64 op, 875395734.00 ns, 13.6781 ms/op
WorkloadActual  28: 64 op, 878390240.00 ns, 13.7248 ms/op
WorkloadActual  29: 64 op, 895526627.00 ns, 13.9926 ms/op
WorkloadActual  30: 64 op, 895542207.00 ns, 13.9928 ms/op
WorkloadActual  31: 64 op, 879720449.00 ns, 13.7456 ms/op
WorkloadActual  32: 64 op, 854290862.00 ns, 13.3483 ms/op
WorkloadActual  33: 64 op, 809958131.00 ns, 12.6556 ms/op
WorkloadActual  34: 64 op, 804363609.00 ns, 12.5682 ms/op
WorkloadActual  35: 64 op, 819562849.00 ns, 12.8057 ms/op
WorkloadActual  36: 64 op, 807421404.00 ns, 12.6160 ms/op
WorkloadActual  37: 64 op, 811536499.00 ns, 12.6803 ms/op
WorkloadActual  38: 64 op, 807427464.00 ns, 12.6161 ms/op
WorkloadActual  39: 64 op, 802950841.00 ns, 12.5461 ms/op
WorkloadActual  40: 64 op, 797597598.00 ns, 12.4625 ms/op
WorkloadActual  41: 64 op, 785677354.00 ns, 12.2762 ms/op
WorkloadActual  42: 64 op, 799084885.00 ns, 12.4857 ms/op
WorkloadActual  43: 64 op, 843521766.00 ns, 13.1800 ms/op
WorkloadActual  44: 64 op, 868889193.00 ns, 13.5764 ms/op
WorkloadActual  45: 64 op, 838846933.00 ns, 13.1070 ms/op
WorkloadActual  46: 64 op, 859356245.00 ns, 13.4274 ms/op
WorkloadActual  47: 64 op, 904052456.00 ns, 14.1258 ms/op
WorkloadActual  48: 64 op, 901265960.00 ns, 14.0823 ms/op
WorkloadActual  49: 64 op, 871371009.00 ns, 13.6152 ms/op
WorkloadActual  50: 64 op, 844249256.00 ns, 13.1914 ms/op
WorkloadActual  51: 64 op, 891553283.00 ns, 13.9305 ms/op
WorkloadActual  52: 64 op, 875087314.00 ns, 13.6732 ms/op
WorkloadActual  53: 64 op, 849134900.00 ns, 13.2677 ms/op
WorkloadActual  54: 64 op, 820287367.00 ns, 12.8170 ms/op
WorkloadActual  55: 64 op, 868851533.00 ns, 13.5758 ms/op
WorkloadActual  56: 64 op, 900404981.00 ns, 14.0688 ms/op
WorkloadActual  57: 64 op, 877336741.00 ns, 13.7084 ms/op

// AfterActualRun
WorkloadResult   1: 64 op, 879526665.00 ns, 13.7426 ms/op
WorkloadResult   2: 64 op, 865381912.00 ns, 13.5216 ms/op
WorkloadResult   3: 64 op, 814311130.00 ns, 12.7236 ms/op
WorkloadResult   4: 64 op, 840281206.00 ns, 13.1294 ms/op
WorkloadResult   5: 64 op, 809446343.00 ns, 12.6476 ms/op
WorkloadResult   6: 64 op, 806632028.00 ns, 12.6036 ms/op
WorkloadResult   7: 64 op, 822124190.00 ns, 12.8457 ms/op
WorkloadResult   8: 64 op, 809803810.00 ns, 12.6532 ms/op
WorkloadResult   9: 64 op, 807161154.00 ns, 12.6119 ms/op
WorkloadResult  10: 64 op, 815917605.00 ns, 12.7487 ms/op
WorkloadResult  11: 64 op, 824683066.00 ns, 12.8857 ms/op
WorkloadResult  12: 64 op, 802661984.00 ns, 12.5416 ms/op
WorkloadResult  13: 64 op, 804674406.00 ns, 12.5730 ms/op
WorkloadResult  14: 64 op, 827163884.00 ns, 12.9244 ms/op
WorkloadResult  15: 64 op, 838815670.00 ns, 13.1065 ms/op
WorkloadResult  16: 64 op, 803213839.00 ns, 12.5502 ms/op
WorkloadResult  17: 64 op, 856298083.00 ns, 13.3797 ms/op
WorkloadResult  18: 64 op, 887687382.00 ns, 13.8701 ms/op
WorkloadResult  19: 64 op, 846869087.00 ns, 13.2323 ms/op
WorkloadResult  20: 64 op, 885271723.00 ns, 13.8324 ms/op
WorkloadResult  21: 64 op, 902092973.00 ns, 14.0952 ms/op
WorkloadResult  22: 64 op, 901403868.00 ns, 14.0844 ms/op
WorkloadResult  23: 64 op, 876103815.00 ns, 13.6891 ms/op
WorkloadResult  24: 64 op, 889514555.00 ns, 13.8987 ms/op
WorkloadResult  25: 64 op, 889606554.00 ns, 13.9001 ms/op
WorkloadResult  26: 64 op, 897164412.00 ns, 14.0182 ms/op
WorkloadResult  27: 64 op, 875394869.00 ns, 13.6780 ms/op
WorkloadResult  28: 64 op, 878389375.00 ns, 13.7248 ms/op
WorkloadResult  29: 64 op, 895525762.00 ns, 13.9926 ms/op
WorkloadResult  30: 64 op, 895541342.00 ns, 13.9928 ms/op
WorkloadResult  31: 64 op, 879719584.00 ns, 13.7456 ms/op
WorkloadResult  32: 64 op, 854289997.00 ns, 13.3483 ms/op
WorkloadResult  33: 64 op, 809957266.00 ns, 12.6556 ms/op
WorkloadResult  34: 64 op, 804362744.00 ns, 12.5682 ms/op
WorkloadResult  35: 64 op, 819561984.00 ns, 12.8057 ms/op
WorkloadResult  36: 64 op, 807420539.00 ns, 12.6159 ms/op
WorkloadResult  37: 64 op, 811535634.00 ns, 12.6802 ms/op
WorkloadResult  38: 64 op, 807426599.00 ns, 12.6160 ms/op
WorkloadResult  39: 64 op, 802949976.00 ns, 12.5461 ms/op
WorkloadResult  40: 64 op, 797596733.00 ns, 12.4624 ms/op
WorkloadResult  41: 64 op, 785676489.00 ns, 12.2762 ms/op
WorkloadResult  42: 64 op, 799084020.00 ns, 12.4857 ms/op
WorkloadResult  43: 64 op, 843520901.00 ns, 13.1800 ms/op
WorkloadResult  44: 64 op, 868888328.00 ns, 13.5764 ms/op
WorkloadResult  45: 64 op, 838846068.00 ns, 13.1070 ms/op
WorkloadResult  46: 64 op, 859355380.00 ns, 13.4274 ms/op
WorkloadResult  47: 64 op, 904051591.00 ns, 14.1258 ms/op
WorkloadResult  48: 64 op, 901265095.00 ns, 14.0823 ms/op
WorkloadResult  49: 64 op, 871370144.00 ns, 13.6152 ms/op
WorkloadResult  50: 64 op, 844248391.00 ns, 13.1914 ms/op
WorkloadResult  51: 64 op, 891552418.00 ns, 13.9305 ms/op
WorkloadResult  52: 64 op, 875086449.00 ns, 13.6732 ms/op
WorkloadResult  53: 64 op, 849134035.00 ns, 13.2677 ms/op
WorkloadResult  54: 64 op, 820286502.00 ns, 12.8170 ms/op
WorkloadResult  55: 64 op, 868850668.00 ns, 13.5758 ms/op
WorkloadResult  56: 64 op, 900404116.00 ns, 14.0688 ms/op
WorkloadResult  57: 64 op, 877335876.00 ns, 13.7084 ms/op
// GC:  340 108 4 5624040192 64
// Threading:  0 0 64

// AfterAll
// Benchmark Process 178432 has exited with code 0.

Mean = 13.252 ms, StdErr = 0.075 ms (0.57%), N = 57, StdDev = 0.570 ms
Min = 12.276 ms, Q1 = 12.656 ms, Median = 13.232 ms, Q3 = 13.743 ms, Max = 14.126 ms
IQR = 1.087 ms, LowerFence = 11.025 ms, UpperFence = 15.373 ms
ConfidenceInterval = [12.990 ms; 13.514 ms] (CI 99.9%), Margin = 0.262 ms (1.98% of Mean)
Skewness = 0.03, Kurtosis = 1.48, MValue = 2.83

// ** Remained 7 (87.5%) benchmark(s) to run. Estimated finish 2026-08-19 8:44 (0h 7m from now) **
// **************************
// Benchmark: SetBenchmarks.Add_MS: DefaultJob
// *** Execute ***
// Launch: 1 / 1
// Execute: dotnet Benchmarks-DefaultJob-1.dll --anonymousPipes 174 175 --benchmarkName Benchmarks.SetBenchmarks.Add_MS --job Default --benchmarkId 1 in /var/home/linus/Programmering/c#/Set/Benchmarks/bin/Release/net10.0/Benchmarks-DefaultJob-1/bin/Release/net10.0
// Failed to set up high priority (Permission denied). In order to run benchmarks with high priority, make sure you have the right permissions.
// BeforeAnythingElse

// Benchmark Process Environment Information:
// BenchmarkDotNet v0.15.8
// Runtime=.NET 10.0.7 (10.0.7, 10.0.726.21808), X64 RyuJIT x86-64-v4
// GC=Concurrent Workstation
// HardwareIntrinsics=AVX512 BITALG+VBMI2+VNNI+VPOPCNTDQ,AVX512 IFMA+VBMI,AVX512 F+BW+CD+DQ+VL,AVX2+BMI1+BMI2+F16C+FMA+LZCNT+MOVBE,AVX,SSE3+SSSE3+SSE4.1+SSE4.2+POPCNT,X86Base+SSE+SSE2,AES+PCLMUL VectorSize=256
// Job: DefaultJob

OverheadJitting  1: 1 op, 167630.00 ns, 167.6300 us/op
WorkloadJitting  1: 1 op, 37106431.00 ns, 37.1064 ms/op

WorkloadPilot    1: 2 op, 58797382.00 ns, 29.3987 ms/op
WorkloadPilot    2: 3 op, 87791073.00 ns, 29.2637 ms/op
WorkloadPilot    3: 4 op, 118074162.00 ns, 29.5185 ms/op
WorkloadPilot    4: 5 op, 146017525.00 ns, 29.2035 ms/op
WorkloadPilot    5: 6 op, 165314280.00 ns, 27.5524 ms/op
WorkloadPilot    6: 7 op, 202735880.00 ns, 28.9623 ms/op
WorkloadPilot    7: 8 op, 232425520.00 ns, 29.0532 ms/op
WorkloadPilot    8: 9 op, 261178592.00 ns, 29.0198 ms/op
WorkloadPilot    9: 10 op, 297958653.00 ns, 29.7959 ms/op
WorkloadPilot   10: 11 op, 323418940.00 ns, 29.4017 ms/op
WorkloadPilot   11: 12 op, 356557175.00 ns, 29.7131 ms/op
WorkloadPilot   12: 13 op, 387214245.00 ns, 29.7857 ms/op
WorkloadPilot   13: 14 op, 404239652.00 ns, 28.8743 ms/op
WorkloadPilot   14: 15 op, 450052010.00 ns, 30.0035 ms/op
WorkloadPilot   15: 16 op, 471390832.00 ns, 29.4619 ms/op
WorkloadPilot   16: 32 op, 976642069.00 ns, 30.5201 ms/op

WorkloadWarmup   1: 32 op, 979386736.00 ns, 30.6058 ms/op
WorkloadWarmup   2: 32 op, 992948987.00 ns, 31.0297 ms/op
WorkloadWarmup   3: 32 op, 937261472.00 ns, 29.2894 ms/op
WorkloadWarmup   4: 32 op, 977968577.00 ns, 30.5615 ms/op
WorkloadWarmup   5: 32 op, 994158545.00 ns, 31.0675 ms/op
WorkloadWarmup   6: 32 op, 992645948.00 ns, 31.0202 ms/op

// BeforeActualRun
WorkloadActual   1: 32 op, 992823837.00 ns, 31.0257 ms/op
WorkloadActual   2: 32 op, 983890790.00 ns, 30.7466 ms/op
WorkloadActual   3: 32 op, 971968895.00 ns, 30.3740 ms/op
WorkloadActual   4: 32 op, 986777235.00 ns, 30.8368 ms/op
WorkloadActual   5: 32 op, 955351490.00 ns, 29.8547 ms/op
WorkloadActual   6: 32 op, 973852227.00 ns, 30.4329 ms/op
WorkloadActual   7: 32 op, 993982146.00 ns, 31.0619 ms/op
WorkloadActual   8: 32 op, 996283530.00 ns, 31.1339 ms/op
WorkloadActual   9: 32 op, 965436184.00 ns, 30.1699 ms/op
WorkloadActual  10: 32 op, 967946826.00 ns, 30.2483 ms/op
WorkloadActual  11: 32 op, 930896850.00 ns, 29.0905 ms/op
WorkloadActual  12: 32 op, 910304176.00 ns, 28.4470 ms/op
WorkloadActual  13: 32 op, 901992531.00 ns, 28.1873 ms/op
WorkloadActual  14: 32 op, 901238459.00 ns, 28.1637 ms/op
WorkloadActual  15: 32 op, 923992749.00 ns, 28.8748 ms/op
WorkloadActual  16: 32 op, 960080495.00 ns, 30.0025 ms/op
WorkloadActual  17: 32 op, 922402417.00 ns, 28.8251 ms/op
WorkloadActual  18: 32 op, 991102340.00 ns, 30.9719 ms/op
WorkloadActual  19: 32 op, 982544707.00 ns, 30.7045 ms/op
WorkloadActual  20: 32 op, 998120640.00 ns, 31.1913 ms/op
WorkloadActual  21: 32 op, 1001576659.00 ns, 31.2993 ms/op
WorkloadActual  22: 32 op, 992707341.00 ns, 31.0221 ms/op
WorkloadActual  23: 32 op, 974307492.00 ns, 30.4471 ms/op
WorkloadActual  24: 32 op, 1011582655.00 ns, 31.6120 ms/op
WorkloadActual  25: 32 op, 1011918851.00 ns, 31.6225 ms/op
WorkloadActual  26: 32 op, 937999997.00 ns, 29.3125 ms/op
WorkloadActual  27: 32 op, 918570551.00 ns, 28.7053 ms/op
WorkloadActual  28: 32 op, 978753625.00 ns, 30.5861 ms/op
WorkloadActual  29: 32 op, 995795355.00 ns, 31.1186 ms/op
WorkloadActual  30: 32 op, 1001626082.00 ns, 31.3008 ms/op
WorkloadActual  31: 32 op, 994688023.00 ns, 31.0840 ms/op
WorkloadActual  32: 32 op, 962102082.00 ns, 30.0657 ms/op
WorkloadActual  33: 32 op, 912535469.00 ns, 28.5167 ms/op
WorkloadActual  34: 32 op, 937042551.00 ns, 29.2826 ms/op
WorkloadActual  35: 32 op, 936522368.00 ns, 29.2663 ms/op
WorkloadActual  36: 32 op, 974652887.00 ns, 30.4579 ms/op
WorkloadActual  37: 32 op, 1019995755.00 ns, 31.8749 ms/op
WorkloadActual  38: 32 op, 953778751.00 ns, 29.8056 ms/op
WorkloadActual  39: 32 op, 912873148.00 ns, 28.5273 ms/op
WorkloadActual  40: 32 op, 912285558.00 ns, 28.5089 ms/op
WorkloadActual  41: 32 op, 967887142.00 ns, 30.2465 ms/op

// AfterActualRun
WorkloadResult   1: 32 op, 992823837.00 ns, 31.0257 ms/op
WorkloadResult   2: 32 op, 983890790.00 ns, 30.7466 ms/op
WorkloadResult   3: 32 op, 971968895.00 ns, 30.3740 ms/op
WorkloadResult   4: 32 op, 986777235.00 ns, 30.8368 ms/op
WorkloadResult   5: 32 op, 955351490.00 ns, 29.8547 ms/op
WorkloadResult   6: 32 op, 973852227.00 ns, 30.4329 ms/op
WorkloadResult   7: 32 op, 993982146.00 ns, 31.0619 ms/op
WorkloadResult   8: 32 op, 996283530.00 ns, 31.1339 ms/op
WorkloadResult   9: 32 op, 965436184.00 ns, 30.1699 ms/op
WorkloadResult  10: 32 op, 967946826.00 ns, 30.2483 ms/op
WorkloadResult  11: 32 op, 930896850.00 ns, 29.0905 ms/op
WorkloadResult  12: 32 op, 910304176.00 ns, 28.4470 ms/op
WorkloadResult  13: 32 op, 901992531.00 ns, 28.1873 ms/op
WorkloadResult  14: 32 op, 901238459.00 ns, 28.1637 ms/op
WorkloadResult  15: 32 op, 923992749.00 ns, 28.8748 ms/op
WorkloadResult  16: 32 op, 960080495.00 ns, 30.0025 ms/op
WorkloadResult  17: 32 op, 922402417.00 ns, 28.8251 ms/op
WorkloadResult  18: 32 op, 991102340.00 ns, 30.9719 ms/op
WorkloadResult  19: 32 op, 982544707.00 ns, 30.7045 ms/op
WorkloadResult  20: 32 op, 998120640.00 ns, 31.1913 ms/op
WorkloadResult  21: 32 op, 1001576659.00 ns, 31.2993 ms/op
WorkloadResult  22: 32 op, 992707341.00 ns, 31.0221 ms/op
WorkloadResult  23: 32 op, 974307492.00 ns, 30.4471 ms/op
WorkloadResult  24: 32 op, 1011582655.00 ns, 31.6120 ms/op
WorkloadResult  25: 32 op, 1011918851.00 ns, 31.6225 ms/op
WorkloadResult  26: 32 op, 937999997.00 ns, 29.3125 ms/op
WorkloadResult  27: 32 op, 918570551.00 ns, 28.7053 ms/op
WorkloadResult  28: 32 op, 978753625.00 ns, 30.5861 ms/op
WorkloadResult  29: 32 op, 995795355.00 ns, 31.1186 ms/op
WorkloadResult  30: 32 op, 1001626082.00 ns, 31.3008 ms/op
WorkloadResult  31: 32 op, 994688023.00 ns, 31.0840 ms/op
WorkloadResult  32: 32 op, 962102082.00 ns, 30.0657 ms/op
WorkloadResult  33: 32 op, 912535469.00 ns, 28.5167 ms/op
WorkloadResult  34: 32 op, 937042551.00 ns, 29.2826 ms/op
WorkloadResult  35: 32 op, 936522368.00 ns, 29.2663 ms/op
WorkloadResult  36: 32 op, 974652887.00 ns, 30.4579 ms/op
WorkloadResult  37: 32 op, 1019995755.00 ns, 31.8749 ms/op
WorkloadResult  38: 32 op, 953778751.00 ns, 29.8056 ms/op
WorkloadResult  39: 32 op, 912873148.00 ns, 28.5273 ms/op
WorkloadResult  40: 32 op, 912285558.00 ns, 28.5089 ms/op
WorkloadResult  41: 32 op, 967887142.00 ns, 30.2465 ms/op
// GC:  191 30 4 3144323520 32
// Threading:  0 0 32

// AfterAll
// Benchmark Process 178952 has exited with code 0.

Mean = 30.122 ms, StdErr = 0.168 ms (0.56%), N = 41, StdDev = 1.075 ms
Min = 28.164 ms, Q1 = 29.266 ms, Median = 30.374 ms, Q3 = 31.026 ms, Max = 31.875 ms
IQR = 1.759 ms, LowerFence = 26.627 ms, UpperFence = 33.665 ms
ConfidenceInterval = [29.526 ms; 30.718 ms] (CI 99.9%), Margin = 0.596 ms (1.98% of Mean)
Skewness = -0.36, Kurtosis = 1.81, MValue = 2.38

// ** Remained 6 (75.0%) benchmark(s) to run. Estimated finish 2026-08-19 8:44 (0h 5m from now) **
// **************************
// Benchmark: SetBenchmarks.Add_LangExt: DefaultJob
// *** Execute ***
// Launch: 1 / 1
// Execute: dotnet Benchmarks-DefaultJob-1.dll --anonymousPipes 174 175 --benchmarkName Benchmarks.SetBenchmarks.Add_LangExt --job Default --benchmarkId 2 in /var/home/linus/Programmering/c#/Set/Benchmarks/bin/Release/net10.0/Benchmarks-DefaultJob-1/bin/Release/net10.0
// Failed to set up high priority (Permission denied). In order to run benchmarks with high priority, make sure you have the right permissions.
// BeforeAnythingElse

// Benchmark Process Environment Information:
// BenchmarkDotNet v0.15.8
// Runtime=.NET 10.0.7 (10.0.7, 10.0.726.21808), X64 RyuJIT x86-64-v4
// GC=Concurrent Workstation
// HardwareIntrinsics=AVX512 BITALG+VBMI2+VNNI+VPOPCNTDQ,AVX512 IFMA+VBMI,AVX512 F+BW+CD+DQ+VL,AVX2+BMI1+BMI2+F16C+FMA+LZCNT+MOVBE,AVX,SSE3+SSSE3+SSE4.1+SSE4.2+POPCNT,X86Base+SSE+SSE2,AES+PCLMUL VectorSize=256
// Job: DefaultJob

OverheadJitting  1: 1 op, 152365.00 ns, 152.3650 us/op
WorkloadJitting  1: 1 op, 50860138.00 ns, 50.8601 ms/op

WorkloadPilot    1: 2 op, 99111556.00 ns, 49.5558 ms/op
WorkloadPilot    2: 3 op, 136004237.00 ns, 45.3347 ms/op
WorkloadPilot    3: 4 op, 119387242.00 ns, 29.8468 ms/op
WorkloadPilot    4: 5 op, 116705526.00 ns, 23.3411 ms/op
WorkloadPilot    5: 6 op, 147010796.00 ns, 24.5018 ms/op
WorkloadPilot    6: 7 op, 159427816.00 ns, 22.7754 ms/op
WorkloadPilot    7: 8 op, 182909612.00 ns, 22.8637 ms/op
WorkloadPilot    8: 9 op, 212523866.00 ns, 23.6138 ms/op
WorkloadPilot    9: 10 op, 230567321.00 ns, 23.0567 ms/op
WorkloadPilot   10: 11 op, 258332088.00 ns, 23.4847 ms/op
WorkloadPilot   11: 12 op, 279033031.00 ns, 23.2528 ms/op
WorkloadPilot   12: 13 op, 304898985.00 ns, 23.4538 ms/op
WorkloadPilot   13: 14 op, 326248136.00 ns, 23.3034 ms/op
WorkloadPilot   14: 15 op, 339141708.00 ns, 22.6094 ms/op
WorkloadPilot   15: 16 op, 361817732.00 ns, 22.6136 ms/op
WorkloadPilot   16: 32 op, 737447386.00 ns, 23.0452 ms/op

WorkloadWarmup   1: 32 op, 732421351.00 ns, 22.8882 ms/op
WorkloadWarmup   2: 32 op, 732653223.00 ns, 22.8954 ms/op
WorkloadWarmup   3: 32 op, 750998047.00 ns, 23.4687 ms/op
WorkloadWarmup   4: 32 op, 739405138.00 ns, 23.1064 ms/op
WorkloadWarmup   5: 32 op, 747774589.00 ns, 23.3680 ms/op
WorkloadWarmup   6: 32 op, 735809603.00 ns, 22.9941 ms/op

// BeforeActualRun
WorkloadActual   1: 32 op, 738987404.00 ns, 23.0934 ms/op
WorkloadActual   2: 32 op, 732340583.00 ns, 22.8856 ms/op
WorkloadActual   3: 32 op, 747658743.00 ns, 23.3643 ms/op
WorkloadActual   4: 32 op, 739459377.00 ns, 23.1081 ms/op
WorkloadActual   5: 32 op, 743446249.00 ns, 23.2327 ms/op
WorkloadActual   6: 32 op, 749461390.00 ns, 23.4207 ms/op
WorkloadActual   7: 32 op, 735124066.00 ns, 22.9726 ms/op
WorkloadActual   8: 32 op, 741396920.00 ns, 23.1687 ms/op
WorkloadActual   9: 32 op, 737283622.00 ns, 23.0401 ms/op
WorkloadActual  10: 32 op, 734525958.00 ns, 22.9539 ms/op
WorkloadActual  11: 32 op, 747427592.00 ns, 23.3571 ms/op
WorkloadActual  12: 32 op, 738962660.00 ns, 23.0926 ms/op
WorkloadActual  13: 32 op, 736822089.00 ns, 23.0257 ms/op
WorkloadActual  14: 32 op, 741183832.00 ns, 23.1620 ms/op
WorkloadActual  15: 32 op, 739071379.00 ns, 23.0960 ms/op

// AfterActualRun
WorkloadResult   1: 32 op, 738987404.00 ns, 23.0934 ms/op
WorkloadResult   2: 32 op, 732340583.00 ns, 22.8856 ms/op
WorkloadResult   3: 32 op, 747658743.00 ns, 23.3643 ms/op
WorkloadResult   4: 32 op, 739459377.00 ns, 23.1081 ms/op
WorkloadResult   5: 32 op, 743446249.00 ns, 23.2327 ms/op
WorkloadResult   6: 32 op, 749461390.00 ns, 23.4207 ms/op
WorkloadResult   7: 32 op, 735124066.00 ns, 22.9726 ms/op
WorkloadResult   8: 32 op, 741396920.00 ns, 23.1687 ms/op
WorkloadResult   9: 32 op, 737283622.00 ns, 23.0401 ms/op
WorkloadResult  10: 32 op, 734525958.00 ns, 22.9539 ms/op
WorkloadResult  11: 32 op, 747427592.00 ns, 23.3571 ms/op
WorkloadResult  12: 32 op, 738962660.00 ns, 23.0926 ms/op
WorkloadResult  13: 32 op, 736822089.00 ns, 23.0257 ms/op
WorkloadResult  14: 32 op, 741183832.00 ns, 23.1620 ms/op
WorkloadResult  15: 32 op, 739071379.00 ns, 23.0960 ms/op
// GC:  239 52 3 3950479472 32
// Threading:  0 0 32

// AfterAll
// Benchmark Process 179443 has exited with code 0.

Mean = 23.132 ms, StdErr = 0.040 ms (0.17%), N = 15, StdDev = 0.156 ms
Min = 22.886 ms, Q1 = 23.033 ms, Median = 23.096 ms, Q3 = 23.201 ms, Max = 23.421 ms
IQR = 0.168 ms, LowerFence = 22.781 ms, UpperFence = 23.452 ms
ConfidenceInterval = [22.964 ms; 23.299 ms] (CI 99.9%), Margin = 0.167 ms (0.72% of Mean)
Skewness = 0.4, Kurtosis = 2.01, MValue = 2

// ** Remained 5 (62.5%) benchmark(s) to run. Estimated finish 2026-08-19 8:42 (0h 3m from now) **
// **************************
// Benchmark: SetBenchmarks.Builder_Champ: DefaultJob
// *** Execute ***
// Launch: 1 / 1
// Execute: dotnet Benchmarks-DefaultJob-1.dll --anonymousPipes 174 175 --benchmarkName Benchmarks.SetBenchmarks.Builder_Champ --job Default --benchmarkId 3 in /var/home/linus/Programmering/c#/Set/Benchmarks/bin/Release/net10.0/Benchmarks-DefaultJob-1/bin/Release/net10.0
// Failed to set up high priority (Permission denied). In order to run benchmarks with high priority, make sure you have the right permissions.
// BeforeAnythingElse

// Benchmark Process Environment Information:
// BenchmarkDotNet v0.15.8
// Runtime=.NET 10.0.7 (10.0.7, 10.0.726.21808), X64 RyuJIT x86-64-v4
// GC=Concurrent Workstation
// HardwareIntrinsics=AVX512 BITALG+VBMI2+VNNI+VPOPCNTDQ,AVX512 IFMA+VBMI,AVX512 F+BW+CD+DQ+VL,AVX2+BMI1+BMI2+F16C+FMA+LZCNT+MOVBE,AVX,SSE3+SSSE3+SSE4.1+SSE4.2+POPCNT,X86Base+SSE+SSE2,AES+PCLMUL VectorSize=256
// Job: DefaultJob

OverheadJitting  1: 1 op, 171418.00 ns, 171.4180 us/op
WorkloadJitting  1: 1 op, 22402328.00 ns, 22.4023 ms/op

OverheadJitting  2: 16 op, 420455.00 ns, 26.2784 us/op
WorkloadJitting  2: 16 op, 185871718.00 ns, 11.6170 ms/op

WorkloadPilot    1: 16 op, 81169383.00 ns, 5.0731 ms/op
WorkloadPilot    2: 32 op, 152574261.00 ns, 4.7679 ms/op
WorkloadPilot    3: 64 op, 289038714.00 ns, 4.5162 ms/op
WorkloadPilot    4: 128 op, 580987430.00 ns, 4.5390 ms/op

OverheadWarmup   1: 128 op, 2370.00 ns, 18.5156 ns/op
OverheadWarmup   2: 128 op, 1270.00 ns, 9.9219 ns/op
OverheadWarmup   3: 128 op, 1050.00 ns, 8.2031 ns/op
OverheadWarmup   4: 128 op, 1080.00 ns, 8.4375 ns/op
OverheadWarmup   5: 128 op, 1080.00 ns, 8.4375 ns/op
OverheadWarmup   6: 128 op, 920.00 ns, 7.1875 ns/op
OverheadWarmup   7: 128 op, 990.00 ns, 7.7344 ns/op

OverheadActual   1: 128 op, 1240.00 ns, 9.6875 ns/op
OverheadActual   2: 128 op, 1090.00 ns, 8.5156 ns/op
OverheadActual   3: 128 op, 1000.00 ns, 7.8125 ns/op
OverheadActual   4: 128 op, 830.00 ns, 6.4844 ns/op
OverheadActual   5: 128 op, 1190.00 ns, 9.2969 ns/op
OverheadActual   6: 128 op, 880.00 ns, 6.8750 ns/op
OverheadActual   7: 128 op, 1030.00 ns, 8.0469 ns/op
OverheadActual   8: 128 op, 930.00 ns, 7.2656 ns/op
OverheadActual   9: 128 op, 1040.00 ns, 8.1250 ns/op
OverheadActual  10: 128 op, 910.00 ns, 7.1094 ns/op
OverheadActual  11: 128 op, 1010.00 ns, 7.8906 ns/op
OverheadActual  12: 128 op, 1000.00 ns, 7.8125 ns/op
OverheadActual  13: 128 op, 990.00 ns, 7.7344 ns/op
OverheadActual  14: 128 op, 1180.00 ns, 9.2188 ns/op
OverheadActual  15: 128 op, 1030.00 ns, 8.0469 ns/op
OverheadActual  16: 128 op, 1020.00 ns, 7.9688 ns/op
OverheadActual  17: 128 op, 880.00 ns, 6.8750 ns/op
OverheadActual  18: 128 op, 970.00 ns, 7.5781 ns/op
OverheadActual  19: 128 op, 940.00 ns, 7.3438 ns/op
OverheadActual  20: 128 op, 960.00 ns, 7.5000 ns/op

WorkloadWarmup   1: 128 op, 610051811.00 ns, 4.7660 ms/op
WorkloadWarmup   2: 128 op, 576156503.00 ns, 4.5012 ms/op
WorkloadWarmup   3: 128 op, 564483535.00 ns, 4.4100 ms/op
WorkloadWarmup   4: 128 op, 562539640.00 ns, 4.3948 ms/op
WorkloadWarmup   5: 128 op, 564276137.00 ns, 4.4084 ms/op
WorkloadWarmup   6: 128 op, 568821699.00 ns, 4.4439 ms/op
WorkloadWarmup   7: 128 op, 558077388.00 ns, 4.3600 ms/op
WorkloadWarmup   8: 128 op, 565354594.00 ns, 4.4168 ms/op
WorkloadWarmup   9: 128 op, 590509555.00 ns, 4.6134 ms/op
WorkloadWarmup  10: 128 op, 564949318.00 ns, 4.4137 ms/op

// BeforeActualRun
WorkloadActual   1: 128 op, 567670802.00 ns, 4.4349 ms/op
WorkloadActual   2: 128 op, 601532791.00 ns, 4.6995 ms/op
WorkloadActual   3: 128 op, 578101487.00 ns, 4.5164 ms/op
WorkloadActual   4: 128 op, 574910519.00 ns, 4.4915 ms/op
WorkloadActual   5: 128 op, 568602001.00 ns, 4.4422 ms/op
WorkloadActual   6: 128 op, 567612303.00 ns, 4.4345 ms/op
WorkloadActual   7: 128 op, 573142672.00 ns, 4.4777 ms/op
WorkloadActual   8: 128 op, 569658688.00 ns, 4.4505 ms/op
WorkloadActual   9: 128 op, 586158662.00 ns, 4.5794 ms/op
WorkloadActual  10: 128 op, 594989607.00 ns, 4.6484 ms/op
WorkloadActual  11: 128 op, 559849535.00 ns, 4.3738 ms/op
WorkloadActual  12: 128 op, 587021891.00 ns, 4.5861 ms/op
WorkloadActual  13: 128 op, 615830655.00 ns, 4.8112 ms/op
WorkloadActual  14: 128 op, 633402566.00 ns, 4.9485 ms/op
WorkloadActual  15: 128 op, 608587360.00 ns, 4.7546 ms/op
WorkloadActual  16: 128 op, 591359404.00 ns, 4.6200 ms/op
WorkloadActual  17: 128 op, 608167235.00 ns, 4.7513 ms/op
WorkloadActual  18: 128 op, 601066527.00 ns, 4.6958 ms/op
WorkloadActual  19: 128 op, 597956398.00 ns, 4.6715 ms/op
WorkloadActual  20: 128 op, 590365288.00 ns, 4.6122 ms/op
WorkloadActual  21: 128 op, 594372495.00 ns, 4.6435 ms/op
WorkloadActual  22: 128 op, 597327406.00 ns, 4.6666 ms/op
WorkloadActual  23: 128 op, 594029519.00 ns, 4.6409 ms/op
WorkloadActual  24: 128 op, 575845426.00 ns, 4.4988 ms/op
WorkloadActual  25: 128 op, 567737022.00 ns, 4.4354 ms/op
WorkloadActual  26: 128 op, 595241704.00 ns, 4.6503 ms/op
WorkloadActual  27: 128 op, 577835441.00 ns, 4.5143 ms/op
WorkloadActual  28: 128 op, 574048400.00 ns, 4.4848 ms/op
WorkloadActual  29: 128 op, 558200966.00 ns, 4.3609 ms/op
WorkloadActual  30: 128 op, 563221821.00 ns, 4.4002 ms/op
WorkloadActual  31: 128 op, 575434112.00 ns, 4.4956 ms/op

// AfterActualRun
WorkloadResult   1: 128 op, 567669802.00 ns, 4.4349 ms/op
WorkloadResult   2: 128 op, 601531791.00 ns, 4.6995 ms/op
WorkloadResult   3: 128 op, 578100487.00 ns, 4.5164 ms/op
WorkloadResult   4: 128 op, 574909519.00 ns, 4.4915 ms/op
WorkloadResult   5: 128 op, 568601001.00 ns, 4.4422 ms/op
WorkloadResult   6: 128 op, 567611303.00 ns, 4.4345 ms/op
WorkloadResult   7: 128 op, 573141672.00 ns, 4.4777 ms/op
WorkloadResult   8: 128 op, 569657688.00 ns, 4.4505 ms/op
WorkloadResult   9: 128 op, 586157662.00 ns, 4.5794 ms/op
WorkloadResult  10: 128 op, 594988607.00 ns, 4.6483 ms/op
WorkloadResult  11: 128 op, 559848535.00 ns, 4.3738 ms/op
WorkloadResult  12: 128 op, 587020891.00 ns, 4.5861 ms/op
WorkloadResult  13: 128 op, 615829655.00 ns, 4.8112 ms/op
WorkloadResult  14: 128 op, 633401566.00 ns, 4.9484 ms/op
WorkloadResult  15: 128 op, 608586360.00 ns, 4.7546 ms/op
WorkloadResult  16: 128 op, 591358404.00 ns, 4.6200 ms/op
WorkloadResult  17: 128 op, 608166235.00 ns, 4.7513 ms/op
WorkloadResult  18: 128 op, 601065527.00 ns, 4.6958 ms/op
WorkloadResult  19: 128 op, 597955398.00 ns, 4.6715 ms/op
WorkloadResult  20: 128 op, 590364288.00 ns, 4.6122 ms/op
WorkloadResult  21: 128 op, 594371495.00 ns, 4.6435 ms/op
WorkloadResult  22: 128 op, 597326406.00 ns, 4.6666 ms/op
WorkloadResult  23: 128 op, 594028519.00 ns, 4.6408 ms/op
WorkloadResult  24: 128 op, 575844426.00 ns, 4.4988 ms/op
WorkloadResult  25: 128 op, 567736022.00 ns, 4.4354 ms/op
WorkloadResult  26: 128 op, 595240704.00 ns, 4.6503 ms/op
WorkloadResult  27: 128 op, 577834441.00 ns, 4.5143 ms/op
WorkloadResult  28: 128 op, 574047400.00 ns, 4.4847 ms/op
WorkloadResult  29: 128 op, 558199966.00 ns, 4.3609 ms/op
WorkloadResult  30: 128 op, 563220821.00 ns, 4.4002 ms/op
WorkloadResult  31: 128 op, 575433112.00 ns, 4.4956 ms/op
// GC:  115 71 0 1932727296 128
// Threading:  0 0 128

// AfterAll
// Benchmark Process 179594 has exited with code 0.

Mean = 4.574 ms, StdErr = 0.025 ms (0.55%), N = 31, StdDev = 0.139 ms
Min = 4.361 ms, Q1 = 4.464 ms, Median = 4.579 ms, Q3 = 4.658 ms, Max = 4.948 ms
IQR = 0.194 ms, LowerFence = 4.172 ms, UpperFence = 4.950 ms
ConfidenceInterval = [4.483 ms; 4.665 ms] (CI 99.9%), Margin = 0.091 ms (2.00% of Mean)
Skewness = 0.55, Kurtosis = 2.75, MValue = 2

// ** Remained 4 (50.0%) benchmark(s) to run. Estimated finish 2026-08-19 8:42 (0h 2m from now) **
// **************************
// Benchmark: SetBenchmarks.Builder_MS: DefaultJob
// *** Execute ***
// Launch: 1 / 1
// Execute: dotnet Benchmarks-DefaultJob-1.dll --anonymousPipes 174 175 --benchmarkName Benchmarks.SetBenchmarks.Builder_MS --job Default --benchmarkId 4 in /var/home/linus/Programmering/c#/Set/Benchmarks/bin/Release/net10.0/Benchmarks-DefaultJob-1/bin/Release/net10.0
// Failed to set up high priority (Permission denied). In order to run benchmarks with high priority, make sure you have the right permissions.
// BeforeAnythingElse

// Benchmark Process Environment Information:
// BenchmarkDotNet v0.15.8
// Runtime=.NET 10.0.7 (10.0.7, 10.0.726.21808), X64 RyuJIT x86-64-v4
// GC=Concurrent Workstation
// HardwareIntrinsics=AVX512 BITALG+VBMI2+VNNI+VPOPCNTDQ,AVX512 IFMA+VBMI,AVX512 F+BW+CD+DQ+VL,AVX2+BMI1+BMI2+F16C+FMA+LZCNT+MOVBE,AVX,SSE3+SSSE3+SSE4.1+SSE4.2+POPCNT,X86Base+SSE+SSE2,AES+PCLMUL VectorSize=256
// Job: DefaultJob

OverheadJitting  1: 1 op, 161548.00 ns, 161.5480 us/op
WorkloadJitting  1: 1 op, 14777648.00 ns, 14.7776 ms/op

OverheadJitting  2: 16 op, 479414.00 ns, 29.9634 us/op
WorkloadJitting  2: 16 op, 172157435.00 ns, 10.7598 ms/op

WorkloadPilot    1: 16 op, 139504688.00 ns, 8.7190 ms/op
WorkloadPilot    2: 32 op, 277804871.00 ns, 8.6814 ms/op
WorkloadPilot    3: 64 op, 553307439.00 ns, 8.6454 ms/op

OverheadWarmup   1: 64 op, 1620.00 ns, 25.3125 ns/op
OverheadWarmup   2: 64 op, 580.00 ns, 9.0625 ns/op
OverheadWarmup   3: 64 op, 670.00 ns, 10.4688 ns/op
OverheadWarmup   4: 64 op, 810.00 ns, 12.6563 ns/op
OverheadWarmup   5: 64 op, 690.00 ns, 10.7813 ns/op
OverheadWarmup   6: 64 op, 950.00 ns, 14.8438 ns/op
OverheadWarmup   7: 64 op, 620.00 ns, 9.6875 ns/op

OverheadActual   1: 64 op, 760.00 ns, 11.8750 ns/op
OverheadActual   2: 64 op, 920.00 ns, 14.3750 ns/op
OverheadActual   3: 64 op, 1020.00 ns, 15.9375 ns/op
OverheadActual   4: 64 op, 1040.00 ns, 16.2500 ns/op
OverheadActual   5: 64 op, 800.00 ns, 12.5000 ns/op
OverheadActual   6: 64 op, 860.00 ns, 13.4375 ns/op
OverheadActual   7: 64 op, 800.00 ns, 12.5000 ns/op
OverheadActual   8: 64 op, 770.00 ns, 12.0313 ns/op
OverheadActual   9: 64 op, 740.00 ns, 11.5625 ns/op
OverheadActual  10: 64 op, 690.00 ns, 10.7813 ns/op
OverheadActual  11: 64 op, 780.00 ns, 12.1875 ns/op
OverheadActual  12: 64 op, 800.00 ns, 12.5000 ns/op
OverheadActual  13: 64 op, 800.00 ns, 12.5000 ns/op
OverheadActual  14: 64 op, 640.00 ns, 10.0000 ns/op
OverheadActual  15: 64 op, 730.00 ns, 11.4063 ns/op
OverheadActual  16: 64 op, 740.00 ns, 11.5625 ns/op
OverheadActual  17: 64 op, 890.00 ns, 13.9063 ns/op
OverheadActual  18: 64 op, 670.00 ns, 10.4688 ns/op
OverheadActual  19: 64 op, 850.00 ns, 13.2813 ns/op
OverheadActual  20: 64 op, 840.00 ns, 13.1250 ns/op

WorkloadWarmup   1: 64 op, 562670564.00 ns, 8.7917 ms/op
WorkloadWarmup   2: 64 op, 565036545.00 ns, 8.8287 ms/op
WorkloadWarmup   3: 64 op, 569160074.00 ns, 8.8931 ms/op
WorkloadWarmup   4: 64 op, 552882405.00 ns, 8.6388 ms/op
WorkloadWarmup   5: 64 op, 551519292.00 ns, 8.6175 ms/op
WorkloadWarmup   6: 64 op, 550470115.00 ns, 8.6011 ms/op
WorkloadWarmup   7: 64 op, 557288300.00 ns, 8.7076 ms/op
WorkloadWarmup   8: 64 op, 554225718.00 ns, 8.6598 ms/op

// BeforeActualRun
WorkloadActual   1: 64 op, 554607384.00 ns, 8.6657 ms/op
WorkloadActual   2: 64 op, 561747945.00 ns, 8.7773 ms/op
WorkloadActual   3: 64 op, 563447244.00 ns, 8.8039 ms/op
WorkloadActual   4: 64 op, 553861113.00 ns, 8.6541 ms/op
WorkloadActual   5: 64 op, 561974042.00 ns, 8.7808 ms/op
WorkloadActual   6: 64 op, 560553110.00 ns, 8.7586 ms/op
WorkloadActual   7: 64 op, 549687765.00 ns, 8.5889 ms/op
WorkloadActual   8: 64 op, 550233817.00 ns, 8.5974 ms/op
WorkloadActual   9: 64 op, 558253709.00 ns, 8.7227 ms/op
WorkloadActual  10: 64 op, 554037030.00 ns, 8.6568 ms/op
WorkloadActual  11: 64 op, 555631011.00 ns, 8.6817 ms/op
WorkloadActual  12: 64 op, 550487104.00 ns, 8.6014 ms/op
WorkloadActual  13: 64 op, 558691313.00 ns, 8.7296 ms/op
WorkloadActual  14: 64 op, 559015609.00 ns, 8.7346 ms/op
WorkloadActual  15: 64 op, 554356716.00 ns, 8.6618 ms/op

// AfterActualRun
WorkloadResult   1: 64 op, 554606584.00 ns, 8.6657 ms/op
WorkloadResult   2: 64 op, 561747145.00 ns, 8.7773 ms/op
WorkloadResult   3: 64 op, 563446444.00 ns, 8.8039 ms/op
WorkloadResult   4: 64 op, 553860313.00 ns, 8.6541 ms/op
WorkloadResult   5: 64 op, 561973242.00 ns, 8.7808 ms/op
WorkloadResult   6: 64 op, 560552310.00 ns, 8.7586 ms/op
WorkloadResult   7: 64 op, 549686965.00 ns, 8.5889 ms/op
WorkloadResult   8: 64 op, 550233017.00 ns, 8.5974 ms/op
WorkloadResult   9: 64 op, 558252909.00 ns, 8.7227 ms/op
WorkloadResult  10: 64 op, 554036230.00 ns, 8.6568 ms/op
WorkloadResult  11: 64 op, 555630211.00 ns, 8.6817 ms/op
WorkloadResult  12: 64 op, 550486304.00 ns, 8.6013 ms/op
WorkloadResult  13: 64 op, 558690513.00 ns, 8.7295 ms/op
WorkloadResult  14: 64 op, 559014809.00 ns, 8.7346 ms/op
WorkloadResult  15: 64 op, 554355916.00 ns, 8.6618 ms/op
// GC:  21 20 0 358403072 64
// Threading:  0 0 64

// AfterAll
// Benchmark Process 179823 has exited with code 0.

Mean = 8.694 ms, StdErr = 0.018 ms (0.21%), N = 15, StdDev = 0.070 ms
Min = 8.589 ms, Q1 = 8.655 ms, Median = 8.682 ms, Q3 = 8.747 ms, Max = 8.804 ms
IQR = 0.091 ms, LowerFence = 8.519 ms, UpperFence = 8.883 ms
ConfidenceInterval = [8.620 ms; 8.769 ms] (CI 99.9%), Margin = 0.075 ms (0.86% of Mean)
Skewness = -0.03, Kurtosis = 1.57, MValue = 2

// ** Remained 3 (37.5%) benchmark(s) to run. Estimated finish 2026-08-19 8:41 (0h 1m from now) **
// **************************
// Benchmark: SetBenchmarks.Contains_Champ: DefaultJob
// *** Execute ***
// Launch: 1 / 1
// Execute: dotnet Benchmarks-DefaultJob-1.dll --anonymousPipes 174 175 --benchmarkName Benchmarks.SetBenchmarks.Contains_Champ --job Default --benchmarkId 5 in /var/home/linus/Programmering/c#/Set/Benchmarks/bin/Release/net10.0/Benchmarks-DefaultJob-1/bin/Release/net10.0
// Failed to set up high priority (Permission denied). In order to run benchmarks with high priority, make sure you have the right permissions.
// BeforeAnythingElse

// Benchmark Process Environment Information:
// BenchmarkDotNet v0.15.8
// Runtime=.NET 10.0.7 (10.0.7, 10.0.726.21808), X64 RyuJIT x86-64-v4
// GC=Concurrent Workstation
// HardwareIntrinsics=AVX512 BITALG+VBMI2+VNNI+VPOPCNTDQ,AVX512 IFMA+VBMI,AVX512 F+BW+CD+DQ+VL,AVX2+BMI1+BMI2+F16C+FMA+LZCNT+MOVBE,AVX,SSE3+SSSE3+SSE4.1+SSE4.2+POPCNT,X86Base+SSE+SSE2,AES+PCLMUL VectorSize=256
// Job: DefaultJob

OverheadJitting  1: 1 op, 143528.00 ns, 143.5280 us/op
WorkloadJitting  1: 1 op, 2207913.00 ns, 2.2079 ms/op

OverheadJitting  2: 16 op, 425564.00 ns, 26.5978 us/op
WorkloadJitting  2: 16 op, 11092133.00 ns, 693.2583 us/op

WorkloadPilot    1: 16 op, 11349410.00 ns, 709.3381 us/op
WorkloadPilot    2: 32 op, 21215478.00 ns, 662.9837 us/op
WorkloadPilot    3: 64 op, 42023371.00 ns, 656.6152 us/op
WorkloadPilot    4: 128 op, 83783826.00 ns, 654.5611 us/op
WorkloadPilot    5: 256 op, 156490458.00 ns, 611.2909 us/op
WorkloadPilot    6: 512 op, 306223020.00 ns, 598.0918 us/op
WorkloadPilot    7: 1024 op, 601315148.00 ns, 587.2218 us/op

OverheadWarmup   1: 1024 op, 2920.00 ns, 2.8516 ns/op
OverheadWarmup   2: 1024 op, 1540.00 ns, 1.5039 ns/op
OverheadWarmup   3: 1024 op, 1850.00 ns, 1.8066 ns/op
OverheadWarmup   4: 1024 op, 1860.00 ns, 1.8164 ns/op
OverheadWarmup   5: 1024 op, 1560.00 ns, 1.5234 ns/op
OverheadWarmup   6: 1024 op, 1560.00 ns, 1.5234 ns/op
OverheadWarmup   7: 1024 op, 1790.00 ns, 1.7480 ns/op

OverheadActual   1: 1024 op, 1680.00 ns, 1.6406 ns/op
OverheadActual   2: 1024 op, 1890.00 ns, 1.8457 ns/op
OverheadActual   3: 1024 op, 1960.00 ns, 1.9141 ns/op
OverheadActual   4: 1024 op, 1720.00 ns, 1.6797 ns/op
OverheadActual   5: 1024 op, 2240.00 ns, 2.1875 ns/op
OverheadActual   6: 1024 op, 1920.00 ns, 1.8750 ns/op
OverheadActual   7: 1024 op, 1990.00 ns, 1.9434 ns/op
OverheadActual   8: 1024 op, 2150.00 ns, 2.0996 ns/op
OverheadActual   9: 1024 op, 2040.00 ns, 1.9922 ns/op
OverheadActual  10: 1024 op, 2000.00 ns, 1.9531 ns/op
OverheadActual  11: 1024 op, 1840.00 ns, 1.7969 ns/op
OverheadActual  12: 1024 op, 2280.00 ns, 2.2266 ns/op
OverheadActual  13: 1024 op, 1990.00 ns, 1.9434 ns/op
OverheadActual  14: 1024 op, 1630.00 ns, 1.5918 ns/op
OverheadActual  15: 1024 op, 1830.00 ns, 1.7871 ns/op
OverheadActual  16: 1024 op, 1730.00 ns, 1.6895 ns/op
OverheadActual  17: 1024 op, 1820.00 ns, 1.7773 ns/op
OverheadActual  18: 1024 op, 1689.00 ns, 1.6494 ns/op
OverheadActual  19: 1024 op, 1890.00 ns, 1.8457 ns/op
OverheadActual  20: 1024 op, 1680.00 ns, 1.6406 ns/op

WorkloadWarmup   1: 1024 op, 612685526.00 ns, 598.3257 us/op
WorkloadWarmup   2: 1024 op, 606148837.00 ns, 591.9422 us/op
WorkloadWarmup   3: 1024 op, 604048814.00 ns, 589.8914 us/op
WorkloadWarmup   4: 1024 op, 612931533.00 ns, 598.5660 us/op
WorkloadWarmup   5: 1024 op, 609013681.00 ns, 594.7399 us/op
WorkloadWarmup   6: 1024 op, 611996765.00 ns, 597.6531 us/op
WorkloadWarmup   7: 1024 op, 609784882.00 ns, 595.4930 us/op

// BeforeActualRun
WorkloadActual   1: 1024 op, 612186003.00 ns, 597.8379 us/op
WorkloadActual   2: 1024 op, 611342283.00 ns, 597.0139 us/op
WorkloadActual   3: 1024 op, 615758619.00 ns, 601.3268 us/op
WorkloadActual   4: 1024 op, 624471581.00 ns, 609.8355 us/op
WorkloadActual   5: 1024 op, 620308062.00 ns, 605.7696 us/op
WorkloadActual   6: 1024 op, 614638433.00 ns, 600.2328 us/op
WorkloadActual   7: 1024 op, 608324460.00 ns, 594.0669 us/op
WorkloadActual   8: 1024 op, 610615133.00 ns, 596.3038 us/op
WorkloadActual   9: 1024 op, 608382050.00 ns, 594.1231 us/op
WorkloadActual  10: 1024 op, 602772089.00 ns, 588.6446 us/op
WorkloadActual  11: 1024 op, 612049784.00 ns, 597.7049 us/op
WorkloadActual  12: 1024 op, 614958689.00 ns, 600.5456 us/op
WorkloadActual  13: 1024 op, 607620220.00 ns, 593.3791 us/op
WorkloadActual  14: 1024 op, 610391065.00 ns, 596.0850 us/op
WorkloadActual  15: 1024 op, 615101637.00 ns, 600.6852 us/op

// AfterActualRun
WorkloadResult   1: 1024 op, 612184113.00 ns, 597.8360 us/op
WorkloadResult   2: 1024 op, 611340393.00 ns, 597.0121 us/op
WorkloadResult   3: 1024 op, 615756729.00 ns, 601.3249 us/op
WorkloadResult   4: 1024 op, 620306172.00 ns, 605.7677 us/op
WorkloadResult   5: 1024 op, 614636543.00 ns, 600.2310 us/op
WorkloadResult   6: 1024 op, 608322570.00 ns, 594.0650 us/op
WorkloadResult   7: 1024 op, 610613243.00 ns, 596.3020 us/op
WorkloadResult   8: 1024 op, 608380160.00 ns, 594.1213 us/op
WorkloadResult   9: 1024 op, 602770199.00 ns, 588.6428 us/op
WorkloadResult  10: 1024 op, 612047894.00 ns, 597.7030 us/op
WorkloadResult  11: 1024 op, 614956799.00 ns, 600.5437 us/op
WorkloadResult  12: 1024 op, 607618330.00 ns, 593.3773 us/op
WorkloadResult  13: 1024 op, 610389175.00 ns, 596.0832 us/op
WorkloadResult  14: 1024 op, 615099747.00 ns, 600.6833 us/op
// GC:  0 0 0 0 1024
// Threading:  0 0 1024

// AfterAll
// Benchmark Process 179951 has exited with code 0.

Mean = 597.407 μs, StdErr = 1.130 μs (0.19%), N = 14, StdDev = 4.226 μs
Min = 588.643 μs, Q1 = 594.612 μs, Median = 597.358 μs, Q3 = 600.466 μs, Max = 605.768 μs
IQR = 5.854 μs, LowerFence = 585.831 μs, UpperFence = 609.246 μs
ConfidenceInterval = [592.639 μs; 602.174 μs] (CI 99.9%), Margin = 4.768 μs (0.80% of Mean)
Skewness = -0.08, Kurtosis = 2.64, MValue = 2

// ** Remained 2 (25.0%) benchmark(s) to run. Estimated finish 2026-08-19 8:40 (0h 1m from now) **
// **************************
// Benchmark: SetBenchmarks.Contains_MS: DefaultJob
// *** Execute ***
// Launch: 1 / 1
// Execute: dotnet Benchmarks-DefaultJob-1.dll --anonymousPipes 174 175 --benchmarkName Benchmarks.SetBenchmarks.Contains_MS --job Default --benchmarkId 6 in /var/home/linus/Programmering/c#/Set/Benchmarks/bin/Release/net10.0/Benchmarks-DefaultJob-1/bin/Release/net10.0
// Failed to set up high priority (Permission denied). In order to run benchmarks with high priority, make sure you have the right permissions.
// BeforeAnythingElse

// Benchmark Process Environment Information:
// BenchmarkDotNet v0.15.8
// Runtime=.NET 10.0.7 (10.0.7, 10.0.726.21808), X64 RyuJIT x86-64-v4
// GC=Concurrent Workstation
// HardwareIntrinsics=AVX512 BITALG+VBMI2+VNNI+VPOPCNTDQ,AVX512 IFMA+VBMI,AVX512 F+BW+CD+DQ+VL,AVX2+BMI1+BMI2+F16C+FMA+LZCNT+MOVBE,AVX,SSE3+SSSE3+SSE4.1+SSE4.2+POPCNT,X86Base+SSE+SSE2,AES+PCLMUL VectorSize=256
// Job: DefaultJob

OverheadJitting  1: 1 op, 141818.00 ns, 141.8180 us/op
WorkloadJitting  1: 1 op, 6812516.00 ns, 6.8125 ms/op

OverheadJitting  2: 16 op, 374686.00 ns, 23.4179 us/op
WorkloadJitting  2: 16 op, 65349163.00 ns, 4.0843 ms/op

WorkloadPilot    1: 16 op, 67388038.00 ns, 4.2118 ms/op
WorkloadPilot    2: 32 op, 139517368.00 ns, 4.3599 ms/op
WorkloadPilot    3: 64 op, 240779558.00 ns, 3.7622 ms/op
WorkloadPilot    4: 128 op, 379004271.00 ns, 2.9610 ms/op
WorkloadPilot    5: 256 op, 786217065.00 ns, 3.0712 ms/op

OverheadWarmup   1: 256 op, 1660.00 ns, 6.4844 ns/op
OverheadWarmup   2: 256 op, 1110.00 ns, 4.3359 ns/op
OverheadWarmup   3: 256 op, 890.00 ns, 3.4766 ns/op
OverheadWarmup   4: 256 op, 1120.00 ns, 4.3750 ns/op
OverheadWarmup   5: 256 op, 1050.00 ns, 4.1016 ns/op
OverheadWarmup   6: 256 op, 1130.00 ns, 4.4141 ns/op
OverheadWarmup   7: 256 op, 2130.00 ns, 8.3203 ns/op
OverheadWarmup   8: 256 op, 1270.00 ns, 4.9609 ns/op

OverheadActual   1: 256 op, 1100.00 ns, 4.2969 ns/op
OverheadActual   2: 256 op, 1200.00 ns, 4.6875 ns/op
OverheadActual   3: 256 op, 1020.00 ns, 3.9844 ns/op
OverheadActual   4: 256 op, 1140.00 ns, 4.4531 ns/op
OverheadActual   5: 256 op, 1910.00 ns, 7.4609 ns/op
OverheadActual   6: 256 op, 1189.00 ns, 4.6445 ns/op
OverheadActual   7: 256 op, 780.00 ns, 3.0469 ns/op
OverheadActual   8: 256 op, 870.00 ns, 3.3984 ns/op
OverheadActual   9: 256 op, 1210.00 ns, 4.7266 ns/op
OverheadActual  10: 256 op, 1190.00 ns, 4.6484 ns/op
OverheadActual  11: 256 op, 1540.00 ns, 6.0156 ns/op
OverheadActual  12: 256 op, 1440.00 ns, 5.6250 ns/op
OverheadActual  13: 256 op, 2100.00 ns, 8.2031 ns/op
OverheadActual  14: 256 op, 1170.00 ns, 4.5703 ns/op
OverheadActual  15: 256 op, 1110.00 ns, 4.3359 ns/op
OverheadActual  16: 256 op, 800.00 ns, 3.1250 ns/op
OverheadActual  17: 256 op, 1120.00 ns, 4.3750 ns/op
OverheadActual  18: 256 op, 990.00 ns, 3.8672 ns/op
OverheadActual  19: 256 op, 1040.00 ns, 4.0625 ns/op
OverheadActual  20: 256 op, 1440.00 ns, 5.6250 ns/op

WorkloadWarmup   1: 256 op, 739346373.00 ns, 2.8881 ms/op
WorkloadWarmup   2: 256 op, 732420849.00 ns, 2.8610 ms/op
WorkloadWarmup   3: 256 op, 723386400.00 ns, 2.8257 ms/op
WorkloadWarmup   4: 256 op, 700473662.00 ns, 2.7362 ms/op
WorkloadWarmup   5: 256 op, 701364482.00 ns, 2.7397 ms/op
WorkloadWarmup   6: 256 op, 697768766.00 ns, 2.7257 ms/op
WorkloadWarmup   7: 256 op, 720718154.00 ns, 2.8153 ms/op
WorkloadWarmup   8: 256 op, 697667018.00 ns, 2.7253 ms/op

// BeforeActualRun
WorkloadActual   1: 256 op, 704706820.00 ns, 2.7528 ms/op
WorkloadActual   2: 256 op, 719874243.00 ns, 2.8120 ms/op
WorkloadActual   3: 256 op, 709805298.00 ns, 2.7727 ms/op
WorkloadActual   4: 256 op, 699847030.00 ns, 2.7338 ms/op
WorkloadActual   5: 256 op, 707761553.00 ns, 2.7647 ms/op
WorkloadActual   6: 256 op, 708386975.00 ns, 2.7671 ms/op
WorkloadActual   7: 256 op, 700852078.00 ns, 2.7377 ms/op
WorkloadActual   8: 256 op, 689823744.00 ns, 2.6946 ms/op
WorkloadActual   9: 256 op, 694497026.00 ns, 2.7129 ms/op
WorkloadActual  10: 256 op, 697559439.00 ns, 2.7248 ms/op
WorkloadActual  11: 256 op, 687686961.00 ns, 2.6863 ms/op
WorkloadActual  12: 256 op, 714208474.00 ns, 2.7899 ms/op
WorkloadActual  13: 256 op, 688786777.00 ns, 2.6906 ms/op
WorkloadActual  14: 256 op, 707605915.00 ns, 2.7641 ms/op
WorkloadActual  15: 256 op, 701239684.00 ns, 2.7392 ms/op

// AfterActualRun
WorkloadResult   1: 256 op, 704705665.00 ns, 2.7528 ms/op
WorkloadResult   2: 256 op, 719873088.00 ns, 2.8120 ms/op
WorkloadResult   3: 256 op, 709804143.00 ns, 2.7727 ms/op
WorkloadResult   4: 256 op, 699845875.00 ns, 2.7338 ms/op
WorkloadResult   5: 256 op, 707760398.00 ns, 2.7647 ms/op
WorkloadResult   6: 256 op, 708385820.00 ns, 2.7671 ms/op
WorkloadResult   7: 256 op, 700850923.00 ns, 2.7377 ms/op
WorkloadResult   8: 256 op, 689822589.00 ns, 2.6946 ms/op
WorkloadResult   9: 256 op, 694495871.00 ns, 2.7129 ms/op
WorkloadResult  10: 256 op, 697558284.00 ns, 2.7248 ms/op
WorkloadResult  11: 256 op, 687685806.00 ns, 2.6863 ms/op
WorkloadResult  12: 256 op, 714207319.00 ns, 2.7899 ms/op
WorkloadResult  13: 256 op, 688785622.00 ns, 2.6906 ms/op
WorkloadResult  14: 256 op, 707604760.00 ns, 2.7641 ms/op
WorkloadResult  15: 256 op, 701238529.00 ns, 2.7392 ms/op
// GC:  0 0 0 0 256
// Threading:  0 0 256

// AfterAll
// Benchmark Process 180104 has exited with code 0.

Mean = 2.743 ms, StdErr = 0.010 ms (0.35%), N = 15, StdDev = 0.037 ms
Min = 2.686 ms, Q1 = 2.719 ms, Median = 2.739 ms, Q3 = 2.766 ms, Max = 2.812 ms
IQR = 0.047 ms, LowerFence = 2.648 ms, UpperFence = 2.836 ms
ConfidenceInterval = [2.703 ms; 2.782 ms] (CI 99.9%), Margin = 0.039 ms (1.44% of Mean)
Skewness = 0.03, Kurtosis = 1.91, MValue = 2

// ** Remained 1 (12.5%) benchmark(s) to run. Estimated finish 2026-08-19 8:40 (0h 0m from now) **
// **************************
// Benchmark: SetBenchmarks.Contains_LangExt: DefaultJob
// *** Execute ***
// Launch: 1 / 1
// Execute: dotnet Benchmarks-DefaultJob-1.dll --anonymousPipes 174 175 --benchmarkName Benchmarks.SetBenchmarks.Contains_LangExt --job Default --benchmarkId 7 in /var/home/linus/Programmering/c#/Set/Benchmarks/bin/Release/net10.0/Benchmarks-DefaultJob-1/bin/Release/net10.0
// Failed to set up high priority (Permission denied). In order to run benchmarks with high priority, make sure you have the right permissions.
// BeforeAnythingElse

// Benchmark Process Environment Information:
// BenchmarkDotNet v0.15.8
// Runtime=.NET 10.0.7 (10.0.7, 10.0.726.21808), X64 RyuJIT x86-64-v4
// GC=Concurrent Workstation
// HardwareIntrinsics=AVX512 BITALG+VBMI2+VNNI+VPOPCNTDQ,AVX512 IFMA+VBMI,AVX512 F+BW+CD+DQ+VL,AVX2+BMI1+BMI2+F16C+FMA+LZCNT+MOVBE,AVX,SSE3+SSSE3+SSE4.1+SSE4.2+POPCNT,X86Base+SSE+SSE2,AES+PCLMUL VectorSize=256
// Job: DefaultJob

OverheadJitting  1: 1 op, 140638.00 ns, 140.6380 us/op
WorkloadJitting  1: 1 op, 6692717.00 ns, 6.6927 ms/op

OverheadJitting  2: 16 op, 272966.00 ns, 17.0604 us/op
WorkloadJitting  2: 16 op, 90481533.00 ns, 5.6551 ms/op

WorkloadPilot    1: 16 op, 85935909.00 ns, 5.3710 ms/op
WorkloadPilot    2: 32 op, 168937155.00 ns, 5.2793 ms/op
WorkloadPilot    3: 64 op, 93500896.00 ns, 1.4610 ms/op
WorkloadPilot    4: 128 op, 172065307.00 ns, 1.3443 ms/op
WorkloadPilot    5: 256 op, 343386041.00 ns, 1.3414 ms/op
WorkloadPilot    6: 512 op, 691339446.00 ns, 1.3503 ms/op

OverheadWarmup   1: 512 op, 1980.00 ns, 3.8672 ns/op
OverheadWarmup   2: 512 op, 1210.00 ns, 2.3633 ns/op
OverheadWarmup   3: 512 op, 1410.00 ns, 2.7539 ns/op
OverheadWarmup   4: 512 op, 1130.00 ns, 2.2070 ns/op
OverheadWarmup   5: 512 op, 1140.00 ns, 2.2266 ns/op
OverheadWarmup   6: 512 op, 1140.00 ns, 2.2266 ns/op

OverheadActual   1: 512 op, 1150.00 ns, 2.2461 ns/op
OverheadActual   2: 512 op, 1490.00 ns, 2.9102 ns/op
OverheadActual   3: 512 op, 1140.00 ns, 2.2266 ns/op
OverheadActual   4: 512 op, 1100.00 ns, 2.1484 ns/op
OverheadActual   5: 512 op, 1070.00 ns, 2.0898 ns/op
OverheadActual   6: 512 op, 1290.00 ns, 2.5195 ns/op
OverheadActual   7: 512 op, 1080.00 ns, 2.1094 ns/op
OverheadActual   8: 512 op, 1310.00 ns, 2.5586 ns/op
OverheadActual   9: 512 op, 1100.00 ns, 2.1484 ns/op
OverheadActual  10: 512 op, 1110.00 ns, 2.1680 ns/op
OverheadActual  11: 512 op, 1170.00 ns, 2.2852 ns/op
OverheadActual  12: 512 op, 1220.00 ns, 2.3828 ns/op
OverheadActual  13: 512 op, 1080.00 ns, 2.1094 ns/op
OverheadActual  14: 512 op, 1110.00 ns, 2.1680 ns/op
OverheadActual  15: 512 op, 1080.00 ns, 2.1094 ns/op
OverheadActual  16: 512 op, 1190.00 ns, 2.3242 ns/op
OverheadActual  17: 512 op, 1400.00 ns, 2.7344 ns/op
OverheadActual  18: 512 op, 1100.00 ns, 2.1484 ns/op
OverheadActual  19: 512 op, 1090.00 ns, 2.1289 ns/op
OverheadActual  20: 512 op, 1230.00 ns, 2.4023 ns/op

WorkloadWarmup   1: 512 op, 688549490.00 ns, 1.3448 ms/op
WorkloadWarmup   2: 512 op, 687914088.00 ns, 1.3436 ms/op
WorkloadWarmup   3: 512 op, 686544166.00 ns, 1.3409 ms/op
WorkloadWarmup   4: 512 op, 687988017.00 ns, 1.3437 ms/op
WorkloadWarmup   5: 512 op, 687332865.00 ns, 1.3424 ms/op
WorkloadWarmup   6: 512 op, 695623023.00 ns, 1.3586 ms/op
WorkloadWarmup   7: 512 op, 686208299.00 ns, 1.3403 ms/op

// BeforeActualRun
WorkloadActual   1: 512 op, 692992615.00 ns, 1.3535 ms/op
WorkloadActual   2: 512 op, 691741091.00 ns, 1.3511 ms/op
WorkloadActual   3: 512 op, 691095269.00 ns, 1.3498 ms/op
WorkloadActual   4: 512 op, 692415562.00 ns, 1.3524 ms/op
WorkloadActual   5: 512 op, 691317155.00 ns, 1.3502 ms/op
WorkloadActual   6: 512 op, 690638865.00 ns, 1.3489 ms/op
WorkloadActual   7: 512 op, 692263185.00 ns, 1.3521 ms/op
WorkloadActual   8: 512 op, 690702065.00 ns, 1.3490 ms/op
WorkloadActual   9: 512 op, 701411301.00 ns, 1.3699 ms/op
WorkloadActual  10: 512 op, 692618430.00 ns, 1.3528 ms/op
WorkloadActual  11: 512 op, 693969400.00 ns, 1.3554 ms/op
WorkloadActual  12: 512 op, 706750493.00 ns, 1.3804 ms/op
WorkloadActual  13: 512 op, 692216190.00 ns, 1.3520 ms/op
WorkloadActual  14: 512 op, 691572761.00 ns, 1.3507 ms/op
WorkloadActual  15: 512 op, 691973061.00 ns, 1.3515 ms/op

// AfterActualRun
WorkloadResult   1: 512 op, 692991490.00 ns, 1.3535 ms/op
WorkloadResult   2: 512 op, 691739966.00 ns, 1.3511 ms/op
WorkloadResult   3: 512 op, 691094144.00 ns, 1.3498 ms/op
WorkloadResult   4: 512 op, 692414437.00 ns, 1.3524 ms/op
WorkloadResult   5: 512 op, 691316030.00 ns, 1.3502 ms/op
WorkloadResult   6: 512 op, 690637740.00 ns, 1.3489 ms/op
WorkloadResult   7: 512 op, 692262060.00 ns, 1.3521 ms/op
WorkloadResult   8: 512 op, 690700940.00 ns, 1.3490 ms/op
WorkloadResult   9: 512 op, 692617305.00 ns, 1.3528 ms/op
WorkloadResult  10: 512 op, 693968275.00 ns, 1.3554 ms/op
WorkloadResult  11: 512 op, 692215065.00 ns, 1.3520 ms/op
WorkloadResult  12: 512 op, 691571636.00 ns, 1.3507 ms/op
WorkloadResult  13: 512 op, 691971936.00 ns, 1.3515 ms/op
// GC:  0 0 0 0 512
// Threading:  0 0 512

// AfterAll
// Benchmark Process 180285 has exited with code 0.

Mean = 1.351 ms, StdErr = 0.001 ms (0.04%), N = 13, StdDev = 0.002 ms
Min = 1.349 ms, Q1 = 1.350 ms, Median = 1.352 ms, Q3 = 1.352 ms, Max = 1.355 ms
IQR = 0.002 ms, LowerFence = 1.347 ms, UpperFence = 1.356 ms
ConfidenceInterval = [1.349 ms; 1.354 ms] (CI 99.9%), Margin = 0.002 ms (0.16% of Mean)
Skewness = 0.4, Kurtosis = 2.36, MValue = 2

// ** Remained 0 (0.0%) benchmark(s) to run. Estimated finish 2026-08-19 8:40 (0h 0m from now) **
// ***** BenchmarkRunner: Finish  *****

// * Export *
  BenchmarkDotNet.Artifacts/results/Benchmarks.SetBenchmarks-report.csv
  BenchmarkDotNet.Artifacts/results/Benchmarks.SetBenchmarks-report-github.md
  BenchmarkDotNet.Artifacts/results/Benchmarks.SetBenchmarks-report.html

// * Detailed results *
SetBenchmarks.Add_Champ: DefaultJob
Runtime = .NET 10.0.7 (10.0.7, 10.0.726.21808), X64 RyuJIT x86-64-v4; GC = Concurrent Workstation
Mean = 13.252 ms, StdErr = 0.075 ms (0.57%), N = 57, StdDev = 0.570 ms
Min = 12.276 ms, Q1 = 12.656 ms, Median = 13.232 ms, Q3 = 13.743 ms, Max = 14.126 ms
IQR = 1.087 ms, LowerFence = 11.025 ms, UpperFence = 15.373 ms
ConfidenceInterval = [12.990 ms; 13.514 ms] (CI 99.9%), Margin = 0.262 ms (1.98% of Mean)
Skewness = 0.03, Kurtosis = 1.48, MValue = 2.83
-------------------- Histogram --------------------
[12.082 ms ; 12.539 ms) | @@@
[12.539 ms ; 13.073 ms) | @@@@@@@@@@@@@@@@@@@@
[13.073 ms ; 13.461 ms) | @@@@@@@@@@
[13.461 ms ; 14.320 ms) | @@@@@@@@@@@@@@@@@@@@@@@@
---------------------------------------------------

SetBenchmarks.Add_MS: DefaultJob
Runtime = .NET 10.0.7 (10.0.7, 10.0.726.21808), X64 RyuJIT x86-64-v4; GC = Concurrent Workstation
Mean = 30.122 ms, StdErr = 0.168 ms (0.56%), N = 41, StdDev = 1.075 ms
Min = 28.164 ms, Q1 = 29.266 ms, Median = 30.374 ms, Q3 = 31.026 ms, Max = 31.875 ms
IQR = 1.759 ms, LowerFence = 26.627 ms, UpperFence = 33.665 ms
ConfidenceInterval = [29.526 ms; 30.718 ms] (CI 99.9%), Margin = 0.596 ms (1.98% of Mean)
Skewness = -0.36, Kurtosis = 1.81, MValue = 2.38
-------------------- Histogram --------------------
[27.755 ms ; 28.502 ms) | @@@
[28.502 ms ; 29.320 ms) | @@@@@@@@@@
[29.320 ms ; 30.374 ms) | @@@@@@@
[30.374 ms ; 31.192 ms) | @@@@@@@@@@@@@@@@
[31.192 ms ; 31.996 ms) | @@@@@
---------------------------------------------------

SetBenchmarks.Add_LangExt: DefaultJob
Runtime = .NET 10.0.7 (10.0.7, 10.0.726.21808), X64 RyuJIT x86-64-v4; GC = Concurrent Workstation
Mean = 23.132 ms, StdErr = 0.040 ms (0.17%), N = 15, StdDev = 0.156 ms
Min = 22.886 ms, Q1 = 23.033 ms, Median = 23.096 ms, Q3 = 23.201 ms, Max = 23.421 ms
IQR = 0.168 ms, LowerFence = 22.781 ms, UpperFence = 23.452 ms
ConfidenceInterval = [22.964 ms; 23.299 ms] (CI 99.9%), Margin = 0.167 ms (0.72% of Mean)
Skewness = 0.4, Kurtosis = 2.01, MValue = 2
-------------------- Histogram --------------------
[22.866 ms ; 23.504 ms) | @@@@@@@@@@@@@@@
---------------------------------------------------

SetBenchmarks.Builder_Champ: DefaultJob
Runtime = .NET 10.0.7 (10.0.7, 10.0.726.21808), X64 RyuJIT x86-64-v4; GC = Concurrent Workstation
Mean = 4.574 ms, StdErr = 0.025 ms (0.55%), N = 31, StdDev = 0.139 ms
Min = 4.361 ms, Q1 = 4.464 ms, Median = 4.579 ms, Q3 = 4.658 ms, Max = 4.948 ms
IQR = 0.194 ms, LowerFence = 4.172 ms, UpperFence = 4.950 ms
ConfidenceInterval = [4.483 ms; 4.665 ms] (CI 99.9%), Margin = 0.091 ms (2.00% of Mean)
Skewness = 0.55, Kurtosis = 2.75, MValue = 2
-------------------- Histogram --------------------
[4.303 ms ; 4.400 ms) | @@
[4.400 ms ; 4.517 ms) | @@@@@@@@@@@@@
[4.517 ms ; 4.701 ms) | @@@@@@@@@@@@
[4.701 ms ; 4.839 ms) | @@@
[4.839 ms ; 5.007 ms) | @
---------------------------------------------------

SetBenchmarks.Builder_MS: DefaultJob
Runtime = .NET 10.0.7 (10.0.7, 10.0.726.21808), X64 RyuJIT x86-64-v4; GC = Concurrent Workstation
Mean = 8.694 ms, StdErr = 0.018 ms (0.21%), N = 15, StdDev = 0.070 ms
Min = 8.589 ms, Q1 = 8.655 ms, Median = 8.682 ms, Q3 = 8.747 ms, Max = 8.804 ms
IQR = 0.091 ms, LowerFence = 8.519 ms, UpperFence = 8.883 ms
ConfidenceInterval = [8.620 ms; 8.769 ms] (CI 99.9%), Margin = 0.075 ms (0.86% of Mean)
Skewness = -0.03, Kurtosis = 1.57, MValue = 2
-------------------- Histogram --------------------
[8.552 ms ; 8.841 ms) | @@@@@@@@@@@@@@@
---------------------------------------------------

SetBenchmarks.Contains_Champ: DefaultJob
Runtime = .NET 10.0.7 (10.0.7, 10.0.726.21808), X64 RyuJIT x86-64-v4; GC = Concurrent Workstation
Mean = 597.407 μs, StdErr = 1.130 μs (0.19%), N = 14, StdDev = 4.226 μs
Min = 588.643 μs, Q1 = 594.612 μs, Median = 597.358 μs, Q3 = 600.466 μs, Max = 605.768 μs
IQR = 5.854 μs, LowerFence = 585.831 μs, UpperFence = 609.246 μs
ConfidenceInterval = [592.639 μs; 602.174 μs] (CI 99.9%), Margin = 4.768 μs (0.80% of Mean)
Skewness = -0.08, Kurtosis = 2.64, MValue = 2
-------------------- Histogram --------------------
[586.341 μs ; 608.069 μs) | @@@@@@@@@@@@@@
---------------------------------------------------

SetBenchmarks.Contains_MS: DefaultJob
Runtime = .NET 10.0.7 (10.0.7, 10.0.726.21808), X64 RyuJIT x86-64-v4; GC = Concurrent Workstation
Mean = 2.743 ms, StdErr = 0.010 ms (0.35%), N = 15, StdDev = 0.037 ms
Min = 2.686 ms, Q1 = 2.719 ms, Median = 2.739 ms, Q3 = 2.766 ms, Max = 2.812 ms
IQR = 0.047 ms, LowerFence = 2.648 ms, UpperFence = 2.836 ms
ConfidenceInterval = [2.703 ms; 2.782 ms] (CI 99.9%), Margin = 0.039 ms (1.44% of Mean)
Skewness = 0.03, Kurtosis = 1.91, MValue = 2
-------------------- Histogram --------------------
[2.678 ms ; 2.832 ms) | @@@@@@@@@@@@@@@
---------------------------------------------------

SetBenchmarks.Contains_LangExt: DefaultJob
Runtime = .NET 10.0.7 (10.0.7, 10.0.726.21808), X64 RyuJIT x86-64-v4; GC = Concurrent Workstation
Mean = 1.351 ms, StdErr = 0.001 ms (0.04%), N = 13, StdDev = 0.002 ms
Min = 1.349 ms, Q1 = 1.350 ms, Median = 1.352 ms, Q3 = 1.352 ms, Max = 1.355 ms
IQR = 0.002 ms, LowerFence = 1.347 ms, UpperFence = 1.356 ms
ConfidenceInterval = [1.349 ms; 1.354 ms] (CI 99.9%), Margin = 0.002 ms (0.16% of Mean)
Skewness = 0.4, Kurtosis = 2.36, MValue = 2
-------------------- Histogram --------------------
[1.348 ms ; 1.356 ms) | @@@@@@@@@@@@@
---------------------------------------------------

// * Summary *

BenchmarkDotNet v0.15.8, Linux Fedora Linux 44 (Container Image)
AMD Ryzen 9 7900 3.02GHz, 1 CPU, 24 logical and 12 physical cores
.NET SDK 10.0.107
  [Host]     : .NET 10.0.7 (10.0.7, 10.0.726.21808), X64 RyuJIT x86-64-v4
  DefaultJob : .NET 10.0.7 (10.0.7, 10.0.726.21808), X64 RyuJIT x86-64-v4


| Method           | Mean        | Error     | StdDev      | Ratio | RatioSD | Gen0      | Gen1      | Gen2     | Allocated   | Alloc Ratio |
|----------------- |------------:|----------:|------------:|------:|--------:|----------:|----------:|---------:|------------:|------------:|
| Add_Champ        | 13,251.8 μs | 262.17 μs |   569.93 μs |  1.00 |    0.06 | 5312.5000 | 1687.5000 |  62.5000 |  87875628 B |        1.00 |
| Add_MS           | 30,122.1 μs | 596.01 μs | 1,074.73 μs |  2.28 |    0.13 | 5968.7500 |  937.5000 | 125.0000 |  98260110 B |        1.12 |
| Add_LangExt      | 23,131.6 μs | 167.29 μs |   156.48 μs |  1.75 |    0.08 | 7468.7500 | 1625.0000 |  93.7500 | 123452484 B |        1.40 |
| Builder_Champ    |  4,573.9 μs |  91.26 μs |   139.36 μs |  0.35 |    0.02 |  898.4375 |  554.6875 |        - |  15099432 B |        0.17 |
| Builder_MS       |  8,694.3 μs |  74.72 μs |    69.89 μs |  0.66 |    0.03 |  328.1250 |  312.5000 |        - |   5600048 B |        0.06 |
| Contains_Champ   |    597.4 μs |   4.77 μs |     4.23 μs |  0.05 |    0.00 |         - |         - |        - |           - |        0.00 |
| Contains_MS      |  2,742.9 μs |  39.49 μs |    36.94 μs |  0.21 |    0.01 |         - |         - |        - |           - |        0.00 |
| Contains_LangExt |  1,351.5 μs |   2.20 μs |     1.83 μs |  0.10 |    0.00 |         - |         - |        - |           - |        0.00 |

// * Warnings *
MultimodalDistribution
  SetBenchmarks.Add_Champ: Default -> It seems that the distribution can have several modes (mValue = 2.83)

// * Hints *
Outliers
  SetBenchmarks.Contains_Champ: Default   -> 1 outlier  was  removed (609.84 μs)
  SetBenchmarks.Contains_LangExt: Default -> 2 outliers were removed (1.37 ms, 1.38 ms)

// * Legends *
  Mean        : Arithmetic mean of all measurements
  Error       : Half of 99.9% confidence interval
  StdDev      : Standard deviation of all measurements
  Ratio       : Mean of the ratio distribution ([Current]/[Baseline])
  RatioSD     : Standard deviation of the ratio distribution ([Current]/[Baseline])
  Gen0        : GC Generation 0 collects per 1000 operations
  Gen1        : GC Generation 1 collects per 1000 operations
  Gen2        : GC Generation 2 collects per 1000 operations
  Allocated   : Allocated memory per single operation (managed only, inclusive, 1KB = 1024B)
  Alloc Ratio : Allocated memory ratio distribution ([Current]/[Baseline])
  1 μs        : 1 Microsecond (0.000001 sec)

// * Diagnostic Output - MemoryDiagnoser *


// ***** BenchmarkRunner: End *****
Run time: 00:03:51 (231.69 sec), executed benchmarks: 8

Global total time: 00:03:58 (238.27 sec), executed benchmarks: 8
// * Artifacts cleanup *
Artifacts cleanup is finished
