// Validating benchmarks:
// ***** BenchmarkRunner: Start   *****
// ***** Found 17 benchmark(s) in total *****
// ***** Building 1 exe(s) in Parallel: Start   *****
// start dotnet  restore --nodeReuse:false /p:UseSharedCompilation=false /p:Deterministic=true /p:Optimize=true /p:ArtifactsPath="/var/home/linus/Programmering/c#/Set/Benchmarks/bin/Release/net10.0/Benchmarks-ShortRun-1/" /p:OutDir="/var/home/linus/Programmering/c#/Set/Benchmarks/bin/Release/net10.0/Benchmarks-ShortRun-1/bin/Release/net10.0/" /p:OutputPath="/var/home/linus/Programmering/c#/Set/Benchmarks/bin/Release/net10.0/Benchmarks-ShortRun-1/bin/Release/net10.0/" /p:PublishDir="/var/home/linus/Programmering/c#/Set/Benchmarks/bin/Release/net10.0/Benchmarks-ShortRun-1/publish/" in /var/home/linus/Programmering/c#/Set/Benchmarks/bin/Release/net10.0/Benchmarks-ShortRun-1
// command took 0.77 sec and exited with 0
// start dotnet  build -c Release --no-restore --nodeReuse:false /p:UseSharedCompilation=false /p:Deterministic=true /p:Optimize=true /p:ArtifactsPath="/var/home/linus/Programmering/c#/Set/Benchmarks/bin/Release/net10.0/Benchmarks-ShortRun-1/" /p:OutDir="/var/home/linus/Programmering/c#/Set/Benchmarks/bin/Release/net10.0/Benchmarks-ShortRun-1/bin/Release/net10.0/" /p:OutputPath="/var/home/linus/Programmering/c#/Set/Benchmarks/bin/Release/net10.0/Benchmarks-ShortRun-1/bin/Release/net10.0/" /p:PublishDir="/var/home/linus/Programmering/c#/Set/Benchmarks/bin/Release/net10.0/Benchmarks-ShortRun-1/publish/" --output "/var/home/linus/Programmering/c#/Set/Benchmarks/bin/Release/net10.0/Benchmarks-ShortRun-1/bin/Release/net10.0/" in /var/home/linus/Programmering/c#/Set/Benchmarks/bin/Release/net10.0/Benchmarks-ShortRun-1
// command took 5.65 sec and exited with 0
// ***** Done, took 00:00:06 (6.46 sec)   *****
// Found 17 benchmarks:
//   SetBenchmarks.Add_Champ: ShortRun(IterationCount=3, LaunchCount=1, WarmupCount=3)
//   SetBenchmarks.Add_MS: ShortRun(IterationCount=3, LaunchCount=1, WarmupCount=3)
//   SetBenchmarks.Add_LangExt: ShortRun(IterationCount=3, LaunchCount=1, WarmupCount=3)
//   SetBenchmarks.Builder_Champ: ShortRun(IterationCount=3, LaunchCount=1, WarmupCount=3)
//   SetBenchmarks.Builder_MS: ShortRun(IterationCount=3, LaunchCount=1, WarmupCount=3)
//   SetBenchmarks.Remove_Champ: ShortRun(IterationCount=3, LaunchCount=1, WarmupCount=3)
//   SetBenchmarks.Remove_MS: ShortRun(IterationCount=3, LaunchCount=1, WarmupCount=3)
//   SetBenchmarks.Remove_LangExt: ShortRun(IterationCount=3, LaunchCount=1, WarmupCount=3)
//   SetBenchmarks.Contains_Champ: ShortRun(IterationCount=3, LaunchCount=1, WarmupCount=3)
//   SetBenchmarks.Contains_MS: ShortRun(IterationCount=3, LaunchCount=1, WarmupCount=3)
//   SetBenchmarks.Contains_LangExt: ShortRun(IterationCount=3, LaunchCount=1, WarmupCount=3)
//   SetBenchmarks.Merge_Champ: ShortRun(IterationCount=3, LaunchCount=1, WarmupCount=3)
//   SetBenchmarks.Union_MS: ShortRun(IterationCount=3, LaunchCount=1, WarmupCount=3)
//   SetBenchmarks.Union_LangExt: ShortRun(IterationCount=3, LaunchCount=1, WarmupCount=3)
//   SetBenchmarks.Iterate_Champ: ShortRun(IterationCount=3, LaunchCount=1, WarmupCount=3)
//   SetBenchmarks.Iterate_MS: ShortRun(IterationCount=3, LaunchCount=1, WarmupCount=3)
//   SetBenchmarks.Iterate_LangExt: ShortRun(IterationCount=3, LaunchCount=1, WarmupCount=3)

// **************************
// Benchmark: SetBenchmarks.Add_Champ: ShortRun(IterationCount=3, LaunchCount=1, WarmupCount=3)
// *** Execute ***
// Launch: 1 / 1
// Execute: dotnet Benchmarks-ShortRun-1.dll --anonymousPipes 185 186 --benchmarkName Benchmarks.SetBenchmarks.Add_Champ --job ShortRun --benchmarkId 0 in /var/home/linus/Programmering/c#/Set/Benchmarks/bin/Release/net10.0/Benchmarks-ShortRun-1/bin/Release/net10.0
// Failed to set up high priority (Permission denied). In order to run benchmarks with high priority, make sure you have the right permissions.
// BeforeAnythingElse

// Benchmark Process Environment Information:
// BenchmarkDotNet v0.15.8
// Runtime=.NET 10.0.7 (10.0.7, 10.0.726.21808), X64 RyuJIT x86-64-v4
// GC=Concurrent Workstation
// HardwareIntrinsics=AVX512 BITALG+VBMI2+VNNI+VPOPCNTDQ,AVX512 IFMA+VBMI,AVX512 F+BW+CD+DQ+VL,AVX2+BMI1+BMI2+F16C+FMA+LZCNT+MOVBE,AVX,SSE3+SSSE3+SSE4.1+SSE4.2+POPCNT,X86Base+SSE+SSE2,AES+PCLMUL VectorSize=256
// Job: ShortRun(IterationCount=3, LaunchCount=1, WarmupCount=3)

OverheadJitting  1: 1 op, 159088.00 ns, 159.0880 us/op
WorkloadJitting  1: 1 op, 17458176.00 ns, 17.4582 ms/op

OverheadJitting  2: 16 op, 431956.00 ns, 26.9973 us/op
WorkloadJitting  2: 16 op, 198052450.00 ns, 12.3783 ms/op

WorkloadPilot    1: 16 op, 188623228.00 ns, 11.7890 ms/op
WorkloadPilot    2: 32 op, 390331844.00 ns, 12.1979 ms/op
WorkloadPilot    3: 64 op, 778747854.00 ns, 12.1679 ms/op

OverheadWarmup   1: 64 op, 2720.00 ns, 42.5000 ns/op
OverheadWarmup   2: 64 op, 1210.00 ns, 18.9063 ns/op
OverheadWarmup   3: 64 op, 1140.00 ns, 17.8125 ns/op
OverheadWarmup   4: 64 op, 1460.00 ns, 22.8125 ns/op
OverheadWarmup   5: 64 op, 1490.00 ns, 23.2813 ns/op
OverheadWarmup   6: 64 op, 1530.00 ns, 23.9063 ns/op
OverheadWarmup   7: 64 op, 1570.00 ns, 24.5313 ns/op
OverheadWarmup   8: 64 op, 1400.00 ns, 21.8750 ns/op
OverheadWarmup   9: 64 op, 1290.00 ns, 20.1563 ns/op
OverheadWarmup  10: 64 op, 1660.00 ns, 25.9375 ns/op

OverheadActual   1: 64 op, 1130.00 ns, 17.6563 ns/op
OverheadActual   2: 64 op, 1270.00 ns, 19.8438 ns/op
OverheadActual   3: 64 op, 1260.00 ns, 19.6875 ns/op
OverheadActual   4: 64 op, 1760.00 ns, 27.5000 ns/op
OverheadActual   5: 64 op, 1370.00 ns, 21.4063 ns/op
OverheadActual   6: 64 op, 1210.00 ns, 18.9063 ns/op
OverheadActual   7: 64 op, 1570.00 ns, 24.5313 ns/op
OverheadActual   8: 64 op, 1300.00 ns, 20.3125 ns/op
OverheadActual   9: 64 op, 1670.00 ns, 26.0938 ns/op
OverheadActual  10: 64 op, 1430.00 ns, 22.3438 ns/op
OverheadActual  11: 64 op, 1220.00 ns, 19.0625 ns/op
OverheadActual  12: 64 op, 1640.00 ns, 25.6250 ns/op
OverheadActual  13: 64 op, 810.00 ns, 12.6563 ns/op
OverheadActual  14: 64 op, 3670.00 ns, 57.3438 ns/op
OverheadActual  15: 64 op, 1540.00 ns, 24.0625 ns/op
OverheadActual  16: 64 op, 1820.00 ns, 28.4375 ns/op
OverheadActual  17: 64 op, 1300.00 ns, 20.3125 ns/op
OverheadActual  18: 64 op, 1120.00 ns, 17.5000 ns/op
OverheadActual  19: 64 op, 1100.00 ns, 17.1875 ns/op
OverheadActual  20: 64 op, 1370.00 ns, 21.4063 ns/op

WorkloadWarmup   1: 64 op, 784822596.00 ns, 12.2629 ms/op
WorkloadWarmup   2: 64 op, 774093522.00 ns, 12.0952 ms/op
WorkloadWarmup   3: 64 op, 794261848.00 ns, 12.4103 ms/op

// BeforeActualRun
WorkloadActual   1: 64 op, 774658187.00 ns, 12.1040 ms/op
WorkloadActual   2: 64 op, 781327661.00 ns, 12.2082 ms/op
WorkloadActual   3: 64 op, 772432153.00 ns, 12.0693 ms/op

// AfterActualRun
WorkloadResult   1: 64 op, 774656852.00 ns, 12.1040 ms/op
WorkloadResult   2: 64 op, 781326326.00 ns, 12.2082 ms/op
WorkloadResult   3: 64 op, 772430818.00 ns, 12.0692 ms/op
// GC:  338 107 2 5624039024 64
// Threading:  0 0 64

// AfterAll
// Benchmark Process 183194 has exited with code 0.

Mean = 12.127 ms, StdErr = 0.042 ms (0.34%), N = 3, StdDev = 0.072 ms
Min = 12.069 ms, Q1 = 12.087 ms, Median = 12.104 ms, Q3 = 12.156 ms, Max = 12.208 ms
IQR = 0.069 ms, LowerFence = 11.982 ms, UpperFence = 12.260 ms
ConfidenceInterval = [10.808 ms; 13.447 ms] (CI 99.9%), Margin = 1.320 ms (10.88% of Mean)
Skewness = 0.29, Kurtosis = 0.67, MValue = 2

// ** Remained 16 (94.1%) benchmark(s) to run. Estimated finish 2026-08-19 8:47 (0h 2m from now) **
// **************************
// Benchmark: SetBenchmarks.Add_MS: ShortRun(IterationCount=3, LaunchCount=1, WarmupCount=3)
// *** Execute ***
// Launch: 1 / 1
// Execute: dotnet Benchmarks-ShortRun-1.dll --anonymousPipes 185 186 --benchmarkName Benchmarks.SetBenchmarks.Add_MS --job ShortRun --benchmarkId 1 in /var/home/linus/Programmering/c#/Set/Benchmarks/bin/Release/net10.0/Benchmarks-ShortRun-1/bin/Release/net10.0
// Failed to set up high priority (Permission denied). In order to run benchmarks with high priority, make sure you have the right permissions.
// BeforeAnythingElse

// Benchmark Process Environment Information:
// BenchmarkDotNet v0.15.8
// Runtime=.NET 10.0.7 (10.0.7, 10.0.726.21808), X64 RyuJIT x86-64-v4
// GC=Concurrent Workstation
// HardwareIntrinsics=AVX512 BITALG+VBMI2+VNNI+VPOPCNTDQ,AVX512 IFMA+VBMI,AVX512 F+BW+CD+DQ+VL,AVX2+BMI1+BMI2+F16C+FMA+LZCNT+MOVBE,AVX,SSE3+SSSE3+SSE4.1+SSE4.2+POPCNT,X86Base+SSE+SSE2,AES+PCLMUL VectorSize=256
// Job: ShortRun(IterationCount=3, LaunchCount=1, WarmupCount=3)

OverheadJitting  1: 1 op, 184977.00 ns, 184.9770 us/op
WorkloadJitting  1: 1 op, 35093991.00 ns, 35.0940 ms/op

WorkloadPilot    1: 2 op, 57803513.00 ns, 28.9018 ms/op
WorkloadPilot    2: 3 op, 79300608.00 ns, 26.4335 ms/op
WorkloadPilot    3: 4 op, 105924926.00 ns, 26.4812 ms/op
WorkloadPilot    4: 5 op, 134927957.00 ns, 26.9856 ms/op
WorkloadPilot    5: 6 op, 164640319.00 ns, 27.4401 ms/op
WorkloadPilot    6: 7 op, 187144093.00 ns, 26.7349 ms/op
WorkloadPilot    7: 8 op, 215852937.00 ns, 26.9816 ms/op
WorkloadPilot    8: 9 op, 244940516.00 ns, 27.2156 ms/op
WorkloadPilot    9: 10 op, 275305191.00 ns, 27.5305 ms/op
WorkloadPilot   10: 11 op, 294423764.00 ns, 26.7658 ms/op
WorkloadPilot   11: 12 op, 323400755.00 ns, 26.9501 ms/op
WorkloadPilot   12: 13 op, 348642458.00 ns, 26.8187 ms/op
WorkloadPilot   13: 14 op, 373385507.00 ns, 26.6704 ms/op
WorkloadPilot   14: 15 op, 400900484.00 ns, 26.7267 ms/op
WorkloadPilot   15: 16 op, 441198477.00 ns, 27.5749 ms/op
WorkloadPilot   16: 32 op, 905712089.00 ns, 28.3035 ms/op

WorkloadWarmup   1: 32 op, 899739626.00 ns, 28.1169 ms/op
WorkloadWarmup   2: 32 op, 894685663.00 ns, 27.9589 ms/op
WorkloadWarmup   3: 32 op, 890713509.00 ns, 27.8348 ms/op

// BeforeActualRun
WorkloadActual   1: 32 op, 893296050.00 ns, 27.9155 ms/op
WorkloadActual   2: 32 op, 889484162.00 ns, 27.7964 ms/op
WorkloadActual   3: 32 op, 912436512.00 ns, 28.5136 ms/op

// AfterActualRun
WorkloadResult   1: 32 op, 893296050.00 ns, 27.9155 ms/op
WorkloadResult   2: 32 op, 889484162.00 ns, 27.7964 ms/op
WorkloadResult   3: 32 op, 912436512.00 ns, 28.5136 ms/op
// GC:  189 30 2 3144322176 32
// Threading:  0 0 32

// AfterAll
// Benchmark Process 183275 has exited with code 0.

Mean = 28.075 ms, StdErr = 0.222 ms (0.79%), N = 3, StdDev = 0.384 ms
Min = 27.796 ms, Q1 = 27.856 ms, Median = 27.916 ms, Q3 = 28.215 ms, Max = 28.514 ms
IQR = 0.359 ms, LowerFence = 27.318 ms, UpperFence = 28.753 ms
ConfidenceInterval = [21.063 ms; 35.087 ms] (CI 99.9%), Margin = 7.012 ms (24.98% of Mean)
Skewness = 0.34, Kurtosis = 0.67, MValue = 2

// ** Remained 15 (88.2%) benchmark(s) to run. Estimated finish 2026-08-19 8:47 (0h 2m from now) **
// **************************
// Benchmark: SetBenchmarks.Add_LangExt: ShortRun(IterationCount=3, LaunchCount=1, WarmupCount=3)
// *** Execute ***
// Launch: 1 / 1
// Execute: dotnet Benchmarks-ShortRun-1.dll --anonymousPipes 185 186 --benchmarkName Benchmarks.SetBenchmarks.Add_LangExt --job ShortRun --benchmarkId 2 in /var/home/linus/Programmering/c#/Set/Benchmarks/bin/Release/net10.0/Benchmarks-ShortRun-1/bin/Release/net10.0
// Failed to set up high priority (Permission denied). In order to run benchmarks with high priority, make sure you have the right permissions.
// BeforeAnythingElse

// Benchmark Process Environment Information:
// BenchmarkDotNet v0.15.8
// Runtime=.NET 10.0.7 (10.0.7, 10.0.726.21808), X64 RyuJIT x86-64-v4
// GC=Concurrent Workstation
// HardwareIntrinsics=AVX512 BITALG+VBMI2+VNNI+VPOPCNTDQ,AVX512 IFMA+VBMI,AVX512 F+BW+CD+DQ+VL,AVX2+BMI1+BMI2+F16C+FMA+LZCNT+MOVBE,AVX,SSE3+SSSE3+SSE4.1+SSE4.2+POPCNT,X86Base+SSE+SSE2,AES+PCLMUL VectorSize=256
// Job: ShortRun(IterationCount=3, LaunchCount=1, WarmupCount=3)

OverheadJitting  1: 1 op, 146168.00 ns, 146.1680 us/op
WorkloadJitting  1: 1 op, 26779546.00 ns, 26.7795 ms/op

OverheadJitting  2: 16 op, 290146.00 ns, 18.1341 us/op
WorkloadJitting  2: 16 op, 362380922.00 ns, 22.6488 ms/op

WorkloadPilot    1: 16 op, 381073340.00 ns, 23.8171 ms/op
WorkloadPilot    2: 32 op, 769883202.00 ns, 24.0589 ms/op

OverheadWarmup   1: 32 op, 1770.00 ns, 55.3125 ns/op
OverheadWarmup   2: 32 op, 1610.00 ns, 50.3125 ns/op
OverheadWarmup   3: 32 op, 1310.00 ns, 40.9375 ns/op
OverheadWarmup   4: 32 op, 1090.00 ns, 34.0625 ns/op
OverheadWarmup   5: 32 op, 1380.00 ns, 43.1250 ns/op
OverheadWarmup   6: 32 op, 1410.00 ns, 44.0625 ns/op
OverheadWarmup   7: 32 op, 960.00 ns, 30.0000 ns/op
OverheadWarmup   8: 32 op, 1180.00 ns, 36.8750 ns/op
OverheadWarmup   9: 32 op, 1240.00 ns, 38.7500 ns/op
OverheadWarmup  10: 32 op, 1270.00 ns, 39.6875 ns/op

OverheadActual   1: 32 op, 1120.00 ns, 35.0000 ns/op
OverheadActual   2: 32 op, 1110.00 ns, 34.6875 ns/op
OverheadActual   3: 32 op, 1100.00 ns, 34.3750 ns/op
OverheadActual   4: 32 op, 1310.00 ns, 40.9375 ns/op
OverheadActual   5: 32 op, 1130.00 ns, 35.3125 ns/op
OverheadActual   6: 32 op, 1580.00 ns, 49.3750 ns/op
OverheadActual   7: 32 op, 2090.00 ns, 65.3125 ns/op
OverheadActual   8: 32 op, 1410.00 ns, 44.0625 ns/op
OverheadActual   9: 32 op, 1020.00 ns, 31.8750 ns/op
OverheadActual  10: 32 op, 740.00 ns, 23.1250 ns/op
OverheadActual  11: 32 op, 1320.00 ns, 41.2500 ns/op
OverheadActual  12: 32 op, 1070.00 ns, 33.4375 ns/op
OverheadActual  13: 32 op, 1080.00 ns, 33.7500 ns/op
OverheadActual  14: 32 op, 1120.00 ns, 35.0000 ns/op
OverheadActual  15: 32 op, 1410.00 ns, 44.0625 ns/op
OverheadActual  16: 32 op, 1310.00 ns, 40.9375 ns/op
OverheadActual  17: 32 op, 1150.00 ns, 35.9375 ns/op
OverheadActual  18: 32 op, 1060.00 ns, 33.1250 ns/op
OverheadActual  19: 32 op, 1260.00 ns, 39.3750 ns/op
OverheadActual  20: 32 op, 3350.00 ns, 104.6875 ns/op

WorkloadWarmup   1: 32 op, 721512671.00 ns, 22.5473 ms/op
WorkloadWarmup   2: 32 op, 723045084.00 ns, 22.5952 ms/op
WorkloadWarmup   3: 32 op, 707581210.00 ns, 22.1119 ms/op

// BeforeActualRun
WorkloadActual   1: 32 op, 706997996.00 ns, 22.0937 ms/op
WorkloadActual   2: 32 op, 714716908.00 ns, 22.3349 ms/op
WorkloadActual   3: 32 op, 704573754.00 ns, 22.0179 ms/op

// AfterActualRun
WorkloadResult   1: 32 op, 706996856.00 ns, 22.0937 ms/op
WorkloadResult   2: 32 op, 714715768.00 ns, 22.3349 ms/op
WorkloadResult   3: 32 op, 704572614.00 ns, 22.0179 ms/op
// GC:  238 46 2 3950478784 32
// Threading:  0 0 32

// AfterAll
// Benchmark Process 183382 has exited with code 0.

Mean = 22.149 ms, StdErr = 0.096 ms (0.43%), N = 3, StdDev = 0.166 ms
Min = 22.018 ms, Q1 = 22.056 ms, Median = 22.094 ms, Q3 = 22.214 ms, Max = 22.335 ms
IQR = 0.158 ms, LowerFence = 21.818 ms, UpperFence = 22.452 ms
ConfidenceInterval = [19.129 ms; 25.169 ms] (CI 99.9%), Margin = 3.020 ms (13.63% of Mean)
Skewness = 0.3, Kurtosis = 0.67, MValue = 2

// ** Remained 14 (82.4%) benchmark(s) to run. Estimated finish 2026-08-19 8:47 (0h 2m from now) **
// **************************
// Benchmark: SetBenchmarks.Builder_Champ: ShortRun(IterationCount=3, LaunchCount=1, WarmupCount=3)
// *** Execute ***
// Launch: 1 / 1
// Execute: dotnet Benchmarks-ShortRun-1.dll --anonymousPipes 185 186 --benchmarkName Benchmarks.SetBenchmarks.Builder_Champ --job ShortRun --benchmarkId 3 in /var/home/linus/Programmering/c#/Set/Benchmarks/bin/Release/net10.0/Benchmarks-ShortRun-1/bin/Release/net10.0
// Failed to set up high priority (Permission denied). In order to run benchmarks with high priority, make sure you have the right permissions.
// BeforeAnythingElse

// Benchmark Process Environment Information:
// BenchmarkDotNet v0.15.8
// Runtime=.NET 10.0.7 (10.0.7, 10.0.726.21808), X64 RyuJIT x86-64-v4
// GC=Concurrent Workstation
// HardwareIntrinsics=AVX512 BITALG+VBMI2+VNNI+VPOPCNTDQ,AVX512 IFMA+VBMI,AVX512 F+BW+CD+DQ+VL,AVX2+BMI1+BMI2+F16C+FMA+LZCNT+MOVBE,AVX,SSE3+SSSE3+SSE4.1+SSE4.2+POPCNT,X86Base+SSE+SSE2,AES+PCLMUL VectorSize=256
// Job: ShortRun(IterationCount=3, LaunchCount=1, WarmupCount=3)

OverheadJitting  1: 1 op, 161698.00 ns, 161.6980 us/op
WorkloadJitting  1: 1 op, 17028516.00 ns, 17.0285 ms/op

OverheadJitting  2: 16 op, 456235.00 ns, 28.5147 us/op
WorkloadJitting  2: 16 op, 203303070.00 ns, 12.7064 ms/op

WorkloadPilot    1: 16 op, 70894324.00 ns, 4.4309 ms/op
WorkloadPilot    2: 32 op, 146024930.00 ns, 4.5633 ms/op
WorkloadPilot    3: 64 op, 280171276.00 ns, 4.3777 ms/op
WorkloadPilot    4: 128 op, 549018891.00 ns, 4.2892 ms/op

OverheadWarmup   1: 128 op, 3920.00 ns, 30.6250 ns/op
OverheadWarmup   2: 128 op, 1280.00 ns, 10.0000 ns/op
OverheadWarmup   3: 128 op, 1540.00 ns, 12.0313 ns/op
OverheadWarmup   4: 128 op, 1370.00 ns, 10.7031 ns/op
OverheadWarmup   5: 128 op, 1270.00 ns, 9.9219 ns/op
OverheadWarmup   6: 128 op, 1470.00 ns, 11.4844 ns/op
OverheadWarmup   7: 128 op, 1290.00 ns, 10.0781 ns/op

OverheadActual   1: 128 op, 2940.00 ns, 22.9688 ns/op
OverheadActual   2: 128 op, 1689.00 ns, 13.1953 ns/op
OverheadActual   3: 128 op, 1200.00 ns, 9.3750 ns/op
OverheadActual   4: 128 op, 1750.00 ns, 13.6719 ns/op
OverheadActual   5: 128 op, 1970.00 ns, 15.3906 ns/op
OverheadActual   6: 128 op, 1150.00 ns, 8.9844 ns/op
OverheadActual   7: 128 op, 1940.00 ns, 15.1563 ns/op
OverheadActual   8: 128 op, 1230.00 ns, 9.6094 ns/op
OverheadActual   9: 128 op, 1560.00 ns, 12.1875 ns/op
OverheadActual  10: 128 op, 1450.00 ns, 11.3281 ns/op
OverheadActual  11: 128 op, 7410.00 ns, 57.8906 ns/op
OverheadActual  12: 128 op, 2170.00 ns, 16.9531 ns/op
OverheadActual  13: 128 op, 1390.00 ns, 10.8594 ns/op
OverheadActual  14: 128 op, 1250.00 ns, 9.7656 ns/op
OverheadActual  15: 128 op, 1270.00 ns, 9.9219 ns/op
OverheadActual  16: 128 op, 1080.00 ns, 8.4375 ns/op
OverheadActual  17: 128 op, 1010.00 ns, 7.8906 ns/op
OverheadActual  18: 128 op, 940.00 ns, 7.3438 ns/op
OverheadActual  19: 128 op, 1220.00 ns, 9.5313 ns/op
OverheadActual  20: 128 op, 1090.00 ns, 8.5156 ns/op

WorkloadWarmup   1: 128 op, 559460442.00 ns, 4.3708 ms/op
WorkloadWarmup   2: 128 op, 552672250.00 ns, 4.3178 ms/op
WorkloadWarmup   3: 128 op, 547264741.00 ns, 4.2755 ms/op

// BeforeActualRun
WorkloadActual   1: 128 op, 555673346.00 ns, 4.3412 ms/op
WorkloadActual   2: 128 op, 553429011.00 ns, 4.3237 ms/op
WorkloadActual   3: 128 op, 547954604.00 ns, 4.2809 ms/op

// AfterActualRun
WorkloadResult   1: 128 op, 555672016.00 ns, 4.3412 ms/op
WorkloadResult   2: 128 op, 553427681.00 ns, 4.3237 ms/op
WorkloadResult   3: 128 op, 547953274.00 ns, 4.2809 ms/op
// GC:  115 71 0 1932727296 128
// Threading:  0 0 128

// AfterAll
// Benchmark Process 183720 has exited with code 0.

Mean = 4.315 ms, StdErr = 0.018 ms (0.42%), N = 3, StdDev = 0.031 ms
Min = 4.281 ms, Q1 = 4.302 ms, Median = 4.324 ms, Q3 = 4.332 ms, Max = 4.341 ms
IQR = 0.030 ms, LowerFence = 4.257 ms, UpperFence = 4.378 ms
ConfidenceInterval = [3.749 ms; 4.881 ms] (CI 99.9%), Margin = 0.566 ms (13.11% of Mean)
Skewness = -0.25, Kurtosis = 0.67, MValue = 2

// ** Remained 13 (76.5%) benchmark(s) to run. Estimated finish 2026-08-19 8:47 (0h 1m from now) **
// **************************
// Benchmark: SetBenchmarks.Builder_MS: ShortRun(IterationCount=3, LaunchCount=1, WarmupCount=3)
// *** Execute ***
// Launch: 1 / 1
// Execute: dotnet Benchmarks-ShortRun-1.dll --anonymousPipes 185 186 --benchmarkName Benchmarks.SetBenchmarks.Builder_MS --job ShortRun --benchmarkId 4 in /var/home/linus/Programmering/c#/Set/Benchmarks/bin/Release/net10.0/Benchmarks-ShortRun-1/bin/Release/net10.0
// Failed to set up high priority (Permission denied). In order to run benchmarks with high priority, make sure you have the right permissions.
// BeforeAnythingElse

// Benchmark Process Environment Information:
// BenchmarkDotNet v0.15.8
// Runtime=.NET 10.0.7 (10.0.7, 10.0.726.21808), X64 RyuJIT x86-64-v4
// GC=Concurrent Workstation
// HardwareIntrinsics=AVX512 BITALG+VBMI2+VNNI+VPOPCNTDQ,AVX512 IFMA+VBMI,AVX512 F+BW+CD+DQ+VL,AVX2+BMI1+BMI2+F16C+FMA+LZCNT+MOVBE,AVX,SSE3+SSSE3+SSE4.1+SSE4.2+POPCNT,X86Base+SSE+SSE2,AES+PCLMUL VectorSize=256
// Job: ShortRun(IterationCount=3, LaunchCount=1, WarmupCount=3)

OverheadJitting  1: 1 op, 158488.00 ns, 158.4880 us/op
WorkloadJitting  1: 1 op, 12739755.00 ns, 12.7398 ms/op

OverheadJitting  2: 16 op, 447765.00 ns, 27.9853 us/op
WorkloadJitting  2: 16 op, 143264602.00 ns, 8.9540 ms/op

WorkloadPilot    1: 16 op, 136524528.00 ns, 8.5328 ms/op
WorkloadPilot    2: 32 op, 272816080.00 ns, 8.5255 ms/op
WorkloadPilot    3: 64 op, 536296126.00 ns, 8.3796 ms/op

OverheadWarmup   1: 64 op, 3950.00 ns, 61.7188 ns/op
OverheadWarmup   2: 64 op, 1300.00 ns, 20.3125 ns/op
OverheadWarmup   3: 64 op, 1100.00 ns, 17.1875 ns/op
OverheadWarmup   4: 64 op, 1680.00 ns, 26.2500 ns/op
OverheadWarmup   5: 64 op, 1380.00 ns, 21.5625 ns/op
OverheadWarmup   6: 64 op, 990.00 ns, 15.4688 ns/op
OverheadWarmup   7: 64 op, 1050.00 ns, 16.4063 ns/op
OverheadWarmup   8: 64 op, 980.00 ns, 15.3125 ns/op

OverheadActual   1: 64 op, 1590.00 ns, 24.8438 ns/op
OverheadActual   2: 64 op, 1290.00 ns, 20.1563 ns/op
OverheadActual   3: 64 op, 1250.00 ns, 19.5313 ns/op
OverheadActual   4: 64 op, 1240.00 ns, 19.3750 ns/op
OverheadActual   5: 64 op, 4760.00 ns, 74.3750 ns/op
OverheadActual   6: 64 op, 1080.00 ns, 16.8750 ns/op
OverheadActual   7: 64 op, 1290.00 ns, 20.1563 ns/op
OverheadActual   8: 64 op, 1320.00 ns, 20.6250 ns/op
OverheadActual   9: 64 op, 1170.00 ns, 18.2813 ns/op
OverheadActual  10: 64 op, 1350.00 ns, 21.0938 ns/op
OverheadActual  11: 64 op, 1060.00 ns, 16.5625 ns/op
OverheadActual  12: 64 op, 1260.00 ns, 19.6875 ns/op
OverheadActual  13: 64 op, 1320.00 ns, 20.6250 ns/op
OverheadActual  14: 64 op, 1220.00 ns, 19.0625 ns/op
OverheadActual  15: 64 op, 1390.00 ns, 21.7188 ns/op
OverheadActual  16: 64 op, 1200.00 ns, 18.7500 ns/op
OverheadActual  17: 64 op, 1410.00 ns, 22.0313 ns/op
OverheadActual  18: 64 op, 1710.00 ns, 26.7188 ns/op
OverheadActual  19: 64 op, 1690.00 ns, 26.4063 ns/op
OverheadActual  20: 64 op, 1450.00 ns, 22.6563 ns/op

WorkloadWarmup   1: 64 op, 539591049.00 ns, 8.4311 ms/op
WorkloadWarmup   2: 64 op, 541017643.00 ns, 8.4534 ms/op
WorkloadWarmup   3: 64 op, 534741574.00 ns, 8.3553 ms/op

// BeforeActualRun
WorkloadActual   1: 64 op, 540598137.00 ns, 8.4468 ms/op
WorkloadActual   2: 64 op, 541680385.00 ns, 8.4638 ms/op
WorkloadActual   3: 64 op, 541085111.00 ns, 8.4545 ms/op

// AfterActualRun
WorkloadResult   1: 64 op, 540596832.00 ns, 8.4468 ms/op
WorkloadResult   2: 64 op, 541679080.00 ns, 8.4637 ms/op
WorkloadResult   3: 64 op, 541083806.00 ns, 8.4544 ms/op
// GC:  21 20 0 358403072 64
// Threading:  0 0 64

// AfterAll
// Benchmark Process 183791 has exited with code 0.

Mean = 8.455 ms, StdErr = 0.005 ms (0.06%), N = 3, StdDev = 0.008 ms
Min = 8.447 ms, Q1 = 8.451 ms, Median = 8.454 ms, Q3 = 8.459 ms, Max = 8.464 ms
IQR = 0.008 ms, LowerFence = 8.438 ms, UpperFence = 8.472 ms
ConfidenceInterval = [8.300 ms; 8.610 ms] (CI 99.9%), Margin = 0.155 ms (1.83% of Mean)
Skewness = 0.07, Kurtosis = 0.67, MValue = 2

// ** Remained 12 (70.6%) benchmark(s) to run. Estimated finish 2026-08-19 8:47 (0h 1m from now) **
// **************************
// Benchmark: SetBenchmarks.Remove_Champ: ShortRun(IterationCount=3, LaunchCount=1, WarmupCount=3)
// *** Execute ***
// Launch: 1 / 1
// Execute: dotnet Benchmarks-ShortRun-1.dll --anonymousPipes 185 186 --benchmarkName Benchmarks.SetBenchmarks.Remove_Champ --job ShortRun --benchmarkId 5 in /var/home/linus/Programmering/c#/Set/Benchmarks/bin/Release/net10.0/Benchmarks-ShortRun-1/bin/Release/net10.0
// Failed to set up high priority (Permission denied). In order to run benchmarks with high priority, make sure you have the right permissions.
// BeforeAnythingElse

// Benchmark Process Environment Information:
// BenchmarkDotNet v0.15.8
// Runtime=.NET 10.0.7 (10.0.7, 10.0.726.21808), X64 RyuJIT x86-64-v4
// GC=Concurrent Workstation
// HardwareIntrinsics=AVX512 BITALG+VBMI2+VNNI+VPOPCNTDQ,AVX512 IFMA+VBMI,AVX512 F+BW+CD+DQ+VL,AVX2+BMI1+BMI2+F16C+FMA+LZCNT+MOVBE,AVX,SSE3+SSSE3+SSE4.1+SSE4.2+POPCNT,X86Base+SSE+SSE2,AES+PCLMUL VectorSize=256
// Job: ShortRun(IterationCount=3, LaunchCount=1, WarmupCount=3)

OverheadJitting  1: 1 op, 157848.00 ns, 157.8480 us/op
WorkloadJitting  1: 1 op, 30787600.00 ns, 30.7876 ms/op

OverheadJitting  2: 16 op, 463505.00 ns, 28.9691 us/op
WorkloadJitting  2: 16 op, 241512885.00 ns, 15.0946 ms/op

WorkloadPilot    1: 16 op, 197529625.00 ns, 12.3456 ms/op
WorkloadPilot    2: 32 op, 390017248.00 ns, 12.1880 ms/op
WorkloadPilot    3: 64 op, 764645681.00 ns, 11.9476 ms/op

OverheadWarmup   1: 64 op, 2510.00 ns, 39.2188 ns/op
OverheadWarmup   2: 64 op, 1070.00 ns, 16.7188 ns/op
OverheadWarmup   3: 64 op, 1130.00 ns, 17.6563 ns/op
OverheadWarmup   4: 64 op, 1130.00 ns, 17.6563 ns/op
OverheadWarmup   5: 64 op, 1120.00 ns, 17.5000 ns/op
OverheadWarmup   6: 64 op, 1140.00 ns, 17.8125 ns/op

OverheadActual   1: 64 op, 1180.00 ns, 18.4375 ns/op
OverheadActual   2: 64 op, 1560.00 ns, 24.3750 ns/op
OverheadActual   3: 64 op, 1480.00 ns, 23.1250 ns/op
OverheadActual   4: 64 op, 1110.00 ns, 17.3438 ns/op
OverheadActual   5: 64 op, 1620.00 ns, 25.3125 ns/op
OverheadActual   6: 64 op, 1050.00 ns, 16.4063 ns/op
OverheadActual   7: 64 op, 1080.00 ns, 16.8750 ns/op
OverheadActual   8: 64 op, 1210.00 ns, 18.9063 ns/op
OverheadActual   9: 64 op, 1310.00 ns, 20.4688 ns/op
OverheadActual  10: 64 op, 1190.00 ns, 18.5938 ns/op
OverheadActual  11: 64 op, 1270.00 ns, 19.8438 ns/op
OverheadActual  12: 64 op, 1150.00 ns, 17.9688 ns/op
OverheadActual  13: 64 op, 1060.00 ns, 16.5625 ns/op
OverheadActual  14: 64 op, 1110.00 ns, 17.3438 ns/op
OverheadActual  15: 64 op, 1160.00 ns, 18.1250 ns/op
OverheadActual  16: 64 op, 1190.00 ns, 18.5938 ns/op
OverheadActual  17: 64 op, 950.00 ns, 14.8438 ns/op
OverheadActual  18: 64 op, 1260.00 ns, 19.6875 ns/op
OverheadActual  19: 64 op, 990.00 ns, 15.4688 ns/op
OverheadActual  20: 64 op, 840.00 ns, 13.1250 ns/op

WorkloadWarmup   1: 64 op, 817895416.00 ns, 12.7796 ms/op
WorkloadWarmup   2: 64 op, 806498346.00 ns, 12.6015 ms/op
WorkloadWarmup   3: 64 op, 779354914.00 ns, 12.1774 ms/op

// BeforeActualRun
WorkloadActual   1: 64 op, 809809428.00 ns, 12.6533 ms/op
WorkloadActual   2: 64 op, 799256227.00 ns, 12.4884 ms/op
WorkloadActual   3: 64 op, 782357440.00 ns, 12.2243 ms/op

// AfterActualRun
WorkloadResult   1: 64 op, 809808258.00 ns, 12.6533 ms/op
WorkloadResult   2: 64 op, 799255057.00 ns, 12.4884 ms/op
WorkloadResult   3: 64 op, 782356270.00 ns, 12.2243 ms/op
// GC:  334 52 0 5598596096 64
// Threading:  0 0 64

// AfterAll
// Benchmark Process 183827 has exited with code 0.

Mean = 12.455 ms, StdErr = 0.125 ms (1.00%), N = 3, StdDev = 0.216 ms
Min = 12.224 ms, Q1 = 12.356 ms, Median = 12.488 ms, Q3 = 12.571 ms, Max = 12.653 ms
IQR = 0.214 ms, LowerFence = 12.035 ms, UpperFence = 12.893 ms
ConfidenceInterval = [8.508 ms; 16.403 ms] (CI 99.9%), Margin = 3.947 ms (31.69% of Mean)
Skewness = -0.15, Kurtosis = 0.67, MValue = 2

// ** Remained 11 (64.7%) benchmark(s) to run. Estimated finish 2026-08-19 8:47 (0h 1m from now) **
// **************************
// Benchmark: SetBenchmarks.Remove_MS: ShortRun(IterationCount=3, LaunchCount=1, WarmupCount=3)
// *** Execute ***
// Launch: 1 / 1
// Execute: dotnet Benchmarks-ShortRun-1.dll --anonymousPipes 185 186 --benchmarkName Benchmarks.SetBenchmarks.Remove_MS --job ShortRun --benchmarkId 6 in /var/home/linus/Programmering/c#/Set/Benchmarks/bin/Release/net10.0/Benchmarks-ShortRun-1/bin/Release/net10.0
// Failed to set up high priority (Permission denied). In order to run benchmarks with high priority, make sure you have the right permissions.
// BeforeAnythingElse

// Benchmark Process Environment Information:
// BenchmarkDotNet v0.15.8
// Runtime=.NET 10.0.7 (10.0.7, 10.0.726.21808), X64 RyuJIT x86-64-v4
// GC=Concurrent Workstation
// HardwareIntrinsics=AVX512 BITALG+VBMI2+VNNI+VPOPCNTDQ,AVX512 IFMA+VBMI,AVX512 F+BW+CD+DQ+VL,AVX2+BMI1+BMI2+F16C+FMA+LZCNT+MOVBE,AVX,SSE3+SSSE3+SSE4.1+SSE4.2+POPCNT,X86Base+SSE+SSE2,AES+PCLMUL VectorSize=256
// Job: ShortRun(IterationCount=3, LaunchCount=1, WarmupCount=3)

OverheadJitting  1: 1 op, 161878.00 ns, 161.8780 us/op
WorkloadJitting  1: 1 op, 43883002.00 ns, 43.8830 ms/op

WorkloadPilot    1: 2 op, 70984823.00 ns, 35.4924 ms/op
WorkloadPilot    2: 3 op, 104495022.00 ns, 34.8317 ms/op
WorkloadPilot    3: 4 op, 105702069.00 ns, 26.4255 ms/op
WorkloadPilot    4: 5 op, 94105161.00 ns, 18.8210 ms/op
WorkloadPilot    5: 6 op, 109980801.00 ns, 18.3301 ms/op
WorkloadPilot    6: 7 op, 131664734.00 ns, 18.8092 ms/op
WorkloadPilot    7: 8 op, 150127804.00 ns, 18.7660 ms/op
WorkloadPilot    8: 9 op, 167818513.00 ns, 18.6465 ms/op
WorkloadPilot    9: 10 op, 185587431.00 ns, 18.5587 ms/op
WorkloadPilot   10: 11 op, 204850702.00 ns, 18.6228 ms/op
WorkloadPilot   11: 12 op, 222019707.00 ns, 18.5016 ms/op
WorkloadPilot   12: 13 op, 241367477.00 ns, 18.5667 ms/op
WorkloadPilot   13: 14 op, 262474827.00 ns, 18.7482 ms/op
WorkloadPilot   14: 15 op, 270433437.00 ns, 18.0289 ms/op
WorkloadPilot   15: 16 op, 307525196.00 ns, 19.2203 ms/op
WorkloadPilot   16: 32 op, 595271636.00 ns, 18.6022 ms/op

WorkloadWarmup   1: 32 op, 572186549.00 ns, 17.8808 ms/op
WorkloadWarmup   2: 32 op, 605769857.00 ns, 18.9303 ms/op
WorkloadWarmup   3: 32 op, 606670897.00 ns, 18.9585 ms/op

// BeforeActualRun
WorkloadActual   1: 32 op, 584775965.00 ns, 18.2742 ms/op
WorkloadActual   2: 32 op, 581915667.00 ns, 18.1849 ms/op
WorkloadActual   3: 32 op, 596276324.00 ns, 18.6336 ms/op

// AfterActualRun
WorkloadResult   1: 32 op, 584775965.00 ns, 18.2742 ms/op
WorkloadResult   2: 32 op, 581915667.00 ns, 18.1849 ms/op
WorkloadResult   3: 32 op, 596276324.00 ns, 18.6336 ms/op
// GC:  131 0 0 2206117376 32
// Threading:  0 0 32

// AfterAll
// Benchmark Process 183937 has exited with code 0.

Mean = 18.364 ms, StdErr = 0.137 ms (0.75%), N = 3, StdDev = 0.238 ms
Min = 18.185 ms, Q1 = 18.230 ms, Median = 18.274 ms, Q3 = 18.454 ms, Max = 18.634 ms
IQR = 0.224 ms, LowerFence = 17.893 ms, UpperFence = 18.791 ms
ConfidenceInterval = [14.031 ms; 22.698 ms] (CI 99.9%), Margin = 4.334 ms (23.60% of Mean)
Skewness = 0.32, Kurtosis = 0.67, MValue = 2

// ** Remained 10 (58.8%) benchmark(s) to run. Estimated finish 2026-08-19 8:47 (0h 1m from now) **
// **************************
// Benchmark: SetBenchmarks.Remove_LangExt: ShortRun(IterationCount=3, LaunchCount=1, WarmupCount=3)
// *** Execute ***
// Launch: 1 / 1
// Execute: dotnet Benchmarks-ShortRun-1.dll --anonymousPipes 185 186 --benchmarkName Benchmarks.SetBenchmarks.Remove_LangExt --job ShortRun --benchmarkId 7 in /var/home/linus/Programmering/c#/Set/Benchmarks/bin/Release/net10.0/Benchmarks-ShortRun-1/bin/Release/net10.0
// Failed to set up high priority (Permission denied). In order to run benchmarks with high priority, make sure you have the right permissions.
// BeforeAnythingElse

// Benchmark Process Environment Information:
// BenchmarkDotNet v0.15.8
// Runtime=.NET 10.0.7 (10.0.7, 10.0.726.21808), X64 RyuJIT x86-64-v4
// GC=Concurrent Workstation
// HardwareIntrinsics=AVX512 BITALG+VBMI2+VNNI+VPOPCNTDQ,AVX512 IFMA+VBMI,AVX512 F+BW+CD+DQ+VL,AVX2+BMI1+BMI2+F16C+FMA+LZCNT+MOVBE,AVX,SSE3+SSSE3+SSE4.1+SSE4.2+POPCNT,X86Base+SSE+SSE2,AES+PCLMUL VectorSize=256
// Job: ShortRun(IterationCount=3, LaunchCount=1, WarmupCount=3)

OverheadJitting  1: 1 op, 149819.00 ns, 149.8190 us/op
WorkloadJitting  1: 1 op, 31250605.00 ns, 31.2506 ms/op

OverheadJitting  2: 16 op, 279657.00 ns, 17.4786 us/op
WorkloadJitting  2: 16 op, 317080857.00 ns, 19.8176 ms/op

WorkloadPilot    1: 16 op, 296353482.00 ns, 18.5221 ms/op
WorkloadPilot    2: 32 op, 600043951.00 ns, 18.7514 ms/op

OverheadWarmup   1: 32 op, 3469.00 ns, 108.4063 ns/op
OverheadWarmup   2: 32 op, 1510.00 ns, 47.1875 ns/op
OverheadWarmup   3: 32 op, 1150.00 ns, 35.9375 ns/op
OverheadWarmup   4: 32 op, 1330.00 ns, 41.5625 ns/op
OverheadWarmup   5: 32 op, 1080.00 ns, 33.7500 ns/op
OverheadWarmup   6: 32 op, 1260.00 ns, 39.3750 ns/op
OverheadWarmup   7: 32 op, 1110.00 ns, 34.6875 ns/op

OverheadActual   1: 32 op, 1040.00 ns, 32.5000 ns/op
OverheadActual   2: 32 op, 1120.00 ns, 35.0000 ns/op
OverheadActual   3: 32 op, 1140.00 ns, 35.6250 ns/op
OverheadActual   4: 32 op, 1000.00 ns, 31.2500 ns/op
OverheadActual   5: 32 op, 1030.00 ns, 32.1875 ns/op
OverheadActual   6: 32 op, 1230.00 ns, 38.4375 ns/op
OverheadActual   7: 32 op, 1030.00 ns, 32.1875 ns/op
OverheadActual   8: 32 op, 1030.00 ns, 32.1875 ns/op
OverheadActual   9: 32 op, 1270.00 ns, 39.6875 ns/op
OverheadActual  10: 32 op, 1400.00 ns, 43.7500 ns/op
OverheadActual  11: 32 op, 1110.00 ns, 34.6875 ns/op
OverheadActual  12: 32 op, 1200.00 ns, 37.5000 ns/op
OverheadActual  13: 32 op, 1230.00 ns, 38.4375 ns/op
OverheadActual  14: 32 op, 1310.00 ns, 40.9375 ns/op
OverheadActual  15: 32 op, 1340.00 ns, 41.8750 ns/op
OverheadActual  16: 32 op, 1720.00 ns, 53.7500 ns/op
OverheadActual  17: 32 op, 830.00 ns, 25.9375 ns/op
OverheadActual  18: 32 op, 2150.00 ns, 67.1875 ns/op
OverheadActual  19: 32 op, 1860.00 ns, 58.1250 ns/op
OverheadActual  20: 32 op, 1310.00 ns, 40.9375 ns/op

WorkloadWarmup   1: 32 op, 573953529.00 ns, 17.9360 ms/op
WorkloadWarmup   2: 32 op, 573414574.00 ns, 17.9192 ms/op
WorkloadWarmup   3: 32 op, 566646131.00 ns, 17.7077 ms/op

// BeforeActualRun
WorkloadActual   1: 32 op, 581217905.00 ns, 18.1631 ms/op
WorkloadActual   2: 32 op, 563481357.00 ns, 17.6088 ms/op
WorkloadActual   3: 32 op, 592179650.00 ns, 18.5056 ms/op

// AfterActualRun
WorkloadResult   1: 32 op, 581216690.00 ns, 18.1630 ms/op
WorkloadResult   2: 32 op, 563480142.00 ns, 17.6088 ms/op
WorkloadResult   3: 32 op, 592178435.00 ns, 18.5056 ms/op
// GC:  184 24 1 3076465344 32
// Threading:  0 0 32

// AfterAll
// Benchmark Process 184041 has exited with code 0.

Mean = 18.092 ms, StdErr = 0.261 ms (1.44%), N = 3, StdDev = 0.453 ms
Min = 17.609 ms, Q1 = 17.886 ms, Median = 18.163 ms, Q3 = 18.334 ms, Max = 18.506 ms
IQR = 0.448 ms, LowerFence = 17.213 ms, UpperFence = 19.007 ms
ConfidenceInterval = [9.836 ms; 26.349 ms] (CI 99.9%), Margin = 8.256 ms (45.63% of Mean)
Skewness = -0.15, Kurtosis = 0.67, MValue = 2

// ** Remained 9 (52.9%) benchmark(s) to run. Estimated finish 2026-08-19 8:47 (0h 1m from now) **
// **************************
// Benchmark: SetBenchmarks.Contains_Champ: ShortRun(IterationCount=3, LaunchCount=1, WarmupCount=3)
// *** Execute ***
// Launch: 1 / 1
// Execute: dotnet Benchmarks-ShortRun-1.dll --anonymousPipes 185 186 --benchmarkName Benchmarks.SetBenchmarks.Contains_Champ --job ShortRun --benchmarkId 8 in /var/home/linus/Programmering/c#/Set/Benchmarks/bin/Release/net10.0/Benchmarks-ShortRun-1/bin/Release/net10.0
// Failed to set up high priority (Permission denied). In order to run benchmarks with high priority, make sure you have the right permissions.
// BeforeAnythingElse

// Benchmark Process Environment Information:
// BenchmarkDotNet v0.15.8
// Runtime=.NET 10.0.7 (10.0.7, 10.0.726.21808), X64 RyuJIT x86-64-v4
// GC=Concurrent Workstation
// HardwareIntrinsics=AVX512 BITALG+VBMI2+VNNI+VPOPCNTDQ,AVX512 IFMA+VBMI,AVX512 F+BW+CD+DQ+VL,AVX2+BMI1+BMI2+F16C+FMA+LZCNT+MOVBE,AVX,SSE3+SSSE3+SSE4.1+SSE4.2+POPCNT,X86Base+SSE+SSE2,AES+PCLMUL VectorSize=256
// Job: ShortRun(IterationCount=3, LaunchCount=1, WarmupCount=3)

OverheadJitting  1: 1 op, 140648.00 ns, 140.6480 us/op
WorkloadJitting  1: 1 op, 2574751.00 ns, 2.5748 ms/op

OverheadJitting  2: 16 op, 344876.00 ns, 21.5548 us/op
WorkloadJitting  2: 16 op, 14600945.00 ns, 912.5591 us/op

WorkloadPilot    1: 16 op, 13142740.00 ns, 821.4213 us/op
WorkloadPilot    2: 32 op, 26303671.00 ns, 821.9897 us/op
WorkloadPilot    3: 64 op, 51188509.00 ns, 799.8205 us/op
WorkloadPilot    4: 128 op, 104415404.00 ns, 815.7453 us/op
WorkloadPilot    5: 256 op, 194776417.00 ns, 760.8454 us/op
WorkloadPilot    6: 512 op, 391004397.00 ns, 763.6805 us/op
WorkloadPilot    7: 1024 op, 780410952.00 ns, 762.1201 us/op

OverheadWarmup   1: 1024 op, 3640.00 ns, 3.5547 ns/op
OverheadWarmup   2: 1024 op, 2390.00 ns, 2.3340 ns/op
OverheadWarmup   3: 1024 op, 2530.00 ns, 2.4707 ns/op
OverheadWarmup   4: 1024 op, 2430.00 ns, 2.3730 ns/op
OverheadWarmup   5: 1024 op, 2600.00 ns, 2.5391 ns/op
OverheadWarmup   6: 1024 op, 2450.00 ns, 2.3926 ns/op

OverheadActual   1: 1024 op, 2380.00 ns, 2.3242 ns/op
OverheadActual   2: 1024 op, 2239.00 ns, 2.1865 ns/op
OverheadActual   3: 1024 op, 2270.00 ns, 2.2168 ns/op
OverheadActual   4: 1024 op, 2169.00 ns, 2.1182 ns/op
OverheadActual   5: 1024 op, 2130.00 ns, 2.0801 ns/op
OverheadActual   6: 1024 op, 2320.00 ns, 2.2656 ns/op
OverheadActual   7: 1024 op, 2340.00 ns, 2.2852 ns/op
OverheadActual   8: 1024 op, 2329.00 ns, 2.2744 ns/op
OverheadActual   9: 1024 op, 2000.00 ns, 1.9531 ns/op
OverheadActual  10: 1024 op, 2440.00 ns, 2.3828 ns/op
OverheadActual  11: 1024 op, 2080.00 ns, 2.0313 ns/op
OverheadActual  12: 1024 op, 1840.00 ns, 1.7969 ns/op
OverheadActual  13: 1024 op, 1490.00 ns, 1.4551 ns/op
OverheadActual  14: 1024 op, 1550.00 ns, 1.5137 ns/op
OverheadActual  15: 1024 op, 1690.00 ns, 1.6504 ns/op
OverheadActual  16: 1024 op, 1810.00 ns, 1.7676 ns/op
OverheadActual  17: 1024 op, 2240.00 ns, 2.1875 ns/op
OverheadActual  18: 1024 op, 1650.00 ns, 1.6113 ns/op
OverheadActual  19: 1024 op, 1850.00 ns, 1.8066 ns/op
OverheadActual  20: 1024 op, 1500.00 ns, 1.4648 ns/op

WorkloadWarmup   1: 1024 op, 781421840.00 ns, 763.1073 us/op
WorkloadWarmup   2: 1024 op, 779041457.00 ns, 760.7827 us/op
WorkloadWarmup   3: 1024 op, 779335845.00 ns, 761.0702 us/op

// BeforeActualRun
WorkloadActual   1: 1024 op, 794386383.00 ns, 775.7680 us/op
WorkloadActual   2: 1024 op, 794068787.00 ns, 775.4578 us/op
WorkloadActual   3: 1024 op, 789634358.00 ns, 771.1273 us/op

// AfterActualRun
WorkloadResult   1: 1024 op, 794384278.00 ns, 775.7659 us/op
WorkloadResult   2: 1024 op, 794066682.00 ns, 775.4557 us/op
WorkloadResult   3: 1024 op, 789632253.00 ns, 771.1252 us/op
// GC:  0 0 0 0 1024
// Threading:  0 0 1024

// AfterAll
// Benchmark Process 184122 has exited with code 0.

Mean = 774.116 μs, StdErr = 1.498 μs (0.19%), N = 3, StdDev = 2.594 μs
Min = 771.125 μs, Q1 = 773.290 μs, Median = 775.456 μs, Q3 = 775.611 μs, Max = 775.766 μs
IQR = 2.320 μs, LowerFence = 769.810 μs, UpperFence = 779.091 μs
ConfidenceInterval = [726.784 μs; 821.447 μs] (CI 99.9%), Margin = 47.331 μs (6.11% of Mean)
Skewness = -0.38, Kurtosis = 0.67, MValue = 2

// ** Remained 8 (47.1%) benchmark(s) to run. Estimated finish 2026-08-19 8:47 (0h 1m from now) **
// **************************
// Benchmark: SetBenchmarks.Contains_MS: ShortRun(IterationCount=3, LaunchCount=1, WarmupCount=3)
// *** Execute ***
// Launch: 1 / 1
// Execute: dotnet Benchmarks-ShortRun-1.dll --anonymousPipes 185 186 --benchmarkName Benchmarks.SetBenchmarks.Contains_MS --job ShortRun --benchmarkId 9 in /var/home/linus/Programmering/c#/Set/Benchmarks/bin/Release/net10.0/Benchmarks-ShortRun-1/bin/Release/net10.0
// Failed to set up high priority (Permission denied). In order to run benchmarks with high priority, make sure you have the right permissions.
// BeforeAnythingElse

// Benchmark Process Environment Information:
// BenchmarkDotNet v0.15.8
// Runtime=.NET 10.0.7 (10.0.7, 10.0.726.21808), X64 RyuJIT x86-64-v4
// GC=Concurrent Workstation
// HardwareIntrinsics=AVX512 BITALG+VBMI2+VNNI+VPOPCNTDQ,AVX512 IFMA+VBMI,AVX512 F+BW+CD+DQ+VL,AVX2+BMI1+BMI2+F16C+FMA+LZCNT+MOVBE,AVX,SSE3+SSSE3+SSE4.1+SSE4.2+POPCNT,X86Base+SSE+SSE2,AES+PCLMUL VectorSize=256
// Job: ShortRun(IterationCount=3, LaunchCount=1, WarmupCount=3)

OverheadJitting  1: 1 op, 143338.00 ns, 143.3380 us/op
WorkloadJitting  1: 1 op, 6871322.00 ns, 6.8713 ms/op

OverheadJitting  2: 16 op, 310236.00 ns, 19.3898 us/op
WorkloadJitting  2: 16 op, 50197740.00 ns, 3.1374 ms/op

WorkloadPilot    1: 16 op, 50464157.00 ns, 3.1540 ms/op
WorkloadPilot    2: 32 op, 110883770.00 ns, 3.4651 ms/op
WorkloadPilot    3: 64 op, 202412150.00 ns, 3.1627 ms/op
WorkloadPilot    4: 128 op, 375756150.00 ns, 2.9356 ms/op
WorkloadPilot    5: 256 op, 738311610.00 ns, 2.8840 ms/op

OverheadWarmup   1: 256 op, 3440.00 ns, 13.4375 ns/op
OverheadWarmup   2: 256 op, 1480.00 ns, 5.7813 ns/op
OverheadWarmup   3: 256 op, 1450.00 ns, 5.6641 ns/op
OverheadWarmup   4: 256 op, 1260.00 ns, 4.9219 ns/op
OverheadWarmup   5: 256 op, 1200.00 ns, 4.6875 ns/op
OverheadWarmup   6: 256 op, 1060.00 ns, 4.1406 ns/op
OverheadWarmup   7: 256 op, 1440.00 ns, 5.6250 ns/op
OverheadWarmup   8: 256 op, 1220.00 ns, 4.7656 ns/op
OverheadWarmup   9: 256 op, 1260.00 ns, 4.9219 ns/op
OverheadWarmup  10: 256 op, 1310.00 ns, 5.1172 ns/op

OverheadActual   1: 256 op, 1250.00 ns, 4.8828 ns/op
OverheadActual   2: 256 op, 1070.00 ns, 4.1797 ns/op
OverheadActual   3: 256 op, 1160.00 ns, 4.5313 ns/op
OverheadActual   4: 256 op, 1190.00 ns, 4.6484 ns/op
OverheadActual   5: 256 op, 1320.00 ns, 5.1563 ns/op
OverheadActual   6: 256 op, 1200.00 ns, 4.6875 ns/op
OverheadActual   7: 256 op, 1110.00 ns, 4.3359 ns/op
OverheadActual   8: 256 op, 1000.00 ns, 3.9063 ns/op
OverheadActual   9: 256 op, 1270.00 ns, 4.9609 ns/op
OverheadActual  10: 256 op, 1010.00 ns, 3.9453 ns/op
OverheadActual  11: 256 op, 1380.00 ns, 5.3906 ns/op
OverheadActual  12: 256 op, 1090.00 ns, 4.2578 ns/op
OverheadActual  13: 256 op, 2560.00 ns, 10.0000 ns/op
OverheadActual  14: 256 op, 1370.00 ns, 5.3516 ns/op
OverheadActual  15: 256 op, 1270.00 ns, 4.9609 ns/op
OverheadActual  16: 256 op, 920.00 ns, 3.5938 ns/op
OverheadActual  17: 256 op, 1300.00 ns, 5.0781 ns/op
OverheadActual  18: 256 op, 1180.00 ns, 4.6094 ns/op
OverheadActual  19: 256 op, 870.00 ns, 3.3984 ns/op
OverheadActual  20: 256 op, 1080.00 ns, 4.2188 ns/op

WorkloadWarmup   1: 256 op, 733008560.00 ns, 2.8633 ms/op
WorkloadWarmup   2: 256 op, 736658079.00 ns, 2.8776 ms/op
WorkloadWarmup   3: 256 op, 755726023.00 ns, 2.9521 ms/op

// BeforeActualRun
WorkloadActual   1: 256 op, 750966577.00 ns, 2.9335 ms/op
WorkloadActual   2: 256 op, 771733531.00 ns, 3.0146 ms/op
WorkloadActual   3: 256 op, 751334833.00 ns, 2.9349 ms/op

// AfterActualRun
WorkloadResult   1: 256 op, 750965392.00 ns, 2.9335 ms/op
WorkloadResult   2: 256 op, 771732346.00 ns, 3.0146 ms/op
WorkloadResult   3: 256 op, 751333648.00 ns, 2.9349 ms/op
// GC:  0 0 0 0 256
// Threading:  0 0 256

// AfterAll
// Benchmark Process 184308 has exited with code 0.

Mean = 2.961 ms, StdErr = 0.027 ms (0.91%), N = 3, StdDev = 0.046 ms
Min = 2.933 ms, Q1 = 2.934 ms, Median = 2.935 ms, Q3 = 2.975 ms, Max = 3.015 ms
IQR = 0.041 ms, LowerFence = 2.873 ms, UpperFence = 3.036 ms
ConfidenceInterval = [2.114 ms; 3.808 ms] (CI 99.9%), Margin = 0.847 ms (28.60% of Mean)
Skewness = 0.38, Kurtosis = 0.67, MValue = 2

// ** Remained 7 (41.2%) benchmark(s) to run. Estimated finish 2026-08-19 8:47 (0h 0m from now) **
// **************************
// Benchmark: SetBenchmarks.Contains_LangExt: ShortRun(IterationCount=3, LaunchCount=1, WarmupCount=3)
// *** Execute ***
// Launch: 1 / 1
// Execute: dotnet Benchmarks-ShortRun-1.dll --anonymousPipes 185 186 --benchmarkName Benchmarks.SetBenchmarks.Contains_LangExt --job ShortRun --benchmarkId 10 in /var/home/linus/Programmering/c#/Set/Benchmarks/bin/Release/net10.0/Benchmarks-ShortRun-1/bin/Release/net10.0
// Failed to set up high priority (Permission denied). In order to run benchmarks with high priority, make sure you have the right permissions.
// BeforeAnythingElse

// Benchmark Process Environment Information:
// BenchmarkDotNet v0.15.8
// Runtime=.NET 10.0.7 (10.0.7, 10.0.726.21808), X64 RyuJIT x86-64-v4
// GC=Concurrent Workstation
// HardwareIntrinsics=AVX512 BITALG+VBMI2+VNNI+VPOPCNTDQ,AVX512 IFMA+VBMI,AVX512 F+BW+CD+DQ+VL,AVX2+BMI1+BMI2+F16C+FMA+LZCNT+MOVBE,AVX,SSE3+SSSE3+SSE4.1+SSE4.2+POPCNT,X86Base+SSE+SSE2,AES+PCLMUL VectorSize=256
// Job: ShortRun(IterationCount=3, LaunchCount=1, WarmupCount=3)

OverheadJitting  1: 1 op, 157518.00 ns, 157.5180 us/op
WorkloadJitting  1: 1 op, 5392888.00 ns, 5.3929 ms/op

OverheadJitting  2: 16 op, 370076.00 ns, 23.1298 us/op
WorkloadJitting  2: 16 op, 64323829.00 ns, 4.0202 ms/op

WorkloadPilot    1: 16 op, 68398993.00 ns, 4.2749 ms/op
WorkloadPilot    2: 32 op, 130656975.00 ns, 4.0830 ms/op
WorkloadPilot    3: 64 op, 130300520.00 ns, 2.0359 ms/op
WorkloadPilot    4: 128 op, 224770556.00 ns, 1.7560 ms/op
WorkloadPilot    5: 256 op, 440963999.00 ns, 1.7225 ms/op
WorkloadPilot    6: 512 op, 876070565.00 ns, 1.7111 ms/op

OverheadWarmup   1: 512 op, 3830.00 ns, 7.4805 ns/op
OverheadWarmup   2: 512 op, 1610.00 ns, 3.1445 ns/op
OverheadWarmup   3: 512 op, 1590.00 ns, 3.1055 ns/op
OverheadWarmup   4: 512 op, 1830.00 ns, 3.5742 ns/op
OverheadWarmup   5: 512 op, 2140.00 ns, 4.1797 ns/op
OverheadWarmup   6: 512 op, 1760.00 ns, 3.4375 ns/op
OverheadWarmup   7: 512 op, 1910.00 ns, 3.7305 ns/op
OverheadWarmup   8: 512 op, 1920.00 ns, 3.7500 ns/op
OverheadWarmup   9: 512 op, 2220.00 ns, 4.3359 ns/op
OverheadWarmup  10: 512 op, 2040.00 ns, 3.9844 ns/op

OverheadActual   1: 512 op, 2000.00 ns, 3.9063 ns/op
OverheadActual   2: 512 op, 1980.00 ns, 3.8672 ns/op
OverheadActual   3: 512 op, 1930.00 ns, 3.7695 ns/op
OverheadActual   4: 512 op, 2540.00 ns, 4.9609 ns/op
OverheadActual   5: 512 op, 1430.00 ns, 2.7930 ns/op
OverheadActual   6: 512 op, 1830.00 ns, 3.5742 ns/op
OverheadActual   7: 512 op, 1960.00 ns, 3.8281 ns/op
OverheadActual   8: 512 op, 1460.00 ns, 2.8516 ns/op
OverheadActual   9: 512 op, 1510.00 ns, 2.9492 ns/op
OverheadActual  10: 512 op, 1530.00 ns, 2.9883 ns/op
OverheadActual  11: 512 op, 1480.00 ns, 2.8906 ns/op
OverheadActual  12: 512 op, 2150.00 ns, 4.1992 ns/op
OverheadActual  13: 512 op, 1660.00 ns, 3.2422 ns/op
OverheadActual  14: 512 op, 1040.00 ns, 2.0313 ns/op
OverheadActual  15: 512 op, 4300.00 ns, 8.3984 ns/op
OverheadActual  16: 512 op, 2060.00 ns, 4.0234 ns/op
OverheadActual  17: 512 op, 1720.00 ns, 3.3594 ns/op
OverheadActual  18: 512 op, 2230.00 ns, 4.3555 ns/op
OverheadActual  19: 512 op, 1930.00 ns, 3.7695 ns/op
OverheadActual  20: 512 op, 1640.00 ns, 3.2031 ns/op

WorkloadWarmup   1: 512 op, 884763466.00 ns, 1.7281 ms/op
WorkloadWarmup   2: 512 op, 887102470.00 ns, 1.7326 ms/op
WorkloadWarmup   3: 512 op, 885969012.00 ns, 1.7304 ms/op

// BeforeActualRun
WorkloadActual   1: 512 op, 878168871.00 ns, 1.7152 ms/op
WorkloadActual   2: 512 op, 874616282.00 ns, 1.7082 ms/op
WorkloadActual   3: 512 op, 888521853.00 ns, 1.7354 ms/op

// AfterActualRun
WorkloadResult   1: 512 op, 878166991.00 ns, 1.7152 ms/op
WorkloadResult   2: 512 op, 874614402.00 ns, 1.7082 ms/op
WorkloadResult   3: 512 op, 888519973.00 ns, 1.7354 ms/op
// GC:  0 0 0 0 512
// Threading:  0 0 512

// AfterAll
// Benchmark Process 184388 has exited with code 0.

Mean = 1.720 ms, StdErr = 0.008 ms (0.47%), N = 3, StdDev = 0.014 ms
Min = 1.708 ms, Q1 = 1.712 ms, Median = 1.715 ms, Q3 = 1.725 ms, Max = 1.735 ms
IQR = 0.014 ms, LowerFence = 1.691 ms, UpperFence = 1.746 ms
ConfidenceInterval = [1.462 ms; 1.977 ms] (CI 99.9%), Margin = 0.257 ms (14.97% of Mean)
Skewness = 0.28, Kurtosis = 0.67, MValue = 2

// ** Remained 6 (35.3%) benchmark(s) to run. Estimated finish 2026-08-19 8:47 (0h 0m from now) **
// **************************
// Benchmark: SetBenchmarks.Merge_Champ: ShortRun(IterationCount=3, LaunchCount=1, WarmupCount=3)
// *** Execute ***
// Launch: 1 / 1
// Execute: dotnet Benchmarks-ShortRun-1.dll --anonymousPipes 185 186 --benchmarkName Benchmarks.SetBenchmarks.Merge_Champ --job ShortRun --benchmarkId 11 in /var/home/linus/Programmering/c#/Set/Benchmarks/bin/Release/net10.0/Benchmarks-ShortRun-1/bin/Release/net10.0
// Failed to set up high priority (Permission denied). In order to run benchmarks with high priority, make sure you have the right permissions.
// BeforeAnythingElse

// Benchmark Process Environment Information:
// BenchmarkDotNet v0.15.8
// Runtime=.NET 10.0.7 (10.0.7, 10.0.726.21808), X64 RyuJIT x86-64-v4
// GC=Concurrent Workstation
// HardwareIntrinsics=AVX512 BITALG+VBMI2+VNNI+VPOPCNTDQ,AVX512 IFMA+VBMI,AVX512 F+BW+CD+DQ+VL,AVX2+BMI1+BMI2+F16C+FMA+LZCNT+MOVBE,AVX,SSE3+SSSE3+SSE4.1+SSE4.2+POPCNT,X86Base+SSE+SSE2,AES+PCLMUL VectorSize=256
// Job: ShortRun(IterationCount=3, LaunchCount=1, WarmupCount=3)

OverheadJitting  1: 1 op, 160308.00 ns, 160.3080 us/op
WorkloadJitting  1: 1 op, 15228917.00 ns, 15.2289 ms/op

OverheadJitting  2: 16 op, 495284.00 ns, 30.9553 us/op
WorkloadJitting  2: 16 op, 143807146.00 ns, 8.9879 ms/op

WorkloadPilot    1: 16 op, 79301719.00 ns, 4.9564 ms/op
WorkloadPilot    2: 32 op, 138714653.00 ns, 4.3348 ms/op
WorkloadPilot    3: 64 op, 130910743.00 ns, 2.0455 ms/op
WorkloadPilot    4: 128 op, 238244193.00 ns, 1.8613 ms/op
WorkloadPilot    5: 256 op, 485904329.00 ns, 1.8981 ms/op
WorkloadPilot    6: 512 op, 968771001.00 ns, 1.8921 ms/op

OverheadWarmup   1: 512 op, 4490.00 ns, 8.7695 ns/op
OverheadWarmup   2: 512 op, 2210.00 ns, 4.3164 ns/op
OverheadWarmup   3: 512 op, 2810.00 ns, 5.4883 ns/op
OverheadWarmup   4: 512 op, 2910.00 ns, 5.6836 ns/op
OverheadWarmup   5: 512 op, 2360.00 ns, 4.6094 ns/op
OverheadWarmup   6: 512 op, 2420.00 ns, 4.7266 ns/op
OverheadWarmup   7: 512 op, 2300.00 ns, 4.4922 ns/op

OverheadActual   1: 512 op, 2640.00 ns, 5.1563 ns/op
OverheadActual   2: 512 op, 2330.00 ns, 4.5508 ns/op
OverheadActual   3: 512 op, 2580.00 ns, 5.0391 ns/op
OverheadActual   4: 512 op, 2970.00 ns, 5.8008 ns/op
OverheadActual   5: 512 op, 2650.00 ns, 5.1758 ns/op
OverheadActual   6: 512 op, 3080.00 ns, 6.0156 ns/op
OverheadActual   7: 512 op, 2570.00 ns, 5.0195 ns/op
OverheadActual   8: 512 op, 2490.00 ns, 4.8633 ns/op
OverheadActual   9: 512 op, 2620.00 ns, 5.1172 ns/op
OverheadActual  10: 512 op, 2760.00 ns, 5.3906 ns/op
OverheadActual  11: 512 op, 5480.00 ns, 10.7031 ns/op
OverheadActual  12: 512 op, 2860.00 ns, 5.5859 ns/op
OverheadActual  13: 512 op, 1830.00 ns, 3.5742 ns/op
OverheadActual  14: 512 op, 2010.00 ns, 3.9258 ns/op
OverheadActual  15: 512 op, 1819.00 ns, 3.5527 ns/op
OverheadActual  16: 512 op, 2000.00 ns, 3.9063 ns/op
OverheadActual  17: 512 op, 1820.00 ns, 3.5547 ns/op
OverheadActual  18: 512 op, 2100.00 ns, 4.1016 ns/op
OverheadActual  19: 512 op, 2360.00 ns, 4.6094 ns/op
OverheadActual  20: 512 op, 1790.00 ns, 3.4961 ns/op

WorkloadWarmup   1: 512 op, 1007445853.00 ns, 1.9677 ms/op
WorkloadWarmup   2: 512 op, 1188437825.00 ns, 2.3212 ms/op
WorkloadWarmup   3: 512 op, 1297544786.00 ns, 2.5343 ms/op

// BeforeActualRun
WorkloadActual   1: 512 op, 1129942430.00 ns, 2.2069 ms/op
WorkloadActual   2: 512 op, 1174905290.00 ns, 2.2947 ms/op
WorkloadActual   3: 512 op, 1023952124.00 ns, 1.9999 ms/op

// AfterActualRun
WorkloadResult   1: 512 op, 1129939900.00 ns, 2.2069 ms/op
WorkloadResult   2: 512 op, 1174902760.00 ns, 2.2947 ms/op
WorkloadResult   3: 512 op, 1023949594.00 ns, 1.9999 ms/op
// GC:  63 62 0 1056079872 512
// Threading:  0 0 512

// AfterAll
// Benchmark Process 184481 has exited with code 0.

Mean = 2.167 ms, StdErr = 0.087 ms (4.03%), N = 3, StdDev = 0.151 ms
Min = 2.000 ms, Q1 = 2.103 ms, Median = 2.207 ms, Q3 = 2.251 ms, Max = 2.295 ms
IQR = 0.147 ms, LowerFence = 1.882 ms, UpperFence = 2.472 ms
ConfidenceInterval = [-0.595 ms; 4.929 ms] (CI 99.9%), Margin = 2.762 ms (127.43% of Mean)
Skewness = -0.24, Kurtosis = 0.67, MValue = 2

// ** Remained 5 (29.4%) benchmark(s) to run. Estimated finish 2026-08-19 8:47 (0h 0m from now) **
// **************************
// Benchmark: SetBenchmarks.Union_MS: ShortRun(IterationCount=3, LaunchCount=1, WarmupCount=3)
// *** Execute ***
// Launch: 1 / 1
// Execute: dotnet Benchmarks-ShortRun-1.dll --anonymousPipes 185 186 --benchmarkName Benchmarks.SetBenchmarks.Union_MS --job ShortRun --benchmarkId 12 in /var/home/linus/Programmering/c#/Set/Benchmarks/bin/Release/net10.0/Benchmarks-ShortRun-1/bin/Release/net10.0
// Failed to set up high priority (Permission denied). In order to run benchmarks with high priority, make sure you have the right permissions.
// BeforeAnythingElse

// Benchmark Process Environment Information:
// BenchmarkDotNet v0.15.8
// Runtime=.NET 10.0.7 (10.0.7, 10.0.726.21808), X64 RyuJIT x86-64-v4
// GC=Concurrent Workstation
// HardwareIntrinsics=AVX512 BITALG+VBMI2+VNNI+VPOPCNTDQ,AVX512 IFMA+VBMI,AVX512 F+BW+CD+DQ+VL,AVX2+BMI1+BMI2+F16C+FMA+LZCNT+MOVBE,AVX,SSE3+SSSE3+SSE4.1+SSE4.2+POPCNT,X86Base+SSE+SSE2,AES+PCLMUL VectorSize=256
// Job: ShortRun(IterationCount=3, LaunchCount=1, WarmupCount=3)

OverheadJitting  1: 1 op, 164119.00 ns, 164.1190 us/op
WorkloadJitting  1: 1 op, 17203694.00 ns, 17.2037 ms/op

OverheadJitting  2: 16 op, 458115.00 ns, 28.6322 us/op
WorkloadJitting  2: 16 op, 178964787.00 ns, 11.1853 ms/op

WorkloadPilot    1: 16 op, 164882027.00 ns, 10.3051 ms/op
WorkloadPilot    2: 32 op, 328225350.00 ns, 10.2570 ms/op
WorkloadPilot    3: 64 op, 612207633.00 ns, 9.5657 ms/op

OverheadWarmup   1: 64 op, 3670.00 ns, 57.3438 ns/op
OverheadWarmup   2: 64 op, 1230.00 ns, 19.2188 ns/op
OverheadWarmup   3: 64 op, 1540.00 ns, 24.0625 ns/op
OverheadWarmup   4: 64 op, 1310.00 ns, 20.4688 ns/op
OverheadWarmup   5: 64 op, 1320.00 ns, 20.6250 ns/op
OverheadWarmup   6: 64 op, 1500.00 ns, 23.4375 ns/op
OverheadWarmup   7: 64 op, 1220.00 ns, 19.0625 ns/op

OverheadActual   1: 64 op, 1620.00 ns, 25.3125 ns/op
OverheadActual   2: 64 op, 1330.00 ns, 20.7813 ns/op
OverheadActual   3: 64 op, 1480.00 ns, 23.1250 ns/op
OverheadActual   4: 64 op, 1190.00 ns, 18.5938 ns/op
OverheadActual   5: 64 op, 1400.00 ns, 21.8750 ns/op
OverheadActual   6: 64 op, 1310.00 ns, 20.4688 ns/op
OverheadActual   7: 64 op, 1890.00 ns, 29.5313 ns/op
OverheadActual   8: 64 op, 1660.00 ns, 25.9375 ns/op
OverheadActual   9: 64 op, 1530.00 ns, 23.9063 ns/op
OverheadActual  10: 64 op, 1520.00 ns, 23.7500 ns/op
OverheadActual  11: 64 op, 1500.00 ns, 23.4375 ns/op
OverheadActual  12: 64 op, 1120.00 ns, 17.5000 ns/op
OverheadActual  13: 64 op, 1040.00 ns, 16.2500 ns/op
OverheadActual  14: 64 op, 950.00 ns, 14.8438 ns/op
OverheadActual  15: 64 op, 990.00 ns, 15.4688 ns/op
OverheadActual  16: 64 op, 930.00 ns, 14.5313 ns/op
OverheadActual  17: 64 op, 910.00 ns, 14.2188 ns/op
OverheadActual  18: 64 op, 870.00 ns, 13.5938 ns/op
OverheadActual  19: 64 op, 1050.00 ns, 16.4063 ns/op
OverheadActual  20: 64 op, 1180.00 ns, 18.4375 ns/op

WorkloadWarmup   1: 64 op, 796096824.00 ns, 12.4390 ms/op
WorkloadWarmup   2: 64 op, 660993699.00 ns, 10.3280 ms/op
WorkloadWarmup   3: 64 op, 616317287.00 ns, 9.6300 ms/op

// BeforeActualRun
WorkloadActual   1: 64 op, 589252284.00 ns, 9.2071 ms/op
WorkloadActual   2: 64 op, 655791038.00 ns, 10.2467 ms/op
WorkloadActual   3: 64 op, 714085636.00 ns, 11.1576 ms/op

// AfterActualRun
WorkloadResult   1: 64 op, 589251034.00 ns, 9.2070 ms/op
WorkloadResult   2: 64 op, 655789788.00 ns, 10.2467 ms/op
WorkloadResult   3: 64 op, 714084386.00 ns, 11.1576 ms/op
// GC:  10 9 0 179264000 64
// Threading:  0 0 64

// AfterAll
// Benchmark Process 184739 has exited with code 0.

Mean = 10.204 ms, StdErr = 0.563 ms (5.52%), N = 3, StdDev = 0.976 ms
Min = 9.207 ms, Q1 = 9.727 ms, Median = 10.247 ms, Q3 = 10.702 ms, Max = 11.158 ms
IQR = 0.975 ms, LowerFence = 8.264 ms, UpperFence = 12.165 ms
ConfidenceInterval = [-7.602 ms; 28.009 ms] (CI 99.9%), Margin = 17.805 ms (174.50% of Mean)
Skewness = -0.04, Kurtosis = 0.67, MValue = 2

// ** Remained 4 (23.5%) benchmark(s) to run. Estimated finish 2026-08-19 8:47 (0h 0m from now) **
// **************************
// Benchmark: SetBenchmarks.Union_LangExt: ShortRun(IterationCount=3, LaunchCount=1, WarmupCount=3)
// *** Execute ***
// Launch: 1 / 1
// Execute: dotnet Benchmarks-ShortRun-1.dll --anonymousPipes 185 186 --benchmarkName Benchmarks.SetBenchmarks.Union_LangExt --job ShortRun --benchmarkId 13 in /var/home/linus/Programmering/c#/Set/Benchmarks/bin/Release/net10.0/Benchmarks-ShortRun-1/bin/Release/net10.0
// Failed to set up high priority (Permission denied). In order to run benchmarks with high priority, make sure you have the right permissions.
// BeforeAnythingElse

// Benchmark Process Environment Information:
// BenchmarkDotNet v0.15.8
// Runtime=.NET 10.0.7 (10.0.7, 10.0.726.21808), X64 RyuJIT x86-64-v4
// GC=Concurrent Workstation
// HardwareIntrinsics=AVX512 BITALG+VBMI2+VNNI+VPOPCNTDQ,AVX512 IFMA+VBMI,AVX512 F+BW+CD+DQ+VL,AVX2+BMI1+BMI2+F16C+FMA+LZCNT+MOVBE,AVX,SSE3+SSSE3+SSE4.1+SSE4.2+POPCNT,X86Base+SSE+SSE2,AES+PCLMUL VectorSize=256
// Job: ShortRun(IterationCount=3, LaunchCount=1, WarmupCount=3)

OverheadJitting  1: 1 op, 146138.00 ns, 146.1380 us/op
WorkloadJitting  1: 1 op, 37066688.00 ns, 37.0667 ms/op

WorkloadPilot    1: 2 op, 57759473.00 ns, 28.8797 ms/op
WorkloadPilot    2: 3 op, 89743400.00 ns, 29.9145 ms/op
WorkloadPilot    3: 4 op, 114425980.00 ns, 28.6065 ms/op
WorkloadPilot    4: 5 op, 104685521.00 ns, 20.9371 ms/op
WorkloadPilot    5: 6 op, 127687279.00 ns, 21.2812 ms/op
WorkloadPilot    6: 7 op, 145995131.00 ns, 20.8564 ms/op
WorkloadPilot    7: 8 op, 164250413.00 ns, 20.5313 ms/op
WorkloadPilot    8: 9 op, 189093581.00 ns, 21.0104 ms/op
WorkloadPilot    9: 10 op, 205610924.00 ns, 20.5611 ms/op
WorkloadPilot   10: 11 op, 242243358.00 ns, 22.0221 ms/op
WorkloadPilot   11: 12 op, 249755752.00 ns, 20.8130 ms/op
WorkloadPilot   12: 13 op, 268453679.00 ns, 20.6503 ms/op
WorkloadPilot   13: 14 op, 286789271.00 ns, 20.4849 ms/op
WorkloadPilot   14: 15 op, 308392365.00 ns, 20.5595 ms/op
WorkloadPilot   15: 16 op, 341021345.00 ns, 21.3138 ms/op
WorkloadPilot   16: 32 op, 664839846.00 ns, 20.7762 ms/op

WorkloadWarmup   1: 32 op, 652463286.00 ns, 20.3895 ms/op
WorkloadWarmup   2: 32 op, 653619423.00 ns, 20.4256 ms/op
WorkloadWarmup   3: 32 op, 644596946.00 ns, 20.1437 ms/op

// BeforeActualRun
WorkloadActual   1: 32 op, 628058574.00 ns, 19.6268 ms/op
WorkloadActual   2: 32 op, 625275425.00 ns, 19.5399 ms/op
WorkloadActual   3: 32 op, 627846786.00 ns, 19.6202 ms/op

// AfterActualRun
WorkloadResult   1: 32 op, 628058574.00 ns, 19.6268 ms/op
WorkloadResult   2: 32 op, 625275425.00 ns, 19.5399 ms/op
WorkloadResult   3: 32 op, 627846786.00 ns, 19.6202 ms/op
// GC:  201 20 0 3376519168 32
// Threading:  0 0 32

// AfterAll
// Benchmark Process 184825 has exited with code 0.

Mean = 19.596 ms, StdErr = 0.028 ms (0.14%), N = 3, StdDev = 0.048 ms
Min = 19.540 ms, Q1 = 19.580 ms, Median = 19.620 ms, Q3 = 19.624 ms, Max = 19.627 ms
IQR = 0.043 ms, LowerFence = 19.515 ms, UpperFence = 19.689 ms
ConfidenceInterval = [18.712 ms; 20.479 ms] (CI 99.9%), Margin = 0.883 ms (4.51% of Mean)
Skewness = -0.38, Kurtosis = 0.67, MValue = 2

// ** Remained 3 (17.6%) benchmark(s) to run. Estimated finish 2026-08-19 8:47 (0h 0m from now) **
// **************************
// Benchmark: SetBenchmarks.Iterate_Champ: ShortRun(IterationCount=3, LaunchCount=1, WarmupCount=3)
// *** Execute ***
// Launch: 1 / 1
// Execute: dotnet Benchmarks-ShortRun-1.dll --anonymousPipes 185 186 --benchmarkName Benchmarks.SetBenchmarks.Iterate_Champ --job ShortRun --benchmarkId 14 in /var/home/linus/Programmering/c#/Set/Benchmarks/bin/Release/net10.0/Benchmarks-ShortRun-1/bin/Release/net10.0
// Failed to set up high priority (Permission denied). In order to run benchmarks with high priority, make sure you have the right permissions.
// BeforeAnythingElse

// Benchmark Process Environment Information:
// BenchmarkDotNet v0.15.8
// Runtime=.NET 10.0.7 (10.0.7, 10.0.726.21808), X64 RyuJIT x86-64-v4
// GC=Concurrent Workstation
// HardwareIntrinsics=AVX512 BITALG+VBMI2+VNNI+VPOPCNTDQ,AVX512 IFMA+VBMI,AVX512 F+BW+CD+DQ+VL,AVX2+BMI1+BMI2+F16C+FMA+LZCNT+MOVBE,AVX,SSE3+SSSE3+SSE4.1+SSE4.2+POPCNT,X86Base+SSE+SSE2,AES+PCLMUL VectorSize=256
// Job: ShortRun(IterationCount=3, LaunchCount=1, WarmupCount=3)

OverheadJitting  1: 1 op, 143998.00 ns, 143.9980 us/op
WorkloadJitting  1: 1 op, 2578161.00 ns, 2.5782 ms/op

OverheadJitting  2: 16 op, 366616.00 ns, 22.9135 us/op
WorkloadJitting  2: 16 op, 6148730.00 ns, 384.2956 us/op

WorkloadPilot    1: 16 op, 5556677.00 ns, 347.2923 us/op
WorkloadPilot    2: 32 op, 11757456.00 ns, 367.4205 us/op
WorkloadPilot    3: 64 op, 22425025.00 ns, 350.3910 us/op
WorkloadPilot    4: 128 op, 44219427.00 ns, 345.4643 us/op
WorkloadPilot    5: 256 op, 81466725.00 ns, 318.2294 us/op
WorkloadPilot    6: 512 op, 151739726.00 ns, 296.3667 us/op
WorkloadPilot    7: 1024 op, 294529273.00 ns, 287.6262 us/op
WorkloadPilot    8: 2048 op, 585769594.00 ns, 286.0203 us/op

OverheadWarmup   1: 2048 op, 5780.00 ns, 2.8223 ns/op
OverheadWarmup   2: 2048 op, 5040.00 ns, 2.4609 ns/op
OverheadWarmup   3: 2048 op, 4570.00 ns, 2.2314 ns/op
OverheadWarmup   4: 2048 op, 4350.00 ns, 2.1240 ns/op
OverheadWarmup   5: 2048 op, 4340.00 ns, 2.1191 ns/op
OverheadWarmup   6: 2048 op, 4560.00 ns, 2.2266 ns/op
OverheadWarmup   7: 2048 op, 4710.00 ns, 2.2998 ns/op
OverheadWarmup   8: 2048 op, 4320.00 ns, 2.1094 ns/op
OverheadWarmup   9: 2048 op, 4679.00 ns, 2.2847 ns/op
OverheadWarmup  10: 2048 op, 4400.00 ns, 2.1484 ns/op

OverheadActual   1: 2048 op, 4450.00 ns, 2.1729 ns/op
OverheadActual   2: 2048 op, 4790.00 ns, 2.3389 ns/op
OverheadActual   3: 2048 op, 3279.00 ns, 1.6011 ns/op
OverheadActual   4: 2048 op, 3480.00 ns, 1.6992 ns/op
OverheadActual   5: 2048 op, 3430.00 ns, 1.6748 ns/op
OverheadActual   6: 2048 op, 3330.00 ns, 1.6260 ns/op
OverheadActual   7: 2048 op, 3630.00 ns, 1.7725 ns/op
OverheadActual   8: 2048 op, 4150.00 ns, 2.0264 ns/op
OverheadActual   9: 2048 op, 3790.00 ns, 1.8506 ns/op
OverheadActual  10: 2048 op, 3510.00 ns, 1.7139 ns/op
OverheadActual  11: 2048 op, 3920.00 ns, 1.9141 ns/op
OverheadActual  12: 2048 op, 2530.00 ns, 1.2354 ns/op
OverheadActual  13: 2048 op, 2660.00 ns, 1.2988 ns/op
OverheadActual  14: 2048 op, 2740.00 ns, 1.3379 ns/op
OverheadActual  15: 2048 op, 2770.00 ns, 1.3525 ns/op
OverheadActual  16: 2048 op, 2610.00 ns, 1.2744 ns/op
OverheadActual  17: 2048 op, 2810.00 ns, 1.3721 ns/op
OverheadActual  18: 2048 op, 2680.00 ns, 1.3086 ns/op
OverheadActual  19: 2048 op, 2630.00 ns, 1.2842 ns/op
OverheadActual  20: 2048 op, 2810.00 ns, 1.3721 ns/op

WorkloadWarmup   1: 2048 op, 586237968.00 ns, 286.2490 us/op
WorkloadWarmup   2: 2048 op, 585900173.00 ns, 286.0841 us/op
WorkloadWarmup   3: 2048 op, 586999190.00 ns, 286.6207 us/op

// BeforeActualRun
WorkloadActual   1: 2048 op, 596816078.00 ns, 291.4141 us/op
WorkloadActual   2: 2048 op, 605212263.00 ns, 295.5138 us/op
WorkloadActual   3: 2048 op, 600331258.00 ns, 293.1305 us/op

// AfterActualRun
WorkloadResult   1: 2048 op, 596812773.50 ns, 291.4125 us/op
WorkloadResult   2: 2048 op, 605208958.50 ns, 295.5122 us/op
WorkloadResult   3: 2048 op, 600327953.50 ns, 293.1289 us/op
// GC:  0 0 0 0 2048
// Threading:  0 0 2048

// AfterAll
// Benchmark Process 184920 has exited with code 0.

Mean = 293.351 μs, StdErr = 1.189 μs (0.41%), N = 3, StdDev = 2.059 μs
Min = 291.412 μs, Q1 = 292.271 μs, Median = 293.129 μs, Q3 = 294.321 μs, Max = 295.512 μs
IQR = 2.050 μs, LowerFence = 289.196 μs, UpperFence = 297.395 μs
ConfidenceInterval = [255.790 μs; 330.913 μs] (CI 99.9%), Margin = 37.561 μs (12.80% of Mean)
Skewness = 0.11, Kurtosis = 0.67, MValue = 2

// ** Remained 2 (11.8%) benchmark(s) to run. Estimated finish 2026-08-19 8:47 (0h 0m from now) **
// **************************
// Benchmark: SetBenchmarks.Iterate_MS: ShortRun(IterationCount=3, LaunchCount=1, WarmupCount=3)
// *** Execute ***
// Launch: 1 / 1
// Execute: dotnet Benchmarks-ShortRun-1.dll --anonymousPipes 185 186 --benchmarkName Benchmarks.SetBenchmarks.Iterate_MS --job ShortRun --benchmarkId 15 in /var/home/linus/Programmering/c#/Set/Benchmarks/bin/Release/net10.0/Benchmarks-ShortRun-1/bin/Release/net10.0
// Failed to set up high priority (Permission denied). In order to run benchmarks with high priority, make sure you have the right permissions.
// BeforeAnythingElse

// Benchmark Process Environment Information:
// BenchmarkDotNet v0.15.8
// Runtime=.NET 10.0.7 (10.0.7, 10.0.726.21808), X64 RyuJIT x86-64-v4
// GC=Concurrent Workstation
// HardwareIntrinsics=AVX512 BITALG+VBMI2+VNNI+VPOPCNTDQ,AVX512 IFMA+VBMI,AVX512 F+BW+CD+DQ+VL,AVX2+BMI1+BMI2+F16C+FMA+LZCNT+MOVBE,AVX,SSE3+SSSE3+SSE4.1+SSE4.2+POPCNT,X86Base+SSE+SSE2,AES+PCLMUL VectorSize=256
// Job: ShortRun(IterationCount=3, LaunchCount=1, WarmupCount=3)

OverheadJitting  1: 1 op, 157948.00 ns, 157.9480 us/op
WorkloadJitting  1: 1 op, 8758550.00 ns, 8.7586 ms/op

OverheadJitting  2: 16 op, 373376.00 ns, 23.3360 us/op
WorkloadJitting  2: 16 op, 30460464.00 ns, 1.9038 ms/op

WorkloadPilot    1: 16 op, 27876894.00 ns, 1.7423 ms/op
WorkloadPilot    2: 32 op, 61371153.00 ns, 1.9178 ms/op
WorkloadPilot    3: 64 op, 93412189.00 ns, 1.4596 ms/op
WorkloadPilot    4: 128 op, 188834235.00 ns, 1.4753 ms/op
WorkloadPilot    5: 256 op, 301868680.00 ns, 1.1792 ms/op
WorkloadPilot    6: 512 op, 602684261.00 ns, 1.1771 ms/op

OverheadWarmup   1: 512 op, 3930.00 ns, 7.6758 ns/op
OverheadWarmup   2: 512 op, 1570.00 ns, 3.0664 ns/op
OverheadWarmup   3: 512 op, 1510.00 ns, 2.9492 ns/op
OverheadWarmup   4: 512 op, 2000.00 ns, 3.9063 ns/op
OverheadWarmup   5: 512 op, 1540.00 ns, 3.0078 ns/op
OverheadWarmup   6: 512 op, 1830.00 ns, 3.5742 ns/op
OverheadWarmup   7: 512 op, 1420.00 ns, 2.7734 ns/op

OverheadActual   1: 512 op, 1700.00 ns, 3.3203 ns/op
OverheadActual   2: 512 op, 1540.00 ns, 3.0078 ns/op
OverheadActual   3: 512 op, 1420.00 ns, 2.7734 ns/op
OverheadActual   4: 512 op, 1570.00 ns, 3.0664 ns/op
OverheadActual   5: 512 op, 1780.00 ns, 3.4766 ns/op
OverheadActual   6: 512 op, 1590.00 ns, 3.1055 ns/op
OverheadActual   7: 512 op, 1530.00 ns, 2.9883 ns/op
OverheadActual   8: 512 op, 1390.00 ns, 2.7148 ns/op
OverheadActual   9: 512 op, 1270.00 ns, 2.4805 ns/op
OverheadActual  10: 512 op, 1650.00 ns, 3.2227 ns/op
OverheadActual  11: 512 op, 1390.00 ns, 2.7148 ns/op
OverheadActual  12: 512 op, 1440.00 ns, 2.8125 ns/op
OverheadActual  13: 512 op, 1760.00 ns, 3.4375 ns/op
OverheadActual  14: 512 op, 1570.00 ns, 3.0664 ns/op
OverheadActual  15: 512 op, 1690.00 ns, 3.3008 ns/op
OverheadActual  16: 512 op, 4380.00 ns, 8.5547 ns/op
OverheadActual  17: 512 op, 1370.00 ns, 2.6758 ns/op
OverheadActual  18: 512 op, 1770.00 ns, 3.4570 ns/op
OverheadActual  19: 512 op, 1390.00 ns, 2.7148 ns/op
OverheadActual  20: 512 op, 1560.00 ns, 3.0469 ns/op

WorkloadWarmup   1: 512 op, 591148333.00 ns, 1.1546 ms/op
WorkloadWarmup   2: 512 op, 597729528.00 ns, 1.1674 ms/op
WorkloadWarmup   3: 512 op, 604177625.00 ns, 1.1800 ms/op

// BeforeActualRun
WorkloadActual   1: 512 op, 599007243.00 ns, 1.1699 ms/op
WorkloadActual   2: 512 op, 598822696.00 ns, 1.1696 ms/op
WorkloadActual   3: 512 op, 598068874.00 ns, 1.1681 ms/op

// AfterActualRun
WorkloadResult   1: 512 op, 599005678.00 ns, 1.1699 ms/op
WorkloadResult   2: 512 op, 598821131.00 ns, 1.1696 ms/op
WorkloadResult   3: 512 op, 598067309.00 ns, 1.1681 ms/op
// GC:  0 0 0 0 512
// Threading:  0 0 512

// AfterAll
// Benchmark Process 184966 has exited with code 0.

Mean = 1.169 ms, StdErr = 0.001 ms (0.05%), N = 3, StdDev = 0.001 ms
Min = 1.168 ms, Q1 = 1.169 ms, Median = 1.170 ms, Q3 = 1.170 ms, Max = 1.170 ms
IQR = 0.001 ms, LowerFence = 1.167 ms, UpperFence = 1.171 ms
ConfidenceInterval = [1.151 ms; 1.187 ms] (CI 99.9%), Margin = 0.018 ms (1.52% of Mean)
Skewness = -0.33, Kurtosis = 0.67, MValue = 2

// ** Remained 1 (5.9%) benchmark(s) to run. Estimated finish 2026-08-19 8:47 (0h 0m from now) **
// **************************
// Benchmark: SetBenchmarks.Iterate_LangExt: ShortRun(IterationCount=3, LaunchCount=1, WarmupCount=3)
// *** Execute ***
// Launch: 1 / 1
// Execute: dotnet Benchmarks-ShortRun-1.dll --anonymousPipes 185 186 --benchmarkName Benchmarks.SetBenchmarks.Iterate_LangExt --job ShortRun --benchmarkId 16 in /var/home/linus/Programmering/c#/Set/Benchmarks/bin/Release/net10.0/Benchmarks-ShortRun-1/bin/Release/net10.0
// Failed to set up high priority (Permission denied). In order to run benchmarks with high priority, make sure you have the right permissions.
// BeforeAnythingElse

// Benchmark Process Environment Information:
// BenchmarkDotNet v0.15.8
// Runtime=.NET 10.0.7 (10.0.7, 10.0.726.21808), X64 RyuJIT x86-64-v4
// GC=Concurrent Workstation
// HardwareIntrinsics=AVX512 BITALG+VBMI2+VNNI+VPOPCNTDQ,AVX512 IFMA+VBMI,AVX512 F+BW+CD+DQ+VL,AVX2+BMI1+BMI2+F16C+FMA+LZCNT+MOVBE,AVX,SSE3+SSSE3+SSE4.1+SSE4.2+POPCNT,X86Base+SSE+SSE2,AES+PCLMUL VectorSize=256
// Job: ShortRun(IterationCount=3, LaunchCount=1, WarmupCount=3)

OverheadJitting  1: 1 op, 161368.00 ns, 161.3680 us/op
WorkloadJitting  1: 1 op, 13905682.00 ns, 13.9057 ms/op

OverheadJitting  2: 16 op, 364956.00 ns, 22.8098 us/op
WorkloadJitting  2: 16 op, 115837394.00 ns, 7.2398 ms/op

WorkloadPilot    1: 16 op, 26257952.00 ns, 1.6411 ms/op
WorkloadPilot    2: 32 op, 49616857.00 ns, 1.5505 ms/op
WorkloadPilot    3: 64 op, 101347278.00 ns, 1.5836 ms/op
WorkloadPilot    4: 128 op, 187227002.00 ns, 1.4627 ms/op
WorkloadPilot    5: 256 op, 367168308.00 ns, 1.4343 ms/op
WorkloadPilot    6: 512 op, 732889112.00 ns, 1.4314 ms/op

OverheadWarmup   1: 512 op, 3640.00 ns, 7.1094 ns/op
OverheadWarmup   2: 512 op, 1710.00 ns, 3.3398 ns/op
OverheadWarmup   3: 512 op, 1930.00 ns, 3.7695 ns/op
OverheadWarmup   4: 512 op, 1740.00 ns, 3.3984 ns/op
OverheadWarmup   5: 512 op, 2190.00 ns, 4.2773 ns/op
OverheadWarmup   6: 512 op, 2070.00 ns, 4.0430 ns/op

OverheadActual   1: 512 op, 1700.00 ns, 3.3203 ns/op
OverheadActual   2: 512 op, 1730.00 ns, 3.3789 ns/op
OverheadActual   3: 512 op, 1890.00 ns, 3.6914 ns/op
OverheadActual   4: 512 op, 1599.00 ns, 3.1230 ns/op
OverheadActual   5: 512 op, 2100.00 ns, 4.1016 ns/op
OverheadActual   6: 512 op, 1850.00 ns, 3.6133 ns/op
OverheadActual   7: 512 op, 1820.00 ns, 3.5547 ns/op
OverheadActual   8: 512 op, 1520.00 ns, 2.9688 ns/op
OverheadActual   9: 512 op, 1540.00 ns, 3.0078 ns/op
OverheadActual  10: 512 op, 1990.00 ns, 3.8867 ns/op
OverheadActual  11: 512 op, 8930.00 ns, 17.4414 ns/op
OverheadActual  12: 512 op, 1740.00 ns, 3.3984 ns/op
OverheadActual  13: 512 op, 1760.00 ns, 3.4375 ns/op
OverheadActual  14: 512 op, 1630.00 ns, 3.1836 ns/op
OverheadActual  15: 512 op, 1670.00 ns, 3.2617 ns/op
OverheadActual  16: 512 op, 1890.00 ns, 3.6914 ns/op
OverheadActual  17: 512 op, 1570.00 ns, 3.0664 ns/op
OverheadActual  18: 512 op, 1720.00 ns, 3.3594 ns/op
OverheadActual  19: 512 op, 1760.00 ns, 3.4375 ns/op
OverheadActual  20: 512 op, 1840.00 ns, 3.5938 ns/op

WorkloadWarmup   1: 512 op, 733570784.00 ns, 1.4328 ms/op
WorkloadWarmup   2: 512 op, 724704255.00 ns, 1.4154 ms/op
WorkloadWarmup   3: 512 op, 717023003.00 ns, 1.4004 ms/op

// BeforeActualRun
WorkloadActual   1: 512 op, 734156497.00 ns, 1.4339 ms/op
WorkloadActual   2: 512 op, 724899722.00 ns, 1.4158 ms/op
WorkloadActual   3: 512 op, 719100808.00 ns, 1.4045 ms/op

// AfterActualRun
WorkloadResult   1: 512 op, 734154747.00 ns, 1.4339 ms/op
WorkloadResult   2: 512 op, 724897972.00 ns, 1.4158 ms/op
WorkloadResult   3: 512 op, 719099058.00 ns, 1.4045 ms/op
// GC:  66 0 0 1108377600 512
// Threading:  0 0 512

// AfterAll
// Benchmark Process 185003 has exited with code 0.

Mean = 1.418 ms, StdErr = 0.009 ms (0.60%), N = 3, StdDev = 0.015 ms
Min = 1.404 ms, Q1 = 1.410 ms, Median = 1.416 ms, Q3 = 1.425 ms, Max = 1.434 ms
IQR = 0.015 ms, LowerFence = 1.388 ms, UpperFence = 1.447 ms
ConfidenceInterval = [1.147 ms; 1.689 ms] (CI 99.9%), Margin = 0.271 ms (19.08% of Mean)
Skewness = 0.15, Kurtosis = 0.67, MValue = 2

// ** Remained 0 (0.0%) benchmark(s) to run. Estimated finish 2026-08-19 8:47 (0h 0m from now) **
// ***** BenchmarkRunner: Finish  *****

// * Export *
  BenchmarkDotNet.Artifacts/results/Benchmarks.SetBenchmarks-report.csv
  BenchmarkDotNet.Artifacts/results/Benchmarks.SetBenchmarks-report-github.md
  BenchmarkDotNet.Artifacts/results/Benchmarks.SetBenchmarks-report.html

// * Detailed results *
SetBenchmarks.Add_Champ: ShortRun(IterationCount=3, LaunchCount=1, WarmupCount=3)
Runtime = .NET 10.0.7 (10.0.7, 10.0.726.21808), X64 RyuJIT x86-64-v4; GC = Concurrent Workstation
Mean = 12.127 ms, StdErr = 0.042 ms (0.34%), N = 3, StdDev = 0.072 ms
Min = 12.069 ms, Q1 = 12.087 ms, Median = 12.104 ms, Q3 = 12.156 ms, Max = 12.208 ms
IQR = 0.069 ms, LowerFence = 11.982 ms, UpperFence = 12.260 ms
ConfidenceInterval = [10.808 ms; 13.447 ms] (CI 99.9%), Margin = 1.320 ms (10.88% of Mean)
Skewness = 0.29, Kurtosis = 0.67, MValue = 2
-------------------- Histogram --------------------
[12.003 ms ; 12.274 ms) | @@@
---------------------------------------------------

SetBenchmarks.Add_MS: ShortRun(IterationCount=3, LaunchCount=1, WarmupCount=3)
Runtime = .NET 10.0.7 (10.0.7, 10.0.726.21808), X64 RyuJIT x86-64-v4; GC = Concurrent Workstation
Mean = 28.075 ms, StdErr = 0.222 ms (0.79%), N = 3, StdDev = 0.384 ms
Min = 27.796 ms, Q1 = 27.856 ms, Median = 27.916 ms, Q3 = 28.215 ms, Max = 28.514 ms
IQR = 0.359 ms, LowerFence = 27.318 ms, UpperFence = 28.753 ms
ConfidenceInterval = [21.063 ms; 35.087 ms] (CI 99.9%), Margin = 7.012 ms (24.98% of Mean)
Skewness = 0.34, Kurtosis = 0.67, MValue = 2
-------------------- Histogram --------------------
[27.447 ms ; 28.206 ms) | @@
[28.206 ms ; 28.863 ms) | @
---------------------------------------------------

SetBenchmarks.Add_LangExt: ShortRun(IterationCount=3, LaunchCount=1, WarmupCount=3)
Runtime = .NET 10.0.7 (10.0.7, 10.0.726.21808), X64 RyuJIT x86-64-v4; GC = Concurrent Workstation
Mean = 22.149 ms, StdErr = 0.096 ms (0.43%), N = 3, StdDev = 0.166 ms
Min = 22.018 ms, Q1 = 22.056 ms, Median = 22.094 ms, Q3 = 22.214 ms, Max = 22.335 ms
IQR = 0.158 ms, LowerFence = 21.818 ms, UpperFence = 22.452 ms
ConfidenceInterval = [19.129 ms; 25.169 ms] (CI 99.9%), Margin = 3.020 ms (13.63% of Mean)
Skewness = 0.3, Kurtosis = 0.67, MValue = 2
-------------------- Histogram --------------------
[21.867 ms ; 22.486 ms) | @@@
---------------------------------------------------

SetBenchmarks.Builder_Champ: ShortRun(IterationCount=3, LaunchCount=1, WarmupCount=3)
Runtime = .NET 10.0.7 (10.0.7, 10.0.726.21808), X64 RyuJIT x86-64-v4; GC = Concurrent Workstation
Mean = 4.315 ms, StdErr = 0.018 ms (0.42%), N = 3, StdDev = 0.031 ms
Min = 4.281 ms, Q1 = 4.302 ms, Median = 4.324 ms, Q3 = 4.332 ms, Max = 4.341 ms
IQR = 0.030 ms, LowerFence = 4.257 ms, UpperFence = 4.378 ms
ConfidenceInterval = [3.749 ms; 4.881 ms] (CI 99.9%), Margin = 0.566 ms (13.11% of Mean)
Skewness = -0.25, Kurtosis = 0.67, MValue = 2
-------------------- Histogram --------------------
[4.253 ms ; 4.369 ms) | @@@
---------------------------------------------------

SetBenchmarks.Builder_MS: ShortRun(IterationCount=3, LaunchCount=1, WarmupCount=3)
Runtime = .NET 10.0.7 (10.0.7, 10.0.726.21808), X64 RyuJIT x86-64-v4; GC = Concurrent Workstation
Mean = 8.455 ms, StdErr = 0.005 ms (0.06%), N = 3, StdDev = 0.008 ms
Min = 8.447 ms, Q1 = 8.451 ms, Median = 8.454 ms, Q3 = 8.459 ms, Max = 8.464 ms
IQR = 0.008 ms, LowerFence = 8.438 ms, UpperFence = 8.472 ms
ConfidenceInterval = [8.300 ms; 8.610 ms] (CI 99.9%), Margin = 0.155 ms (1.83% of Mean)
Skewness = 0.07, Kurtosis = 0.67, MValue = 2
-------------------- Histogram --------------------
[8.439 ms ; 8.471 ms) | @@@
---------------------------------------------------

SetBenchmarks.Remove_Champ: ShortRun(IterationCount=3, LaunchCount=1, WarmupCount=3)
Runtime = .NET 10.0.7 (10.0.7, 10.0.726.21808), X64 RyuJIT x86-64-v4; GC = Concurrent Workstation
Mean = 12.455 ms, StdErr = 0.125 ms (1.00%), N = 3, StdDev = 0.216 ms
Min = 12.224 ms, Q1 = 12.356 ms, Median = 12.488 ms, Q3 = 12.571 ms, Max = 12.653 ms
IQR = 0.214 ms, LowerFence = 12.035 ms, UpperFence = 12.893 ms
ConfidenceInterval = [8.508 ms; 16.403 ms] (CI 99.9%), Margin = 3.947 ms (31.69% of Mean)
Skewness = -0.15, Kurtosis = 0.67, MValue = 2
-------------------- Histogram --------------------
[12.027 ms ; 12.374 ms) | @
[12.374 ms ; 12.768 ms) | @@
---------------------------------------------------

SetBenchmarks.Remove_MS: ShortRun(IterationCount=3, LaunchCount=1, WarmupCount=3)
Runtime = .NET 10.0.7 (10.0.7, 10.0.726.21808), X64 RyuJIT x86-64-v4; GC = Concurrent Workstation
Mean = 18.364 ms, StdErr = 0.137 ms (0.75%), N = 3, StdDev = 0.238 ms
Min = 18.185 ms, Q1 = 18.230 ms, Median = 18.274 ms, Q3 = 18.454 ms, Max = 18.634 ms
IQR = 0.224 ms, LowerFence = 17.893 ms, UpperFence = 18.791 ms
ConfidenceInterval = [14.031 ms; 22.698 ms] (CI 99.9%), Margin = 4.334 ms (23.60% of Mean)
Skewness = 0.32, Kurtosis = 0.67, MValue = 2
-------------------- Histogram --------------------
[18.013 ms ; 18.446 ms) | @@
[18.446 ms ; 18.850 ms) | @
---------------------------------------------------

SetBenchmarks.Remove_LangExt: ShortRun(IterationCount=3, LaunchCount=1, WarmupCount=3)
Runtime = .NET 10.0.7 (10.0.7, 10.0.726.21808), X64 RyuJIT x86-64-v4; GC = Concurrent Workstation
Mean = 18.092 ms, StdErr = 0.261 ms (1.44%), N = 3, StdDev = 0.453 ms
Min = 17.609 ms, Q1 = 17.886 ms, Median = 18.163 ms, Q3 = 18.334 ms, Max = 18.506 ms
IQR = 0.448 ms, LowerFence = 17.213 ms, UpperFence = 19.007 ms
ConfidenceInterval = [9.836 ms; 26.349 ms] (CI 99.9%), Margin = 8.256 ms (45.63% of Mean)
Skewness = -0.15, Kurtosis = 0.67, MValue = 2
-------------------- Histogram --------------------
[17.197 ms ; 17.922 ms) | @
[17.922 ms ; 18.746 ms) | @@
---------------------------------------------------

SetBenchmarks.Contains_Champ: ShortRun(IterationCount=3, LaunchCount=1, WarmupCount=3)
Runtime = .NET 10.0.7 (10.0.7, 10.0.726.21808), X64 RyuJIT x86-64-v4; GC = Concurrent Workstation
Mean = 774.116 μs, StdErr = 1.498 μs (0.19%), N = 3, StdDev = 2.594 μs
Min = 771.125 μs, Q1 = 773.290 μs, Median = 775.456 μs, Q3 = 775.611 μs, Max = 775.766 μs
IQR = 2.320 μs, LowerFence = 769.810 μs, UpperFence = 779.091 μs
ConfidenceInterval = [726.784 μs; 821.447 μs] (CI 99.9%), Margin = 47.331 μs (6.11% of Mean)
Skewness = -0.38, Kurtosis = 0.67, MValue = 2
-------------------- Histogram --------------------
[771.085 μs ; 775.807 μs) | @@@
---------------------------------------------------

SetBenchmarks.Contains_MS: ShortRun(IterationCount=3, LaunchCount=1, WarmupCount=3)
Runtime = .NET 10.0.7 (10.0.7, 10.0.726.21808), X64 RyuJIT x86-64-v4; GC = Concurrent Workstation
Mean = 2.961 ms, StdErr = 0.027 ms (0.91%), N = 3, StdDev = 0.046 ms
Min = 2.933 ms, Q1 = 2.934 ms, Median = 2.935 ms, Q3 = 2.975 ms, Max = 3.015 ms
IQR = 0.041 ms, LowerFence = 2.873 ms, UpperFence = 3.036 ms
ConfidenceInterval = [2.114 ms; 3.808 ms] (CI 99.9%), Margin = 0.847 ms (28.60% of Mean)
Skewness = 0.38, Kurtosis = 0.67, MValue = 2
-------------------- Histogram --------------------
[2.932 ms ; 3.016 ms) | @@@
---------------------------------------------------

SetBenchmarks.Contains_LangExt: ShortRun(IterationCount=3, LaunchCount=1, WarmupCount=3)
Runtime = .NET 10.0.7 (10.0.7, 10.0.726.21808), X64 RyuJIT x86-64-v4; GC = Concurrent Workstation
Mean = 1.720 ms, StdErr = 0.008 ms (0.47%), N = 3, StdDev = 0.014 ms
Min = 1.708 ms, Q1 = 1.712 ms, Median = 1.715 ms, Q3 = 1.725 ms, Max = 1.735 ms
IQR = 0.014 ms, LowerFence = 1.691 ms, UpperFence = 1.746 ms
ConfidenceInterval = [1.462 ms; 1.977 ms] (CI 99.9%), Margin = 0.257 ms (14.97% of Mean)
Skewness = 0.28, Kurtosis = 0.67, MValue = 2
-------------------- Histogram --------------------
[1.695 ms ; 1.748 ms) | @@@
---------------------------------------------------

SetBenchmarks.Merge_Champ: ShortRun(IterationCount=3, LaunchCount=1, WarmupCount=3)
Runtime = .NET 10.0.7 (10.0.7, 10.0.726.21808), X64 RyuJIT x86-64-v4; GC = Concurrent Workstation
Mean = 2.167 ms, StdErr = 0.087 ms (4.03%), N = 3, StdDev = 0.151 ms
Min = 2.000 ms, Q1 = 2.103 ms, Median = 2.207 ms, Q3 = 2.251 ms, Max = 2.295 ms
IQR = 0.147 ms, LowerFence = 1.882 ms, UpperFence = 2.472 ms
ConfidenceInterval = [-0.595 ms; 4.929 ms] (CI 99.9%), Margin = 2.762 ms (127.43% of Mean)
Skewness = -0.24, Kurtosis = 0.67, MValue = 2
-------------------- Histogram --------------------
[1.862 ms ; 2.113 ms) | @
[2.113 ms ; 2.432 ms) | @@
---------------------------------------------------

SetBenchmarks.Union_MS: ShortRun(IterationCount=3, LaunchCount=1, WarmupCount=3)
Runtime = .NET 10.0.7 (10.0.7, 10.0.726.21808), X64 RyuJIT x86-64-v4; GC = Concurrent Workstation
Mean = 10.204 ms, StdErr = 0.563 ms (5.52%), N = 3, StdDev = 0.976 ms
Min = 9.207 ms, Q1 = 9.727 ms, Median = 10.247 ms, Q3 = 10.702 ms, Max = 11.158 ms
IQR = 0.975 ms, LowerFence = 8.264 ms, UpperFence = 12.165 ms
ConfidenceInterval = [-7.602 ms; 28.009 ms] (CI 99.9%), Margin = 17.805 ms (174.50% of Mean)
Skewness = -0.04, Kurtosis = 0.67, MValue = 2
-------------------- Histogram --------------------
[8.319 ms ;  9.814 ms) | @
[9.814 ms ; 11.590 ms) | @@
---------------------------------------------------

SetBenchmarks.Union_LangExt: ShortRun(IterationCount=3, LaunchCount=1, WarmupCount=3)
Runtime = .NET 10.0.7 (10.0.7, 10.0.726.21808), X64 RyuJIT x86-64-v4; GC = Concurrent Workstation
Mean = 19.596 ms, StdErr = 0.028 ms (0.14%), N = 3, StdDev = 0.048 ms
Min = 19.540 ms, Q1 = 19.580 ms, Median = 19.620 ms, Q3 = 19.624 ms, Max = 19.627 ms
IQR = 0.043 ms, LowerFence = 19.515 ms, UpperFence = 19.689 ms
ConfidenceInterval = [18.712 ms; 20.479 ms] (CI 99.9%), Margin = 0.883 ms (4.51% of Mean)
Skewness = -0.38, Kurtosis = 0.67, MValue = 2
-------------------- Histogram --------------------
[19.539 ms ; 19.627 ms) | @@@
---------------------------------------------------

SetBenchmarks.Iterate_Champ: ShortRun(IterationCount=3, LaunchCount=1, WarmupCount=3)
Runtime = .NET 10.0.7 (10.0.7, 10.0.726.21808), X64 RyuJIT x86-64-v4; GC = Concurrent Workstation
Mean = 293.351 μs, StdErr = 1.189 μs (0.41%), N = 3, StdDev = 2.059 μs
Min = 291.412 μs, Q1 = 292.271 μs, Median = 293.129 μs, Q3 = 294.321 μs, Max = 295.512 μs
IQR = 2.050 μs, LowerFence = 289.196 μs, UpperFence = 297.395 μs
ConfidenceInterval = [255.790 μs; 330.913 μs] (CI 99.9%), Margin = 37.561 μs (12.80% of Mean)
Skewness = 0.11, Kurtosis = 0.67, MValue = 2
-------------------- Histogram --------------------
[289.539 μs ; 297.386 μs) | @@@
---------------------------------------------------

SetBenchmarks.Iterate_MS: ShortRun(IterationCount=3, LaunchCount=1, WarmupCount=3)
Runtime = .NET 10.0.7 (10.0.7, 10.0.726.21808), X64 RyuJIT x86-64-v4; GC = Concurrent Workstation
Mean = 1.169 ms, StdErr = 0.001 ms (0.05%), N = 3, StdDev = 0.001 ms
Min = 1.168 ms, Q1 = 1.169 ms, Median = 1.170 ms, Q3 = 1.170 ms, Max = 1.170 ms
IQR = 0.001 ms, LowerFence = 1.167 ms, UpperFence = 1.171 ms
ConfidenceInterval = [1.151 ms; 1.187 ms] (CI 99.9%), Margin = 0.018 ms (1.52% of Mean)
Skewness = -0.33, Kurtosis = 0.67, MValue = 2
-------------------- Histogram --------------------
[1.167 ms ; 1.171 ms) | @@@
---------------------------------------------------

SetBenchmarks.Iterate_LangExt: ShortRun(IterationCount=3, LaunchCount=1, WarmupCount=3)
Runtime = .NET 10.0.7 (10.0.7, 10.0.726.21808), X64 RyuJIT x86-64-v4; GC = Concurrent Workstation
Mean = 1.418 ms, StdErr = 0.009 ms (0.60%), N = 3, StdDev = 0.015 ms
Min = 1.404 ms, Q1 = 1.410 ms, Median = 1.416 ms, Q3 = 1.425 ms, Max = 1.434 ms
IQR = 0.015 ms, LowerFence = 1.388 ms, UpperFence = 1.447 ms
ConfidenceInterval = [1.147 ms; 1.689 ms] (CI 99.9%), Margin = 0.271 ms (19.08% of Mean)
Skewness = 0.15, Kurtosis = 0.67, MValue = 2
-------------------- Histogram --------------------
[1.396 ms ; 1.447 ms) | @@@
---------------------------------------------------

// * Summary *

BenchmarkDotNet v0.15.8, Linux Fedora Linux 44 (Container Image)
AMD Ryzen 9 7900 3.02GHz, 1 CPU, 24 logical and 12 physical cores
.NET SDK 10.0.107
  [Host]   : .NET 10.0.7 (10.0.7, 10.0.726.21808), X64 RyuJIT x86-64-v4
  ShortRun : .NET 10.0.7 (10.0.7, 10.0.726.21808), X64 RyuJIT x86-64-v4

Job=ShortRun  IterationCount=3  LaunchCount=1  
WarmupCount=3  

| Method           | Mean        | Error        | StdDev    | Ratio | RatioSD | Gen0      | Gen1      | Gen2    | Allocated   | Alloc Ratio |
|----------------- |------------:|-------------:|----------:|------:|--------:|----------:|----------:|--------:|------------:|------------:|
| Add_Champ        | 12,127.2 μs |  1,319.54 μs |  72.33 μs |  1.00 |    0.01 | 5281.2500 | 1671.8750 | 31.2500 |  87875610 B |        1.00 |
| Add_MS           | 28,075.2 μs |  7,012.27 μs | 384.37 μs |  2.32 |    0.03 | 5906.2500 |  937.5000 | 62.5000 |  98260068 B |        1.12 |
| Add_LangExt      | 22,148.8 μs |  3,019.84 μs | 165.53 μs |  1.83 |    0.02 | 7437.5000 | 1437.5000 | 62.5000 | 123452462 B |        1.40 |
| Builder_Champ    |  4,315.2 μs |    565.90 μs |  31.02 μs |  0.36 |    0.00 |  898.4375 |  554.6875 |       - |  15099432 B |        0.17 |
| Builder_MS       |  8,455.0 μs |    154.51 μs |   8.47 μs |  0.70 |    0.00 |  328.1250 |  312.5000 |       - |   5600048 B |        0.06 |
| Remove_Champ     | 12,455.3 μs |  3,947.40 μs | 216.37 μs |  1.03 |    0.02 | 5218.7500 |  812.5000 |       - |  87478064 B |        1.00 |
| Remove_MS        | 18,364.2 μs |  4,333.56 μs | 237.54 μs |  1.51 |    0.02 | 4093.7500 |         - |       - |  68941168 B |        0.78 |
| Remove_LangExt   | 18,092.5 μs |  8,256.32 μs | 452.56 μs |  1.49 |    0.03 | 5750.0000 |  750.0000 | 31.2500 |  96139542 B |        1.09 |
| Contains_Champ   |    774.1 μs |     47.33 μs |   2.59 μs |  0.06 |    0.00 |         - |         - |       - |           - |        0.00 |
| Contains_MS      |  2,961.0 μs |    846.97 μs |  46.43 μs |  0.24 |    0.00 |         - |         - |       - |           - |        0.00 |
| Contains_LangExt |  1,719.6 μs |    257.43 μs |  14.11 μs |  0.14 |    0.00 |         - |         - |       - |           - |        0.00 |
| Merge_Champ      |  2,167.2 μs |  2,761.69 μs | 151.38 μs |  0.18 |    0.01 |  123.0469 |  121.0938 |       - |   2062656 B |        0.02 |
| Union_MS         | 10,203.8 μs | 17,805.31 μs | 975.97 μs |  0.84 |    0.07 |  156.2500 |  140.6250 |       - |   2801000 B |        0.03 |
| Union_LangExt    | 19,595.6 μs |    883.30 μs |  48.42 μs |  1.62 |    0.01 | 6281.2500 |  625.0000 |       - | 105516224 B |        1.20 |
| Iterate_Champ    |    293.4 μs |     37.56 μs |   2.06 μs |  0.02 |    0.00 |         - |         - |       - |           - |        0.00 |
| Iterate_MS       |  1,169.2 μs |     17.71 μs |   0.97 μs |  0.10 |    0.00 |         - |         - |       - |           - |        0.00 |
| Iterate_LangExt  |  1,418.1 μs |    270.58 μs |  14.83 μs |  0.12 |    0.00 |  128.9063 |         - |       - |   2164800 B |        0.02 |

// * Legends *
  Mean        : Arithmetic mean of all measurements
  Error       : Half of 99.9% confidence interval
  StdDev      : Standard deviation of all measurements
  Ratio       : Mean of the ratio distribution ([Current]/[Baseline])
  RatioSD     : Standard deviation of the ratio distribution ([Current]/[Baseline])
  Gen0        : GC Generation 0 collects per 1000 operations
  Gen1        : GC Generation 1 collects per 1000 operations
  Gen2        : GC Generation 2 collects per 1000 operations
  Allocated   : Allocated memory per single operation (managed only, inclusive, 1KB = 1024B)
  Alloc Ratio : Allocated memory ratio distribution ([Current]/[Baseline])
  1 μs        : 1 Microsecond (0.000001 sec)

// * Diagnostic Output - MemoryDiagnoser *


// ***** BenchmarkRunner: End *****
Run time: 00:02:23 (143.11 sec), executed benchmarks: 17

Global total time: 00:02:29 (149.66 sec), executed benchmarks: 17
// * Artifacts cleanup *
Artifacts cleanup is finished
