// Validating benchmarks:
// ***** BenchmarkRunner: Start   *****
// ***** Found 17 benchmark(s) in total *****
// ***** Building 1 exe(s) in Parallel: Start   *****
// start dotnet  restore --nodeReuse:false /p:UseSharedCompilation=false /p:Deterministic=true /p:Optimize=true /p:ArtifactsPath="/var/home/linus/Programmering/c#/Set/Benchmarks/bin/Release/net10.0/Benchmarks-DefaultJob-1/" /p:OutDir="/var/home/linus/Programmering/c#/Set/Benchmarks/bin/Release/net10.0/Benchmarks-DefaultJob-1/bin/Release/net10.0/" /p:OutputPath="/var/home/linus/Programmering/c#/Set/Benchmarks/bin/Release/net10.0/Benchmarks-DefaultJob-1/bin/Release/net10.0/" /p:PublishDir="/var/home/linus/Programmering/c#/Set/Benchmarks/bin/Release/net10.0/Benchmarks-DefaultJob-1/publish/" in /var/home/linus/Programmering/c#/Set/Benchmarks/bin/Release/net10.0/Benchmarks-DefaultJob-1
// command took 0.73 sec and exited with 0
// start dotnet  build -c Release --no-restore --nodeReuse:false /p:UseSharedCompilation=false /p:Deterministic=true /p:Optimize=true /p:ArtifactsPath="/var/home/linus/Programmering/c#/Set/Benchmarks/bin/Release/net10.0/Benchmarks-DefaultJob-1/" /p:OutDir="/var/home/linus/Programmering/c#/Set/Benchmarks/bin/Release/net10.0/Benchmarks-DefaultJob-1/bin/Release/net10.0/" /p:OutputPath="/var/home/linus/Programmering/c#/Set/Benchmarks/bin/Release/net10.0/Benchmarks-DefaultJob-1/bin/Release/net10.0/" /p:PublishDir="/var/home/linus/Programmering/c#/Set/Benchmarks/bin/Release/net10.0/Benchmarks-DefaultJob-1/publish/" --output "/var/home/linus/Programmering/c#/Set/Benchmarks/bin/Release/net10.0/Benchmarks-DefaultJob-1/bin/Release/net10.0/" in /var/home/linus/Programmering/c#/Set/Benchmarks/bin/Release/net10.0/Benchmarks-DefaultJob-1
// command took 5.62 sec and exited with 0
// ***** Done, took 00:00:06 (6.38 sec)   *****
// Found 17 benchmarks:
//   SetBenchmarks.Add_Champ: DefaultJob
//   SetBenchmarks.Add_MS: DefaultJob
//   SetBenchmarks.Add_LangExt: DefaultJob
//   SetBenchmarks.Builder_Champ: DefaultJob
//   SetBenchmarks.Builder_MS: DefaultJob
//   SetBenchmarks.Remove_Champ: DefaultJob
//   SetBenchmarks.Remove_MS: DefaultJob
//   SetBenchmarks.Remove_LangExt: DefaultJob
//   SetBenchmarks.Contains_Champ: DefaultJob
//   SetBenchmarks.Contains_MS: DefaultJob
//   SetBenchmarks.Contains_LangExt: DefaultJob
//   SetBenchmarks.Merge_Champ: DefaultJob
//   SetBenchmarks.Union_MS: DefaultJob
//   SetBenchmarks.Union_LangExt: DefaultJob
//   SetBenchmarks.Iterate_Champ: DefaultJob
//   SetBenchmarks.Iterate_MS: DefaultJob
//   SetBenchmarks.Iterate_LangExt: DefaultJob

// **************************
// Benchmark: SetBenchmarks.Add_Champ: DefaultJob
// *** Execute ***
// Launch: 1 / 1
// Execute: dotnet Benchmarks-DefaultJob-1.dll --anonymousPipes 181 182 --benchmarkName Benchmarks.SetBenchmarks.Add_Champ --job Default --benchmarkId 0 in /var/home/linus/Programmering/c#/Set/Benchmarks/bin/Release/net10.0/Benchmarks-DefaultJob-1/bin/Release/net10.0
// Failed to set up high priority (Permission denied). In order to run benchmarks with high priority, make sure you have the right permissions.
// BeforeAnythingElse

// Benchmark Process Environment Information:
// BenchmarkDotNet v0.15.8
// Runtime=.NET 10.0.7 (10.0.7, 10.0.726.21808), X64 RyuJIT x86-64-v4
// GC=Concurrent Workstation
// HardwareIntrinsics=AVX512 BITALG+VBMI2+VNNI+VPOPCNTDQ,AVX512 IFMA+VBMI,AVX512 F+BW+CD+DQ+VL,AVX2+BMI1+BMI2+F16C+FMA+LZCNT+MOVBE,AVX,SSE3+SSSE3+SSE4.1+SSE4.2+POPCNT,X86Base+SSE+SSE2,AES+PCLMUL VectorSize=256
// Job: DefaultJob

OverheadJitting  1: 1 op, 160668.00 ns, 160.6680 us/op
WorkloadJitting  1: 1 op, 16243002.00 ns, 16.2430 ms/op

OverheadJitting  2: 16 op, 515287.00 ns, 32.2054 us/op
WorkloadJitting  2: 16 op, 194181023.00 ns, 12.1363 ms/op

WorkloadPilot    1: 16 op, 192092016.00 ns, 12.0058 ms/op
WorkloadPilot    2: 32 op, 416883093.00 ns, 13.0276 ms/op
WorkloadPilot    3: 64 op, 787764606.00 ns, 12.3088 ms/op

OverheadWarmup   1: 64 op, 2860.00 ns, 44.6875 ns/op
OverheadWarmup   2: 64 op, 1570.00 ns, 24.5313 ns/op
OverheadWarmup   3: 64 op, 1240.00 ns, 19.3750 ns/op
OverheadWarmup   4: 64 op, 1420.00 ns, 22.1875 ns/op
OverheadWarmup   5: 64 op, 1270.00 ns, 19.8438 ns/op
OverheadWarmup   6: 64 op, 1200.00 ns, 18.7500 ns/op
OverheadWarmup   7: 64 op, 1340.00 ns, 20.9375 ns/op
OverheadWarmup   8: 64 op, 1520.00 ns, 23.7500 ns/op
OverheadWarmup   9: 64 op, 1250.00 ns, 19.5313 ns/op

OverheadActual   1: 64 op, 1110.00 ns, 17.3438 ns/op
OverheadActual   2: 64 op, 1240.00 ns, 19.3750 ns/op
OverheadActual   3: 64 op, 1470.00 ns, 22.9688 ns/op
OverheadActual   4: 64 op, 1260.00 ns, 19.6875 ns/op
OverheadActual   5: 64 op, 1250.00 ns, 19.5313 ns/op
OverheadActual   6: 64 op, 1210.00 ns, 18.9063 ns/op
OverheadActual   7: 64 op, 1080.00 ns, 16.8750 ns/op
OverheadActual   8: 64 op, 1240.00 ns, 19.3750 ns/op
OverheadActual   9: 64 op, 1170.00 ns, 18.2813 ns/op
OverheadActual  10: 64 op, 1380.00 ns, 21.5625 ns/op
OverheadActual  11: 64 op, 1640.00 ns, 25.6250 ns/op
OverheadActual  12: 64 op, 1260.00 ns, 19.6875 ns/op
OverheadActual  13: 64 op, 8780.00 ns, 137.1875 ns/op
OverheadActual  14: 64 op, 990.00 ns, 15.4688 ns/op
OverheadActual  15: 64 op, 910.00 ns, 14.2188 ns/op
OverheadActual  16: 64 op, 1210.00 ns, 18.9063 ns/op
OverheadActual  17: 64 op, 900.00 ns, 14.0625 ns/op
OverheadActual  18: 64 op, 1100.00 ns, 17.1875 ns/op
OverheadActual  19: 64 op, 680.00 ns, 10.6250 ns/op
OverheadActual  20: 64 op, 740.00 ns, 11.5625 ns/op

WorkloadWarmup   1: 64 op, 786649714.00 ns, 12.2914 ms/op
WorkloadWarmup   2: 64 op, 786524734.00 ns, 12.2894 ms/op
WorkloadWarmup   3: 64 op, 778136715.00 ns, 12.1584 ms/op
WorkloadWarmup   4: 64 op, 776389165.00 ns, 12.1311 ms/op
WorkloadWarmup   5: 64 op, 796657853.00 ns, 12.4478 ms/op
WorkloadWarmup   6: 64 op, 815672207.00 ns, 12.7449 ms/op
WorkloadWarmup   7: 64 op, 817379937.00 ns, 12.7716 ms/op
WorkloadWarmup   8: 64 op, 807072329.00 ns, 12.6105 ms/op
WorkloadWarmup   9: 64 op, 805441480.00 ns, 12.5850 ms/op
WorkloadWarmup  10: 64 op, 795648698.00 ns, 12.4320 ms/op
WorkloadWarmup  11: 64 op, 790505920.00 ns, 12.3517 ms/op
WorkloadWarmup  12: 64 op, 808156643.00 ns, 12.6274 ms/op
WorkloadWarmup  13: 64 op, 846385831.00 ns, 13.2248 ms/op
WorkloadWarmup  14: 64 op, 797992794.00 ns, 12.4686 ms/op

// BeforeActualRun
WorkloadActual   1: 64 op, 786230026.00 ns, 12.2848 ms/op
WorkloadActual   2: 64 op, 792794656.00 ns, 12.3874 ms/op
WorkloadActual   3: 64 op, 783478602.00 ns, 12.2419 ms/op
WorkloadActual   4: 64 op, 807502047.00 ns, 12.6172 ms/op
WorkloadActual   5: 64 op, 793471142.00 ns, 12.3980 ms/op
WorkloadActual   6: 64 op, 789969023.00 ns, 12.3433 ms/op
WorkloadActual   7: 64 op, 784328147.00 ns, 12.2551 ms/op
WorkloadActual   8: 64 op, 799501585.00 ns, 12.4922 ms/op
WorkloadActual   9: 64 op, 787527168.00 ns, 12.3051 ms/op
WorkloadActual  10: 64 op, 783218594.00 ns, 12.2378 ms/op
WorkloadActual  11: 64 op, 804237546.00 ns, 12.5662 ms/op
WorkloadActual  12: 64 op, 777174710.00 ns, 12.1434 ms/op
WorkloadActual  13: 64 op, 794871434.00 ns, 12.4199 ms/op
WorkloadActual  14: 64 op, 779467738.00 ns, 12.1792 ms/op
WorkloadActual  15: 64 op, 822926311.00 ns, 12.8582 ms/op

// AfterActualRun
WorkloadResult   1: 64 op, 786228816.00 ns, 12.2848 ms/op
WorkloadResult   2: 64 op, 792793446.00 ns, 12.3874 ms/op
WorkloadResult   3: 64 op, 783477392.00 ns, 12.2418 ms/op
WorkloadResult   4: 64 op, 807500837.00 ns, 12.6172 ms/op
WorkloadResult   5: 64 op, 793469932.00 ns, 12.3980 ms/op
WorkloadResult   6: 64 op, 789967813.00 ns, 12.3432 ms/op
WorkloadResult   7: 64 op, 784326937.00 ns, 12.2551 ms/op
WorkloadResult   8: 64 op, 799500375.00 ns, 12.4922 ms/op
WorkloadResult   9: 64 op, 787525958.00 ns, 12.3051 ms/op
WorkloadResult  10: 64 op, 783217384.00 ns, 12.2378 ms/op
WorkloadResult  11: 64 op, 804236336.00 ns, 12.5662 ms/op
WorkloadResult  12: 64 op, 777173500.00 ns, 12.1433 ms/op
WorkloadResult  13: 64 op, 794870224.00 ns, 12.4198 ms/op
WorkloadResult  14: 64 op, 779466528.00 ns, 12.1792 ms/op
// GC:  338 108 2 5624039208 64
// Threading:  0 0 64

// AfterAll
// Benchmark Process 182158 has exited with code 0.

Mean = 12.348 ms, StdErr = 0.038 ms (0.31%), N = 14, StdDev = 0.141 ms
Min = 12.143 ms, Q1 = 12.245 ms, Median = 12.324 ms, Q3 = 12.414 ms, Max = 12.617 ms
IQR = 0.169 ms, LowerFence = 11.991 ms, UpperFence = 12.668 ms
ConfidenceInterval = [12.189 ms; 12.507 ms] (CI 99.9%), Margin = 0.159 ms (1.29% of Mean)
Skewness = 0.42, Kurtosis = 1.98, MValue = 2

// ** Remained 16 (94.1%) benchmark(s) to run. Estimated finish 2026-08-19 8:51 (0h 7m from now) **
// **************************
// Benchmark: SetBenchmarks.Add_MS: DefaultJob
// *** Execute ***
// Launch: 1 / 1
// Execute: dotnet Benchmarks-DefaultJob-1.dll --anonymousPipes 181 182 --benchmarkName Benchmarks.SetBenchmarks.Add_MS --job Default --benchmarkId 1 in /var/home/linus/Programmering/c#/Set/Benchmarks/bin/Release/net10.0/Benchmarks-DefaultJob-1/bin/Release/net10.0
// Failed to set up high priority (Permission denied). In order to run benchmarks with high priority, make sure you have the right permissions.
// BeforeAnythingElse

// Benchmark Process Environment Information:
// BenchmarkDotNet v0.15.8
// Runtime=.NET 10.0.7 (10.0.7, 10.0.726.21808), X64 RyuJIT x86-64-v4
// GC=Concurrent Workstation
// HardwareIntrinsics=AVX512 BITALG+VBMI2+VNNI+VPOPCNTDQ,AVX512 IFMA+VBMI,AVX512 F+BW+CD+DQ+VL,AVX2+BMI1+BMI2+F16C+FMA+LZCNT+MOVBE,AVX,SSE3+SSSE3+SSE4.1+SSE4.2+POPCNT,X86Base+SSE+SSE2,AES+PCLMUL VectorSize=256
// Job: DefaultJob

OverheadJitting  1: 1 op, 158778.00 ns, 158.7780 us/op
WorkloadJitting  1: 1 op, 34882664.00 ns, 34.8827 ms/op

WorkloadPilot    1: 2 op, 58808681.00 ns, 29.4043 ms/op
WorkloadPilot    2: 3 op, 87573122.00 ns, 29.1910 ms/op
WorkloadPilot    3: 4 op, 116207624.00 ns, 29.0519 ms/op
WorkloadPilot    4: 5 op, 147998617.00 ns, 29.5997 ms/op
WorkloadPilot    5: 6 op, 178476503.00 ns, 29.7461 ms/op
WorkloadPilot    6: 7 op, 206822147.00 ns, 29.5460 ms/op
WorkloadPilot    7: 8 op, 237855228.00 ns, 29.7319 ms/op
WorkloadPilot    8: 9 op, 266398661.00 ns, 29.5999 ms/op
WorkloadPilot    9: 10 op, 293659287.00 ns, 29.3659 ms/op
WorkloadPilot   10: 11 op, 319512814.00 ns, 29.0466 ms/op
WorkloadPilot   11: 12 op, 328869317.00 ns, 27.4058 ms/op
WorkloadPilot   12: 13 op, 361480622.00 ns, 27.8062 ms/op
WorkloadPilot   13: 14 op, 388557070.00 ns, 27.7541 ms/op
WorkloadPilot   14: 15 op, 414047822.00 ns, 27.6032 ms/op
WorkloadPilot   15: 16 op, 469390085.00 ns, 29.3369 ms/op
WorkloadPilot   16: 32 op, 942898121.00 ns, 29.4656 ms/op

WorkloadWarmup   1: 32 op, 946604535.00 ns, 29.5814 ms/op
WorkloadWarmup   2: 32 op, 950358321.00 ns, 29.6987 ms/op
WorkloadWarmup   3: 32 op, 930090130.00 ns, 29.0653 ms/op
WorkloadWarmup   4: 32 op, 926067488.00 ns, 28.9396 ms/op
WorkloadWarmup   5: 32 op, 929301598.00 ns, 29.0407 ms/op
WorkloadWarmup   6: 32 op, 929155349.00 ns, 29.0361 ms/op

// BeforeActualRun
WorkloadActual   1: 32 op, 938142005.00 ns, 29.3169 ms/op
WorkloadActual   2: 32 op, 936499610.00 ns, 29.2656 ms/op
WorkloadActual   3: 32 op, 937040235.00 ns, 29.2825 ms/op
WorkloadActual   4: 32 op, 941874320.00 ns, 29.4336 ms/op
WorkloadActual   5: 32 op, 937281683.00 ns, 29.2901 ms/op
WorkloadActual   6: 32 op, 966536989.00 ns, 30.2043 ms/op
WorkloadActual   7: 32 op, 933717887.00 ns, 29.1787 ms/op
WorkloadActual   8: 32 op, 932974233.00 ns, 29.1554 ms/op
WorkloadActual   9: 32 op, 932793995.00 ns, 29.1498 ms/op
WorkloadActual  10: 32 op, 929968671.00 ns, 29.0615 ms/op
WorkloadActual  11: 32 op, 940638051.00 ns, 29.3949 ms/op
WorkloadActual  12: 32 op, 955992668.00 ns, 29.8748 ms/op
WorkloadActual  13: 32 op, 947672686.00 ns, 29.6148 ms/op
WorkloadActual  14: 32 op, 929080909.00 ns, 29.0338 ms/op
WorkloadActual  15: 32 op, 959465516.00 ns, 29.9833 ms/op

// AfterActualRun
WorkloadResult   1: 32 op, 938142005.00 ns, 29.3169 ms/op
WorkloadResult   2: 32 op, 936499610.00 ns, 29.2656 ms/op
WorkloadResult   3: 32 op, 937040235.00 ns, 29.2825 ms/op
WorkloadResult   4: 32 op, 941874320.00 ns, 29.4336 ms/op
WorkloadResult   5: 32 op, 937281683.00 ns, 29.2901 ms/op
WorkloadResult   6: 32 op, 933717887.00 ns, 29.1787 ms/op
WorkloadResult   7: 32 op, 932974233.00 ns, 29.1554 ms/op
WorkloadResult   8: 32 op, 932793995.00 ns, 29.1498 ms/op
Wo